 nCRP-Gibbs-Sampler

 Timestamp is 5936f776 (Tue Jun  6 14:41:58 2017)

 Preferred load address is 0000000180000000

 Start         Length     Name                   Class
 0001:00000000 000003f0H .text$di                CODE
 0001:000003f0 0000f3b0H .text$mn                CODE
 0001:0000f7a0 00000020H .text$mn$00             CODE
 0001:0000f7c0 000009acH .text$x                 CODE
 0001:0001016c 0000002bH .text$yd                CODE
 0002:00000000 000005d8H .idata$5                DATA
 0002:000005d8 00000010H .00cfg                  DATA
 0002:000005e8 00000008H .CRT$XCA                DATA
 0002:000005f0 00000008H .CRT$XCL                DATA
 0002:000005f8 000001e8H .CRT$XCU                DATA
 0002:000007e0 00000008H .CRT$XCZ                DATA
 0002:000007e8 00000008H .CRT$XIA                DATA
 0002:000007f0 00000008H .CRT$XIC                DATA
 0002:000007f8 00000008H .CRT$XIZ                DATA
 0002:00000800 00000008H .CRT$XLA                DATA
 0002:00000808 00000008H .CRT$XLZ                DATA
 0002:00000810 00000008H .CRT$XPA                DATA
 0002:00000818 00000008H .CRT$XPZ                DATA
 0002:00000820 00000008H .CRT$XTA                DATA
 0002:00000828 00000008H .CRT$XTZ                DATA
 0002:00000830 00000000H .gfids$y                DATA
 0002:00000830 000017b0H .rdata                  DATA
 0002:00001fe0 00000030H .rdata$T                DATA
 0002:00002010 000007ecH .rdata$r                DATA
 0002:000027fc 000003acH .rdata$zzzdbg           DATA
 0002:00002ba8 00000008H .rtc$IAA                DATA
 0002:00002bb0 00000008H .rtc$IZZ                DATA
 0002:00002bb8 00000008H .rtc$TAA                DATA
 0002:00002bc0 00000010H .rtc$TZZ                DATA
 0002:00002bd0 00002820H .xdata                  DATA
 0002:000053f0 000001b0H .xdata$x                DATA
 0002:000055a0 00000058H .edata                  DATA
 0002:000055f8 0000012cH .idata$2                DATA
 0002:00005724 00000014H .idata$3                DATA
 0002:00005738 000005d8H .idata$4                DATA
 0002:00005d10 000019bcH .idata$6                DATA
 0003:00000000 00000040H .data                   DATA
 0003:00000040 000003c0H .data$r                 DATA
 0003:00000400 00000740H .bss                    DATA
 0004:00000000 00001980H .pdata                  DATA
 0005:00000000 00000004H .tls                    DATA
 0005:00000004 00000004H .tls$                   DATA
 0005:00000008 00000001H .tls$ZZZ                DATA

  Address         Publics by Value              Rva+Base               Lib:Object

 0000:00000000       __guard_iat_count          0000000000000000     <absolute>
 0000:00000000       __guard_iat_table          0000000000000000     <absolute>
 0000:00000000       __guard_longjmp_count      0000000000000000     <absolute>
 0000:00000000       __guard_longjmp_table      0000000000000000     <absolute>
 0000:00000000       __guard_fids_count         0000000000000000     <absolute>
 0000:00000000       ___safe_se_handler_table   0000000000000000     <absolute>
 0000:00000000       ___safe_se_handler_count   0000000000000000     <absolute>
 0000:00000000       __dynamic_value_reloc_table 0000000000000000     <absolute>
 0000:00000000       __guard_fids_table         0000000000000000     <absolute>
 0000:00000100       __guard_flags              0000000000000100     <absolute>
 0000:00000000       __ImageBase                0000000180000000     <linker-defined>
 0001:000003f0       ?get_n_cols@?$eGlue@V?$Col@N@arma@@V12@Veglue_plus@2@@arma@@QEBAIXZ 00000001800013f0 f   Gaussian.obj
 0001:000003f0       ?get_n_rows@?$eOp@V?$eOp@V?$Row@N@arma@@Veop_scalar_minus_post@2@@arma@@Veop_exp@2@@arma@@QEBAIXZ 00000001800013f0 f   GibbsSampler.obj
 0001:000003f0       ?get_n_rows@?$Proxy@V?$Op@V?$Row@N@arma@@Vop_cumsum_default@2@@arma@@@arma@@QEBAIXZ 00000001800013f0 f   GibbsSampler.obj
 0001:000003f0       ?get_n_cols@?$eGlue@V?$Col@N@arma@@V12@Veglue_minus@2@@arma@@QEBAIXZ 00000001800013f0 f   Gaussian.obj
 0001:000003f0       ?get_n_cols@?$eOp@V?$eOp@V?$Col@N@arma@@Veop_scalar_minus_pre@2@@arma@@Veop_scalar_div_post@2@@arma@@QEBAIXZ 00000001800013f0 f   Gaussian.obj
 0001:000003f0       ?get_n_rows@?$eOp@V?$Row@N@arma@@Veop_scalar_div_post@2@@arma@@QEBAIXZ 00000001800013f0 f   GibbsSampler.obj
 0001:000003f0       _get_startup_argv_mode     00000001800013f0 f   MSVCRT:argv_mode.obj
 0001:000003f0       ?get_n_cols@?$eOp@V?$Col@N@arma@@Veop_scalar_div_post@2@@arma@@QEBAIXZ 00000001800013f0 f   Gaussian.obj
 0001:000003f0       DllMain                    00000001800013f0 f   dllmain.obj
 0001:000003f0       ?get_n_cols@?$eOp@V?$Col@N@arma@@Veop_scalar_times@2@@arma@@QEBAIXZ 00000001800013f0 f   Gaussian.obj
 0001:00000400       ?pow@@YANNH@Z              0000000180001400 f i Gaussian.obj
 0001:00000410       ??0exception@std@@QEAA@QEBD@Z 0000000180001410 f i Gaussian.obj
 0001:00000460       ??0exception@std@@QEAA@QEBDH@Z 0000000180001460 f i Gaussian.obj
 0001:00000480       ??0exception@std@@QEAA@AEBV01@@Z 0000000180001480 f i Gaussian.obj
 0001:000004c0       ??1exception@std@@UEAA@XZ  00000001800014c0 f i Gaussian.obj
 0001:000004e0       ?what@exception@std@@UEBAPEBDXZ 00000001800014e0 f i Gaussian.obj
 0001:00000500       ??_Gexception@std@@UEAAPEAXI@Z 0000000180001500 f i Gaussian.obj
 0001:00000500       ??_Eexception@std@@UEAAPEAXI@Z 0000000180001500 f i * CIL library *:* CIL module *
 0001:00000540       ??0bad_alloc@std@@QEAA@XZ  0000000180001540 f i Gaussian.obj
 0001:00000570       ??_Ebad_alloc@std@@UEAAPEAXI@Z 0000000180001570 f i * CIL library *:* CIL module *
 0001:00000570       ??_Eruntime_error@std@@UEAAPEAXI@Z 0000000180001570 f i * CIL library *:* CIL module *
 0001:00000570       ??_Gbad_cast@std@@UEAAPEAXI@Z 0000000180001570 f i GibbsSampler.obj
 0001:00000570       ??_Ebad_cast@std@@UEAAPEAXI@Z 0000000180001570 f i * CIL library *:* CIL module *
 0001:00000570       ??_Gruntime_error@std@@UEAAPEAXI@Z 0000000180001570 f i Gaussian.obj
 0001:00000570       ??_Gbad_alloc@std@@UEAAPEAXI@Z 0000000180001570 f i Gaussian.obj
 0001:000005b0       ??1bad_alloc@std@@UEAA@XZ  00000001800015b0 f i Gaussian.obj
 0001:000005b0       ??1bad_cast@std@@UEAA@XZ   00000001800015b0 f i GibbsSampler.obj
 0001:000005b0       ??1runtime_error@std@@UEAA@XZ 00000001800015b0 f i Gaussian.obj
 0001:000005c0       ??2@YAPEAX_KPEAX@Z         00000001800015c0 f i Gaussian.obj
 0001:000005d0       ?length@?$char_traits@D@std@@SA_KQEBD@Z 00000001800015d0 f i Gaussian.obj
 0001:000005e0       ?copy@?$char_traits@D@std@@SAPEADQEADQEBD_K@Z 00000001800015e0 f i Gaussian.obj
 0001:00000600       ?move@?$char_traits@D@std@@SAPEADQEADQEBD_K@Z 0000000180001600 f i Gaussian.obj
 0001:00000610       ?assign@?$char_traits@D@std@@SAXAEADAEBD@Z 0000000180001610 f i Gaussian.obj
 0001:00000620       ?eq@?$char_traits@D@std@@SA_NAEBD0@Z 0000000180001620 f i Gaussian.obj
 0001:00000630       ?to_int_type@?$char_traits@D@std@@SAHAEBD@Z 0000000180001630 f i Gaussian.obj
 0001:00000630       ?to_char_type@?$char_traits@D@std@@SADAEBH@Z 0000000180001630 f i Gaussian.obj
 0001:00000640       ?eq_int_type@?$char_traits@D@std@@SA_NAEBH0@Z 0000000180001640 f i Gaussian.obj
 0001:00000650       ?not_eof@?$char_traits@D@std@@SAHAEBH@Z 0000000180001650 f i Gaussian.obj
 0001:00000670       ?eof@?$char_traits@D@std@@SAHXZ 0000000180001670 f i Gaussian.obj
 0001:00000680       ?_Allocate@std@@YAPEAX_K0_N@Z 0000000180001680 f i Gaussian.obj
 0001:000006e0       ?_Deallocate@std@@YAXPEAX_K1@Z 00000001800016e0 f i Gaussian.obj
 0001:00000740       ??0runtime_error@std@@QEAA@AEBV?$basic_string@DU?$char_traits@D@std@@V?$allocator@D@2@@1@@Z 0000000180001740 f i Gaussian.obj
 0001:00000770       ??0runtime_error@std@@QEAA@AEBV01@@Z 0000000180001770 f i Gaussian.obj
 0001:000007a0       ??0gmm_dist_mode@arma@@QEAA@I@Z 00000001800017a0 f i Gaussian.obj
 0001:000007a0       ??0opts@solve_opts@arma@@QEAA@I@Z 00000001800017a0 f i Gaussian.obj
 0001:000007a0       ??0gmm_seed_mode@arma@@QEAA@I@Z 00000001800017a0 f i Gaussian.obj
 0001:000007b0       ??0opts_none@solve_opts@arma@@QEAA@XZ 00000001800017b0 f i Gaussian.obj
 0001:000007d0       ??0gmm_seed_keep_existing@arma@@QEAA@XZ 00000001800017d0 f i Gaussian.obj
 0001:000007d0       ??0gmm_dist_eucl@arma@@QEAA@XZ 00000001800017d0 f i Gaussian.obj
 0001:000007d0       ??0opts_fast@solve_opts@arma@@QEAA@XZ 00000001800017d0 f i Gaussian.obj
 0001:000007f0       ??0gmm_seed_static_subset@arma@@QEAA@XZ 00000001800017f0 f i Gaussian.obj
 0001:000007f0       ??0gmm_dist_maha@arma@@QEAA@XZ 00000001800017f0 f i Gaussian.obj
 0001:000007f0       ??0opts_equilibrate@solve_opts@arma@@QEAA@XZ 00000001800017f0 f i Gaussian.obj
 0001:00000810       ??0opts_no_approx@solve_opts@arma@@QEAA@XZ 0000000180001810 f i Gaussian.obj
 0001:00000810       ??0gmm_seed_random_subset@arma@@QEAA@XZ 0000000180001810 f i Gaussian.obj
 0001:00000830       ??0opts_triu@solve_opts@arma@@QEAA@XZ 0000000180001830 f i Gaussian.obj
 0001:00000850       ??0opts_tril@solve_opts@arma@@QEAA@XZ 0000000180001850 f i Gaussian.obj
 0001:00000870       ??0gmm_seed_static_spread@arma@@QEAA@XZ 0000000180001870 f i Gaussian.obj
 0001:00000870       ??0gmm_dist_prob@arma@@QEAA@XZ 0000000180001870 f i Gaussian.obj
 0001:00000890       ??0gmm_seed_random_spread@arma@@QEAA@XZ 0000000180001890 f i Gaussian.obj
 0001:000008b0       ?get_stream_err2@arma@@YAAEAV?$basic_ostream@DU?$char_traits@D@std@@@std@@XZ 00000001800018b0 f i Gaussian.obj
 0001:000008c0       ??$arma_isfinite@N@arma@@YA_NN@Z 00000001800018c0 f i Gaussian.obj
 0001:00000900       ??$arma_isinf@N@arma@@YA_NN@Z 0000000180001900 f i Gaussian.obj
 0001:00000940       ??0arma_ostream_state@arma@@QEAA@AEBV?$basic_ostream@DU?$char_traits@D@std@@@std@@@Z 0000000180001940 f i Gaussian.obj
 0001:000009b0       ?restore@arma_ostream_state@arma@@QEBAXAEAV?$basic_ostream@DU?$char_traits@D@std@@@std@@@Z 00000001800019b0 f i Gaussian.obj
 0001:00000a20       ??1?$Proxy@V?$Op@V?$Row@N@arma@@Vop_cumsum_default@2@@arma@@@arma@@QEAA@XZ 0000000180001a20 f i GibbsSampler.obj
 0001:00000a20       ??1?$Proxy@V?$mtOp@IV?$Op@V?$Row@N@arma@@Vop_cumsum_default@2@@arma@@Vop_rel_gt_pre@2@@arma@@@arma@@QEAA@XZ 0000000180001a20 f i GibbsSampler.obj
 0001:00000a20       ??1?$Col@N@arma@@QEAA@XZ   0000000180001a20 f i Gaussian.obj
 0001:00000a20       ??1?$Proxy@V?$Glue@V?$Op@V?$Mat@N@arma@@Vop_htrans@2@@arma@@V?$Mat@N@2@Vglue_times@2@@arma@@@arma@@QEAA@XZ 0000000180001a20 f i Gaussian.obj
 0001:00000a20       ??1?$Row@N@arma@@QEAA@XZ   0000000180001a20 f i GibbsSampler.obj
 0001:00000a20       ??1?$Proxy@V?$Glue@V?$eOp@V?$Col@N@arma@@Veop_scalar_times@2@@arma@@V?$Op@V?$Col@N@arma@@Vop_htrans@2@@2@Vglue_times@2@@arma@@@arma@@QEAA@XZ 0000000180001a20 f i Gaussian.obj
 0001:00000a30       ?cholupdate@@YA?AV?$Mat@N@arma@@V12@V?$Col@N@2@@Z 0000000180001a30 f   Gaussian.obj
 0001:00000be0       ?choldowndate@@YA?AV?$Mat@N@arma@@V12@V?$Col@N@2@@Z 0000000180001be0 f   Gaussian.obj
 0001:00000d90       ?ZZ@@YANNNNNV?$Mat@N@arma@@V?$Col@N@2@@Z 0000000180001d90 f   Gaussian.obj
 0001:00001030       ??0Gaussian@@QEAA@XZ       0000000180002030 f   Gaussian.obj
 0001:00001070       ??1Gaussian@@QEAA@XZ       0000000180002070 f   Gaussian.obj
 0001:000010a0       ?init@Gaussian@@QEAAXNNV?$Mat@N@arma@@NV?$Col@N@3@@Z 00000001800020a0 f   Gaussian.obj
 0001:00001280       ?getMu@Gaussian@@QEAA?AV?$Col@N@arma@@XZ 0000000180002280 f   Gaussian.obj
 0001:000012d0       ?getSigma@Gaussian@@QEAA?AV?$Mat@N@arma@@XZ 00000001800022d0 f   Gaussian.obj
 0001:00001420       ?additem@Gaussian@@QEAAXV?$Col@N@arma@@@Z 0000000180002420 f   Gaussian.obj
 0001:00001530       ?delitem@Gaussian@@QEAAXV?$Col@N@arma@@@Z 0000000180002530 f   Gaussian.obj
 0001:00001640       ?logpredictive@Gaussian@@QEAANV?$Col@N@arma@@@Z 0000000180002640 f   Gaussian.obj
 0001:000017d0       ??_D?$basic_ostringstream@DU?$char_traits@D@std@@V?$allocator@D@2@@std@@QEAAXXZ 00000001800027d0 f i Gaussian.obj
 0001:00001800       ?get_ref@?$Base@NV?$eOp@V?$eOp@V?$Row@N@arma@@Veop_scalar_minus_post@2@@arma@@Veop_exp@2@@arma@@@arma@@QEBAAEBV?$eOp@V?$eOp@V?$Row@N@arma@@Veop_scalar_minus_post@2@@arma@@Veop_exp@2@@2@XZ 0000000180002800 f i GibbsSampler.obj
 0001:00001800       ?get_ref@?$Base@NV?$eOp@V?$Col@N@arma@@Veop_scalar_div_post@2@@arma@@@arma@@QEBAAEBV?$eOp@V?$Col@N@arma@@Veop_scalar_div_post@2@@2@XZ 0000000180002800 f i Gaussian.obj
 0001:00001800       ?get_ref@?$Base@NV?$eGlue@V?$eOp@V?$Mat@N@arma@@Veop_scalar_times@2@@arma@@V?$Glue@V?$eOp@V?$Col@N@arma@@Veop_scalar_times@2@@arma@@V?$Op@V?$Col@N@arma@@Vop_htrans@2@@2@Vglue_times@2@@2@Veglue_plus@2@@arma@@@arma@@QEBAAEBV?$eGlue@V?$eOp@V?$Mat@N@arma@@Veop_scalar_times@2@@arma@@V?$Glue@V?$eOp@V?$Col@N@arma@@Veop_scalar_times@2@@arma@@V?$Op@V?$Col@N@arma@@Vop_htrans@2@@2@Vglue_times@2@@2@Veglue_plus@2@@2@XZ 0000000180002800 f i Gaussian.obj
 0001:00001800       ?get_ref@?$Base@NV?$eGlue@V?$Col@N@arma@@V12@Veglue_plus@2@@arma@@@arma@@QEBAAEBV?$eGlue@V?$Col@N@arma@@V12@Veglue_plus@2@@2@XZ 0000000180002800 f i Gaussian.obj
 0001:00001800       ??$forward@AEAPEAD@std@@YAAEAPEADAEAPEAD@Z 0000000180002800 f i Gaussian.obj
 0001:00001800       ??0?$fill_class@Ufill_zeros@fill@arma@@@fill@arma@@QEAA@XZ 0000000180002800 f i Gaussian.obj
 0001:00001800       ?get_ref@?$Base@NV?$subview@N@arma@@@arma@@QEBAAEBV?$subview@N@2@XZ 0000000180002800 f i GibbsSampler.obj
 0001:00001800       ?get_ref@?$Base@NV?$Gen@V?$Col@N@arma@@Vgen_randu@2@@arma@@@arma@@QEBAAEBV?$Gen@V?$Col@N@arma@@Vgen_randu@2@@2@XZ 0000000180002800 f i GibbsSampler.obj
 0001:00001800       ?get_ref@?$Base@NV?$Mat@N@arma@@@arma@@QEBAAEBV?$Mat@N@2@XZ 0000000180002800 f i Gaussian.obj
 0001:00001800       ??$rw@PEBV?$Mat@N@arma@@@access@arma@@SAAEAPEBV?$Mat@N@1@AEBQEBV21@@Z 0000000180002800 f i nCRP-Gibbs-Sampler.obj
 0001:00001800       ??0?$fill_class@Ufill_ones@fill@arma@@@fill@arma@@QEAA@XZ 0000000180002800 f i Gaussian.obj
 0001:00001800       ?get_ref@?$Base@NV?$eGlue@V?$Col@N@arma@@V12@Veglue_minus@2@@arma@@@arma@@QEBAAEBV?$eGlue@V?$Col@N@arma@@V12@Veglue_minus@2@@2@XZ 0000000180002800 f i Gaussian.obj
 0001:00001800       ?get_ref@?$Base@NV?$eOp@V?$eOp@V?$Col@N@arma@@Veop_scalar_minus_pre@2@@arma@@Veop_scalar_div_post@2@@arma@@@arma@@QEBAAEBV?$eOp@V?$eOp@V?$Col@N@arma@@Veop_scalar_minus_pre@2@@arma@@Veop_scalar_div_post@2@@2@XZ 0000000180002800 f i Gaussian.obj
 0001:00001800       ?get_aligned_ea@?$Proxy@V?$Glue@V?$Op@V?$Mat@N@arma@@Vop_htrans@2@@arma@@V?$Mat@N@2@Vglue_times@2@@arma@@@arma@@QEBAAEBV?$Mat@N@2@XZ 0000000180002800 f i Gaussian.obj
 0001:00001800       ??0?$fill_class@Ufill_eye@fill@arma@@@fill@arma@@QEAA@XZ 0000000180002800 f i Gaussian.obj
 0001:00001800       ??$_Unfancy@D@std@@YAPEADPEAD@Z 0000000180002800 f i Gaussian.obj
 0001:00001800       ??$rw@PEBI@access@arma@@SAAEAPEBIAEBQEBI@Z 0000000180002800 f i GibbsSampler.obj
 0001:00001800       ??0?$fill_class@Ufill_randn@fill@arma@@@fill@arma@@QEAA@XZ 0000000180002800 f i Gaussian.obj
 0001:00001800       ??$addressof@D@std@@YAPEADAEAD@Z 0000000180002800 f i Gaussian.obj
 0001:00001800       ??0?$fill_class@Ufill_randu@fill@arma@@@fill@arma@@QEAA@XZ 0000000180002800 f i Gaussian.obj
 0001:00001800       ??$rw@N@access@arma@@SAAEANAEBN@Z 0000000180002800 f i Gaussian.obj
 0001:00001800       ??$rw@G@access@arma@@SAAEAGAEBG@Z 0000000180002800 f i Gaussian.obj
 0001:00001800       ??$rw@PEAPEBV?$Mat@N@arma@@@access@arma@@SAAEAPEAPEBV?$Mat@N@1@AEBQEAPEBV21@@Z 0000000180002800 f i nCRP-Gibbs-Sampler.obj
 0001:00001800       ??$addressof@$$CBV?$basic_string@DU?$char_traits@D@std@@V?$allocator@D@2@@std@@@std@@YAPEBV?$basic_string@DU?$char_traits@D@std@@V?$allocator@D@2@@0@AEBV10@@Z 0000000180002800 f i Gaussian.obj
 0001:00001800       ?_Get_second@?$_Compressed_pair@U?$_Wrap_alloc@V?$allocator@D@std@@@std@@V?$_String_val@U?$_Simple_types@D@std@@@2@$00@std@@QEBAAEBV?$_String_val@U?$_Simple_types@D@std@@@2@XZ 0000000180002800 f i Gaussian.obj
 0001:00001800       ??$rw@PEBN@access@arma@@SAAEAPEBNAEBQEBN@Z 0000000180002800 f i Gaussian.obj
 0001:00001800       ??$rw@I@access@arma@@SAAEAIAEBI@Z 0000000180002800 f i Gaussian.obj
 0001:00001800       ??$addressof@V?$_String_val@U?$_Simple_types@D@std@@@std@@@std@@YAPEAV?$_String_val@U?$_Simple_types@D@std@@@0@AEAV10@@Z 0000000180002800 f i Gaussian.obj
 0001:00001800       ?get_ref@?$Base@NV?$eOp@V?$Row@N@arma@@Veop_scalar_div_post@2@@arma@@@arma@@QEBAAEBV?$eOp@V?$Row@N@arma@@Veop_scalar_div_post@2@@2@XZ 0000000180002800 f i GibbsSampler.obj
 0001:00001800       ?_Get_second@?$_Compressed_pair@U?$_Wrap_alloc@V?$allocator@D@std@@@std@@V?$_String_val@U?$_Simple_types@D@std@@@2@$00@std@@QEAAAEAV?$_String_val@U?$_Simple_types@D@std@@@2@XZ 0000000180002800 f i Gaussian.obj
 0001:00001800       ??$addressof@PEAD@std@@YAPEAPEADAEAPEAD@Z 0000000180002800 f i Gaussian.obj
 0001:00001800       ?get_ref@?$Base@NV?$eOp@V?$Col@N@arma@@Veop_scalar_times@2@@arma@@@arma@@QEBAAEBV?$eOp@V?$Col@N@arma@@Veop_scalar_times@2@@2@XZ 0000000180002800 f i Gaussian.obj
 0001:00001800       ??$move@AEAV?$basic_string@DU?$char_traits@D@std@@V?$allocator@D@2@@std@@@std@@YA$$QEAV?$basic_string@DU?$char_traits@D@std@@V?$allocator@D@2@@0@AEAV10@@Z 0000000180002800 f i Gaussian.obj
 0001:00001800       ??0?$fill_class@Ufill_none@fill@arma@@@fill@arma@@QEAA@XZ 0000000180002800 f i Gaussian.obj
 0001:00001800       ?get_aligned_ea@?$Proxy@V?$Glue@V?$eOp@V?$Col@N@arma@@Veop_scalar_times@2@@arma@@V?$Op@V?$Col@N@arma@@Vop_htrans@2@@2@Vglue_times@2@@arma@@@arma@@QEBAAEBV?$Mat@N@2@XZ 0000000180002800 f i Gaussian.obj
 0001:00001810       ?size@?$basic_string@DU?$char_traits@D@std@@V?$allocator@D@2@@std@@QEBA_KXZ 0000000180002810 f i Gaussian.obj
 0001:00001830       ?c_str@?$basic_string@DU?$char_traits@D@std@@V?$allocator@D@2@@std@@QEBAPEBDXZ 0000000180002830 f i Gaussian.obj
 0001:00001840       ??1?$basic_string@DU?$char_traits@D@std@@V?$allocator@D@2@@std@@QEAA@XZ 0000000180002840 f i Gaussian.obj
 0001:00001850       ??0?$basic_string@DU?$char_traits@D@std@@V?$allocator@D@2@@std@@QEAA@$$QEAV01@@Z 0000000180002850 f i Gaussian.obj
 0001:00001880       ??0?$basic_string@DU?$char_traits@D@std@@V?$allocator@D@2@@std@@QEAA@QEBD@Z 0000000180002880 f i Gaussian.obj
 0001:000018b0       ??0?$basic_string@DU?$char_traits@D@std@@V?$allocator@D@2@@std@@QEAA@QEBD_K@Z 00000001800028b0 f i Gaussian.obj
 0001:000018e0       ??0?$basic_string@DU?$char_traits@D@std@@V?$allocator@D@2@@std@@QEAA@XZ 00000001800028e0 f i Gaussian.obj
 0001:00001900       ?str@?$basic_ostringstream@DU?$char_traits@D@std@@V?$allocator@D@2@@std@@QEBA?AV?$basic_string@DU?$char_traits@D@std@@V?$allocator@D@2@@2@XZ 0000000180002900 f i Gaussian.obj
 0001:00001930       ??1?$basic_ostringstream@DU?$char_traits@D@std@@V?$allocator@D@2@@std@@UEAA@XZ 0000000180002930 f i Gaussian.obj
 0001:00001990       ??0?$basic_ostringstream@DU?$char_traits@D@std@@V?$allocator@D@2@@std@@QEAA@H@Z 0000000180002990 f i Gaussian.obj
 0001:00001a30       ?seekpos@?$basic_stringbuf@DU?$char_traits@D@std@@V?$allocator@D@2@@std@@MEAA?AV?$fpos@U_Mbstatet@@@2@V32@H@Z 0000000180002a30 f i Gaussian.obj
 0001:00001bd0       ?seekoff@?$basic_stringbuf@DU?$char_traits@D@std@@V?$allocator@D@2@@std@@MEAA?AV?$fpos@U_Mbstatet@@@2@_JHH@Z 0000000180002bd0 f i Gaussian.obj
 0001:00001e00       ?underflow@?$basic_stringbuf@DU?$char_traits@D@std@@V?$allocator@D@2@@std@@MEAAHXZ 0000000180002e00 f i Gaussian.obj
 0001:00001f00       ?pbackfail@?$basic_stringbuf@DU?$char_traits@D@std@@V?$allocator@D@2@@std@@MEAAHH@Z 0000000180002f00 f i Gaussian.obj
 0001:00001ff0       ?overflow@?$basic_stringbuf@DU?$char_traits@D@std@@V?$allocator@D@2@@std@@MEAAHH@Z 0000000180002ff0 f i Gaussian.obj
 0001:000022c0       ??1?$basic_stringbuf@DU?$char_traits@D@std@@V?$allocator@D@2@@std@@UEAA@XZ 00000001800032c0 f i Gaussian.obj
 0001:00002300       ??B?$fpos@U_Mbstatet@@@std@@QEBA_JXZ 0000000180003300 f i Gaussian.obj
 0001:00002310       ??_G?$basic_ostringstream@DU?$char_traits@D@std@@V?$allocator@D@2@@std@@UEAAPEAXI@Z 0000000180003310 f i Gaussian.obj
 0001:00002310       ??_E?$basic_ostringstream@DU?$char_traits@D@std@@V?$allocator@D@2@@std@@UEAAPEAXI@Z 0000000180003310 f i * CIL library *:* CIL module *
 0001:00002350       ??_G?$basic_stringbuf@DU?$char_traits@D@std@@V?$allocator@D@2@@std@@UEAAPEAXI@Z 0000000180003350 f i Gaussian.obj
 0001:00002350       ??_E?$basic_stringbuf@DU?$char_traits@D@std@@V?$allocator@D@2@@std@@UEAAPEAXI@Z 0000000180003350 f i * CIL library *:* CIL module *
 0001:00002390       ?pointer_to@?$pointer_traits@PEAD@std@@SAPEADAEAD@Z 0000000180003390 f i Gaussian.obj
 0001:00002390       ?_Get_data@?$_String_alloc@U?$_String_base_types@DV?$allocator@D@std@@@std@@@std@@QEAAAEAV?$_String_val@U?$_Simple_types@D@std@@@2@XZ 0000000180003390 f i Gaussian.obj
 0001:00002390       ?_Get_data@?$_String_alloc@U?$_String_base_types@DV?$allocator@D@std@@@std@@@std@@QEBAAEBV?$_String_val@U?$_Simple_types@D@std@@@2@XZ 0000000180003390 f i Gaussian.obj
 0001:000023a0       ??Bsentry@?$basic_ostream@DU?$char_traits@D@std@@@std@@QEBA_NXZ 00000001800033a0 f i Gaussian.obj
 0001:000023b0       ??1sentry@?$basic_ostream@DU?$char_traits@D@std@@@std@@QEAA@XZ 00000001800033b0 f i Gaussian.obj
 0001:000023f0       ??0sentry@?$basic_ostream@DU?$char_traits@D@std@@@std@@QEAA@AEAV12@@Z 00000001800033f0 f i Gaussian.obj
 0001:00002490       ?_Mysize@?$_String_alloc@U?$_String_base_types@DV?$allocator@D@std@@@std@@@std@@QEAAAEA_KXZ 0000000180003490 f i Gaussian.obj
 0001:00002490       ?_Mysize@?$_String_alloc@U?$_String_base_types@DV?$allocator@D@std@@@std@@@std@@QEBAAEB_KXZ 0000000180003490 f i Gaussian.obj
 0001:000024b0       ??$?0U?$_Wrap_alloc@V?$allocator@D@std@@@std@@X@?$_String_alloc@U?$_String_base_types@DV?$allocator@D@std@@@std@@@std@@QEAA@$$QEAU?$_Wrap_alloc@V?$allocator@D@std@@@1@@Z 00000001800034b0 f i Gaussian.obj
 0001:000024b0       ??0?$_String_alloc@U?$_String_base_types@DV?$allocator@D@std@@@std@@@std@@QEAA@XZ 00000001800034b0 f i Gaussian.obj
 0001:000024d0       ?_Myptr@?$_String_alloc@U?$_String_base_types@DV?$allocator@D@std@@@std@@@std@@QEBAPEBDXZ 00000001800034d0 f i Gaussian.obj
 0001:000024d0       ?_Myptr@?$_String_alloc@U?$_String_base_types@DV?$allocator@D@std@@@std@@@std@@QEAAPEADXZ 00000001800034d0 f i Gaussian.obj
 0001:000024f0       ?_Tidy_deallocate@?$basic_string@DU?$char_traits@D@std@@V?$allocator@D@2@@std@@QEAAXXZ 00000001800034f0 f i Gaussian.obj
 0001:00002550       ?_Tidy_init@?$basic_string@DU?$char_traits@D@std@@V?$allocator@D@2@@std@@QEAAXXZ 0000000180003550 f i Gaussian.obj
 0001:00002580       ?_Eos@?$basic_string@DU?$char_traits@D@std@@V?$allocator@D@2@@std@@QEAAX_K@Z 0000000180003580 f i Gaussian.obj
 0001:000025b0       ?erase@?$basic_string@DU?$char_traits@D@std@@V?$allocator@D@2@@std@@QEAAAEAV12@_K0@Z 00000001800035b0 f i Gaussian.obj
 0001:00002620       ?assign@?$basic_string@DU?$char_traits@D@std@@V?$allocator@D@2@@std@@QEAAAEAV12@QEBD@Z 0000000180003620 f i Gaussian.obj
 0001:00002640       ?assign@?$basic_string@DU?$char_traits@D@std@@V?$allocator@D@2@@std@@QEAAAEAV12@QEBD_K@Z 0000000180003640 f i Gaussian.obj
 0001:000026d0       ?_Assign_rv_contents_with_alloc_always_equal@?$basic_string@DU?$char_traits@D@std@@V?$allocator@D@2@@std@@QEAAX$$QEAV12@U?$integral_constant@_N$00@2@@Z 00000001800036d0 f i Gaussian.obj
 0001:00002720       ?_Tidy@?$basic_stringbuf@DU?$char_traits@D@std@@V?$allocator@D@2@@std@@IEAAXXZ 0000000180003720 f i Gaussian.obj
 0001:000027c0       ?str@?$basic_stringbuf@DU?$char_traits@D@std@@V?$allocator@D@2@@std@@QEBA?AV?$basic_string@DU?$char_traits@D@std@@V?$allocator@D@2@@2@XZ 00000001800037c0 f i Gaussian.obj
 0001:000028f0       ??0?$basic_stringbuf@DU?$char_traits@D@std@@V?$allocator@D@2@@std@@QEAA@H@Z 00000001800038f0 f i Gaussian.obj
 0001:00002940       ?allocate@?$allocator@D@std@@QEAAPEAD_K@Z 0000000180003940 f i Gaussian.obj
 0001:00002950       ?deallocate@?$allocator@D@std@@QEAAXPEAD_K@Z 0000000180003950 f i Gaussian.obj
 0001:00002960       ??0?$fpos@U_Mbstatet@@@std@@QEAA@_J@Z 0000000180003960 f i Gaussian.obj
 0001:00002980       ??1_Sentry_base@?$basic_ostream@DU?$char_traits@D@std@@@std@@QEAA@XZ 0000000180003980 f i Gaussian.obj
 0001:000029d0       ??0_Sentry_base@?$basic_ostream@DU?$char_traits@D@std@@@std@@QEAA@AEAV12@@Z 00000001800039d0 f i Gaussian.obj
 0001:00002a20       ?_Large_string_engaged@?$_String_val@U?$_Simple_types@D@std@@@std@@QEBA_NXZ 0000000180003a20 f i Gaussian.obj
 0001:00002a30       ?_Myptr@?$_String_val@U?$_Simple_types@D@std@@@std@@QEBAPEBDXZ 0000000180003a30 f i Gaussian.obj
 0001:00002a30       ?_Myptr@?$_String_val@U?$_Simple_types@D@std@@@std@@QEAAPEADXZ 0000000180003a30 f i Gaussian.obj
 0001:00002a60       ?deallocate@?$_Wrap_alloc@V?$allocator@D@std@@@std@@QEAAXPEAD_K@Z 0000000180003a60 f i Gaussian.obj
 0001:00002a70       ?_Check_offset@?$basic_string@DU?$char_traits@D@std@@V?$allocator@D@2@@std@@QEBAX_K@Z 0000000180003a70 f i Gaussian.obj
 0001:00002a90       ?_Xlen@?$basic_string@DU?$char_traits@D@std@@V?$allocator@D@2@@std@@SAXXZ 0000000180003a90 f i Gaussian.obj
 0001:00002ab0       ?_Inside@?$basic_string@DU?$char_traits@D@std@@V?$allocator@D@2@@std@@QEBA_NQEBD@Z 0000000180003ab0 f i Gaussian.obj
 0001:00002ae0       ?_Grow@?$basic_string@DU?$char_traits@D@std@@V?$allocator@D@2@@std@@QEAA_N_K@Z 0000000180003ae0 f i Gaussian.obj
 0001:00002b10       ?_Clamp_suffix_size@?$basic_string@DU?$char_traits@D@std@@V?$allocator@D@2@@std@@QEBA_K_K0@Z 0000000180003b10 f i Gaussian.obj
 0001:00002b40       ?assign@?$basic_string@DU?$char_traits@D@std@@V?$allocator@D@2@@std@@QEAAAEAV12@AEBV12@_K_K@Z 0000000180003b40 f i Gaussian.obj
 0001:00002bf0       ?_Getstate@?$basic_stringbuf@DU?$char_traits@D@std@@V?$allocator@D@2@@std@@AEAAHH@Z 0000000180003bf0 f i Gaussian.obj
 0001:00002c30       ?_Init@?$basic_stringbuf@DU?$char_traits@D@std@@V?$allocator@D@2@@std@@IEAAXPEBD_KH@Z 0000000180003c30 f i Gaussian.obj
 0001:00002c40       ?_Myres@?$_String_alloc@U?$_String_base_types@DV?$allocator@D@std@@@std@@@std@@QEAAAEA_KXZ 0000000180003c40 f i Gaussian.obj
 0001:00002c60       ?_Xran@?$basic_string@DU?$char_traits@D@std@@V?$allocator@D@2@@std@@SAXXZ 0000000180003c60 f i Gaussian.obj
 0001:00002c80       ?_Copy@?$basic_string@DU?$char_traits@D@std@@V?$allocator@D@2@@std@@QEAAX_K@Z 0000000180003c80 f i Gaussian.obj
 0001:00002da0       ?erase@?$basic_string@DU?$char_traits@D@std@@V?$allocator@D@2@@std@@QEAAAEAV12@_K@Z 0000000180003da0 f i Gaussian.obj
 0001:00002dd0       ?allocate@?$_Wrap_alloc@V?$allocator@D@std@@@std@@QEAAPEAD_K@Z 0000000180003dd0 f i Gaussian.obj
 0001:00002de0       ?max_size@?$basic_string@DU?$char_traits@D@std@@V?$allocator@D@2@@std@@QEBA_KXZ 0000000180003de0 f i Gaussian.obj
 0001:00002e10       ?max_size@?$_Wrap_alloc@V?$allocator@D@std@@@std@@QEBA_KU_Nil@2@@Z 0000000180003e10 f i Gaussian.obj
 0001:00002e20       ?max_size@?$allocator_traits@V?$allocator@D@std@@@std@@SA_KAEBV?$allocator@D@2@@Z 0000000180003e20 f i Gaussian.obj
 0001:00002e30       ?max_size@?$allocator@D@std@@QEBA_KXZ 0000000180003e30 f i Gaussian.obj
 0001:00002e40       ??1?$Mat@I@arma@@QEAA@XZ   0000000180003e40 f i GibbsSampler.obj
 0001:00002e40       ??1?$Mat@N@arma@@QEAA@XZ   0000000180003e40 f i Gaussian.obj
 0001:00002e80       ??0?$Mat@N@arma@@QEAA@AEBV01@@Z 0000000180003e80 f i Gaussian.obj
 0001:00002ee0       ??0?$Mat@N@arma@@QEAA@XZ   0000000180003ee0 f i Gaussian.obj
 0001:00002f00       ??4?$Mat@N@arma@@QEAAAEBV01@AEBV01@@Z 0000000180003f00 f i Gaussian.obj
 0001:00002f50       ?at@?$Mat@N@arma@@QEAAAEANII@Z 0000000180003f50 f i Gaussian.obj
 0001:00002f50       ??R?$Mat@N@arma@@QEAAAEANII@Z 0000000180003f50 f i Gaussian.obj
 0001:00002f70       ??R?$Mat@N@arma@@QEAAAEANI@Z 0000000180003f70 f i Gaussian.obj
 0001:00002f80       ?get_ea@?$Proxy@V?$Glue@V?$eOp@V?$Col@N@arma@@Veop_scalar_times@2@@arma@@V?$Op@V?$Col@N@arma@@Vop_htrans@2@@2@Vglue_times@2@@arma@@@arma@@QEBAPEBNXZ 0000000180003f80 f i Gaussian.obj
 0001:00002f80       ?get_ea@?$Proxy@V?$Glue@V?$Op@V?$Mat@N@arma@@Vop_htrans@2@@arma@@V?$Mat@N@2@Vglue_times@2@@arma@@@arma@@QEBAPEBNXZ 0000000180003f80 f i Gaussian.obj
 0001:00002f80       ?begin@?$Mat@N@arma@@QEAAPEANXZ 0000000180003f80 f i Gaussian.obj
 0001:00002f80       ?get_ea@?$Proxy@V?$Op@V?$Row@N@arma@@Vop_cumsum_default@2@@arma@@@arma@@QEBAPEBNXZ 0000000180003f80 f i GibbsSampler.obj
 0001:00002f90       ?end@?$Mat@N@arma@@QEAAPEANXZ 0000000180003f90 f i Gaussian.obj
 0001:00002fb0       ??0?$Col@N@arma@@QEAA@AEBV01@@Z 0000000180003fb0 f i Gaussian.obj
 0001:00003010       ??0?$Col@N@arma@@QEAA@XZ   0000000180004010 f i Gaussian.obj
 0001:00003040       ?t@?$Col@N@arma@@QEBA?BV?$Op@V?$Col@N@arma@@Vop_htrans@2@@2@XZ 0000000180004040 f i Gaussian.obj
 0001:00003070       ??$min@I@std@@YAAEBIAEBI0@Z 0000000180004070 f i Gaussian.obj
 0001:00003080       ??$?6U?$char_traits@D@std@@@std@@YAAEAV?$basic_ostream@DU?$char_traits@D@std@@@0@AEAV10@PEBD@Z 0000000180004080 f i Gaussian.obj
 0001:000032a0       ??$?6U?$char_traits@D@std@@@std@@YAAEAV?$basic_ostream@DU?$char_traits@D@std@@@0@AEAV10@D@Z 00000001800042a0 f i Gaussian.obj
 0001:000034d0       ?t@?$Base_trans_default@V?$Mat@N@arma@@@arma@@QEBA?BV?$Op@V?$Mat@N@arma@@Vop_htrans@2@@2@XZ 00000001800044d0 f i Gaussian.obj
 0001:00003500       ??1wall_clock@arma@@QEAA@XZ 0000000180004500 f i GibbsSampler.obj
 0001:00003500       ??1?$Op@V?$Row@N@arma@@Vop_cumsum_default@2@@arma@@QEAA@XZ 0000000180004500 f i GibbsSampler.obj
 0001:00003500       ??1?$Gen@V?$Col@N@arma@@Vgen_randu@2@@arma@@QEAA@XZ 0000000180004500 f i GibbsSampler.obj
 0001:00003500       ??1?$eOp@V?$Col@N@arma@@Veop_scalar_minus_pre@2@@arma@@QEAA@XZ 0000000180004500 f i Gaussian.obj
 0001:00003500       ??1?$eOp@V?$Col@N@arma@@Veop_scalar_times@2@@arma@@QEAA@XZ 0000000180004500 f i Gaussian.obj
 0001:00003500       ??1?$mtOp@IV?$Op@V?$Row@N@arma@@Vop_cumsum_default@2@@arma@@Vop_rel_gt_pre@2@@arma@@QEAA@XZ 0000000180004500 f i GibbsSampler.obj
 0001:00003500       ??1?$eOp@V?$Row@N@arma@@Veop_scalar_minus_post@2@@arma@@QEAA@XZ 0000000180004500 f i GibbsSampler.obj
 0001:00003500       ??1?$eOp@V?$Col@N@arma@@Veop_scalar_div_post@2@@arma@@QEAA@XZ 0000000180004500 f i Gaussian.obj
 0001:00003500       ??1?$eOp@V?$Mat@N@arma@@Veop_scalar_times@2@@arma@@QEAA@XZ 0000000180004500 f i Gaussian.obj
 0001:00003500       ??1?$Op@V?$eGlue@V?$eOp@V?$Mat@N@arma@@Veop_scalar_times@2@@arma@@V?$Glue@V?$eOp@V?$Col@N@arma@@Veop_scalar_times@2@@arma@@V?$Op@V?$Col@N@arma@@Vop_htrans@2@@2@Vglue_times@2@@2@Veglue_plus@2@@arma@@Vop_chol@2@@arma@@QEAA@XZ 0000000180004500 f i Gaussian.obj
 0001:00003500       ??1?$diagview@N@arma@@QEAA@XZ 0000000180004500 f i Gaussian.obj
 0001:00003500       ??1?$eOp@V?$eOp@V?$Col@N@arma@@Veop_scalar_minus_pre@2@@arma@@Veop_scalar_div_post@2@@arma@@QEAA@XZ 0000000180004500 f i Gaussian.obj
 0001:00003500       ??1?$Op@V?$Col@N@arma@@Vop_htrans@2@@arma@@QEAA@XZ 0000000180004500 f i Gaussian.obj
 0001:00003500       ??1?$Op@V?$Mat@N@arma@@Vop_htrans@2@@arma@@QEAA@XZ 0000000180004500 f i Gaussian.obj
 0001:00003500       ??1?$Glue@V?$Op@V?$Mat@N@arma@@Vop_htrans@2@@arma@@V?$Mat@N@2@Vglue_times@2@@arma@@QEAA@XZ 0000000180004500 f i Gaussian.obj
 0001:00003500       ??1?$eOp@V?$eOp@V?$Row@N@arma@@Veop_scalar_minus_post@2@@arma@@Veop_exp@2@@arma@@QEAA@XZ 0000000180004500 f i GibbsSampler.obj
 0001:00003500       ??1?$Op@V?$Mat@N@arma@@Vop_diagvec@2@@arma@@QEAA@XZ 0000000180004500 f i Gaussian.obj
 0001:00003500       ??1?$eGlue@V?$Col@N@arma@@V12@Veglue_minus@2@@arma@@QEAA@XZ 0000000180004500 f i Gaussian.obj
 0001:00003500       ??1?$Glue@V?$eOp@V?$Col@N@arma@@Veop_scalar_times@2@@arma@@V?$Op@V?$Col@N@arma@@Vop_htrans@2@@2@Vglue_times@2@@arma@@QEAA@XZ 0000000180004500 f i Gaussian.obj
 0001:00003500       ??1?$eGlue@V?$Col@N@arma@@V12@Veglue_plus@2@@arma@@QEAA@XZ 0000000180004500 f i Gaussian.obj
 0001:00003500       ??1?$eOp@V?$Row@N@arma@@Veop_scalar_div_post@2@@arma@@QEAA@XZ 0000000180004500 f i GibbsSampler.obj
 0001:00003500       ??1?$subview@N@arma@@QEAA@XZ 0000000180004500 f i GibbsSampler.obj
 0001:00003520       ??$arma_stream_err2@D@arma@@YAAEAV?$basic_ostream@DU?$char_traits@D@std@@@std@@PEAV12@@Z 0000000180004520 f i Gaussian.obj
 0001:00003590       ??$endl@DU?$char_traits@D@std@@@std@@YAAEAV?$basic_ostream@DU?$char_traits@D@std@@@0@AEAV10@@Z 0000000180004590 f i Gaussian.obj
 0001:000035d0       ??$regspace@V?$Col@N@arma@@@arma@@YA?AV?$Col@N@0@NN@Z 00000001800045d0 f i Gaussian.obj
 0001:00003610       ??$?GV?$Col@N@arma@@@arma@@YA?BV?$eOp@V?$Col@N@arma@@Veop_scalar_minus_pre@2@@0@NAEBV?$Col@N@0@@Z 0000000180004610 f i Gaussian.obj
 0001:00003610       ??$?DV?$Col@N@arma@@@arma@@YA?BV?$eOp@V?$Col@N@arma@@Veop_scalar_times@2@@0@NAEBV?$Col@N@0@@Z 0000000180004610 f i Gaussian.obj
 0001:00003640       ??$?KV?$Row@N@arma@@@arma@@YA?BV?$eOp@V?$Row@N@arma@@Veop_scalar_div_post@2@@0@AEBV?$Row@N@0@N@Z 0000000180004640 f i GibbsSampler.obj
 0001:00003640       ??$?KV?$Col@N@arma@@@arma@@YA?BV?$eOp@V?$Col@N@arma@@Veop_scalar_div_post@2@@0@AEBV?$Col@N@0@N@Z 0000000180004640 f i Gaussian.obj
 0001:00003640       ??$?GV?$Row@N@arma@@@arma@@YA?BV?$eOp@V?$Row@N@arma@@Veop_scalar_minus_post@2@@0@AEBV?$Row@N@0@N@Z 0000000180004640 f i GibbsSampler.obj
 0001:00003640       ??$?DV?$Mat@N@arma@@@arma@@YA?BV?$eOp@V?$Mat@N@arma@@Veop_scalar_times@2@@0@AEBV?$Mat@N@0@N@Z 0000000180004640 f i Gaussian.obj
 0001:00003640       ??$?KV?$eOp@V?$Col@N@arma@@Veop_scalar_minus_pre@2@@arma@@@arma@@YA?BV?$eOp@V?$eOp@V?$Col@N@arma@@Veop_scalar_minus_pre@2@@arma@@Veop_scalar_div_post@2@@0@AEBV?$eOp@V?$Col@N@arma@@Veop_scalar_minus_pre@2@@0@N@Z 0000000180004640 f i Gaussian.obj
 0001:00003660       ??$?0V?$eOp@V?$eOp@V?$Col@N@arma@@Veop_scalar_minus_pre@2@@arma@@Veop_scalar_div_post@2@@arma@@@?$Col@N@arma@@QEAA@AEBU?$Base@NV?$eOp@V?$eOp@V?$Col@N@arma@@Veop_scalar_minus_pre@2@@arma@@Veop_scalar_div_post@2@@arma@@@1@@Z 0000000180004660 f i Gaussian.obj
 0001:000036b0       ??$?0V?$eOp@V?$Col@N@arma@@Veop_scalar_div_post@2@@arma@@@?$Col@N@arma@@QEAA@AEBU?$Base@NV?$eOp@V?$Col@N@arma@@Veop_scalar_div_post@2@@arma@@@1@@Z 00000001800046b0 f i Gaussian.obj
 0001:00003700       ??$diagvec@V?$Mat@N@arma@@@arma@@YA?BV?$Op@V?$Mat@N@arma@@Vop_diagvec@2@@0@AEBU?$Base@NV?$Mat@N@arma@@@0@H@Z 0000000180004700 f i Gaussian.obj
 0001:00003730       ??1?$eOp@V?$Op@V?$Mat@N@arma@@Vop_diagvec@2@@arma@@Veop_log@2@@arma@@QEAA@XZ 0000000180004730 f i Gaussian.obj
 0001:00003750       ??$log@V?$Op@V?$Mat@N@arma@@Vop_diagvec@2@@arma@@@arma@@YA?BV?$eOp@V?$Op@V?$Mat@N@arma@@Vop_diagvec@2@@arma@@Veop_log@2@@0@AEBV?$Op@V?$Mat@N@arma@@Vop_diagvec@2@@0@@Z 0000000180004750 f i Gaussian.obj
 0001:00003770       ??$sum@V?$eOp@V?$Op@V?$Mat@N@arma@@Vop_diagvec@2@@arma@@Veop_log@2@@arma@@@arma@@YANAEBV?$eOp@V?$Op@V?$Mat@N@arma@@Vop_diagvec@2@@arma@@Veop_log@2@@0@Varma_empty_class@0@PEBH@Z 0000000180004770 f i Gaussian.obj
 0001:00003780       ??$?DV?$eOp@V?$Col@N@arma@@Veop_scalar_times@2@@arma@@V?$Op@V?$Col@N@arma@@Vop_htrans@2@@1@@arma@@YA?BV?$Glue@V?$eOp@V?$Col@N@arma@@Veop_scalar_times@2@@arma@@V?$Op@V?$Col@N@arma@@Vop_htrans@2@@2@Vglue_times@2@@0@AEBV?$eOp@V?$Col@N@arma@@Veop_scalar_times@2@@0@AEBV?$Op@V?$Col@N@arma@@Vop_htrans@2@@0@@Z 0000000180004780 f i Gaussian.obj
 0001:00003780       ??$?DV?$Op@V?$Mat@N@arma@@Vop_htrans@2@@arma@@V?$Mat@N@1@@arma@@YA?BV?$Glue@V?$Op@V?$Mat@N@arma@@Vop_htrans@2@@arma@@V?$Mat@N@2@Vglue_times@2@@0@AEBV?$Op@V?$Mat@N@arma@@Vop_htrans@2@@0@AEBV?$Mat@N@0@@Z 0000000180004780 f i Gaussian.obj
 0001:000037a0       ??1?$eGlue@V?$eOp@V?$Mat@N@arma@@Veop_scalar_times@2@@arma@@V?$Glue@V?$eOp@V?$Col@N@arma@@Veop_scalar_times@2@@arma@@V?$Op@V?$Col@N@arma@@Vop_htrans@2@@2@Vglue_times@2@@2@Veglue_plus@2@@arma@@QEAA@XZ 00000001800047a0 f i Gaussian.obj
 0001:000037c0       ??$?HV?$eOp@V?$Mat@N@arma@@Veop_scalar_times@2@@arma@@V?$Glue@V?$eOp@V?$Col@N@arma@@Veop_scalar_times@2@@arma@@V?$Op@V?$Col@N@arma@@Vop_htrans@2@@2@Vglue_times@2@@1@@arma@@YA?BV?$eGlue@V?$eOp@V?$Mat@N@arma@@Veop_scalar_times@2@@arma@@V?$Glue@V?$eOp@V?$Col@N@arma@@Veop_scalar_times@2@@arma@@V?$Op@V?$Col@N@arma@@Vop_htrans@2@@2@Vglue_times@2@@2@Veglue_plus@2@@0@AEBV?$eOp@V?$Mat@N@arma@@Veop_scalar_times@2@@0@AEBV?$Glue@V?$eOp@V?$Col@N@arma@@Veop_scalar_times@2@@arma@@V?$Op@V?$Col@N@arma@@Vop_htrans@2@@2@Vglue_times@2@@0@@Z 00000001800047c0 f i Gaussian.obj
 0001:000037e0       ??$chol@V?$eGlue@V?$eOp@V?$Mat@N@arma@@Veop_scalar_times@2@@arma@@V?$Glue@V?$eOp@V?$Col@N@arma@@Veop_scalar_times@2@@arma@@V?$Op@V?$Col@N@arma@@Vop_htrans@2@@2@Vglue_times@2@@2@Veglue_plus@2@@arma@@@arma@@YA?BV?$Op@V?$eGlue@V?$eOp@V?$Mat@N@arma@@Veop_scalar_times@2@@arma@@V?$Glue@V?$eOp@V?$Col@N@arma@@Veop_scalar_times@2@@arma@@V?$Op@V?$Col@N@arma@@Vop_htrans@2@@2@Vglue_times@2@@2@Veglue_plus@2@@arma@@Vop_chol@2@@0@AEBU?$Base@NV?$eGlue@V?$eOp@V?$Mat@N@arma@@Veop_scalar_times@2@@arma@@V?$Glue@V?$eOp@V?$Col@N@arma@@Veop_scalar_times@2@@arma@@V?$Op@V?$Col@N@arma@@Vop_htrans@2@@2@Vglue_times@2@@2@Veglue_plus@2@@arma@@@0@PEBD@Z 00000001800047e0 f i Gaussian.obj
 0001:00003810       ??$?4V?$eGlue@V?$eOp@V?$Mat@N@arma@@Veop_scalar_times@2@@arma@@V?$Glue@V?$eOp@V?$Col@N@arma@@Veop_scalar_times@2@@arma@@V?$Op@V?$Col@N@arma@@Vop_htrans@2@@2@Vglue_times@2@@2@Veglue_plus@2@@arma@@Vop_chol@1@@?$Mat@N@arma@@QEAAAEBV01@AEBV?$Op@V?$eGlue@V?$eOp@V?$Mat@N@arma@@Veop_scalar_times@2@@arma@@V?$Glue@V?$eOp@V?$Col@N@arma@@Veop_scalar_times@2@@arma@@V?$Op@V?$Col@N@arma@@Vop_htrans@2@@2@Vglue_times@2@@2@Veglue_plus@2@@arma@@Vop_chol@2@@1@@Z 0000000180004810 f i Gaussian.obj
 0001:00003830       ??$?4V?$eOp@V?$Col@N@arma@@Veop_scalar_times@2@@arma@@@?$Col@N@arma@@QEAAAEBV01@AEBU?$Base@NV?$eOp@V?$Col@N@arma@@Veop_scalar_times@2@@arma@@@1@@Z 0000000180004830 f i Gaussian.obj
 0001:00003860       ??1?$eOp@V?$Glue@V?$Op@V?$Mat@N@arma@@Vop_htrans@2@@arma@@V?$Mat@N@2@Vglue_times@2@@arma@@Veop_scalar_div_post@2@@arma@@QEAA@XZ 0000000180004860 f i Gaussian.obj
 0001:00003880       ??$?KV?$Glue@V?$Op@V?$Mat@N@arma@@Vop_htrans@2@@arma@@V?$Mat@N@2@Vglue_times@2@@arma@@@arma@@YA?BV?$eOp@V?$Glue@V?$Op@V?$Mat@N@arma@@Vop_htrans@2@@arma@@V?$Mat@N@2@Vglue_times@2@@arma@@Veop_scalar_div_post@2@@0@AEBV?$Glue@V?$Op@V?$Mat@N@arma@@Vop_htrans@2@@arma@@V?$Mat@N@2@Vglue_times@2@@0@N@Z 0000000180004880 f i Gaussian.obj
 0001:000038a0       ??$?0V?$Glue@V?$Op@V?$Mat@N@arma@@Vop_htrans@2@@arma@@V?$Mat@N@2@Vglue_times@2@@arma@@Veop_scalar_div_post@1@@?$Mat@N@arma@@QEAA@AEBV?$eOp@V?$Glue@V?$Op@V?$Mat@N@arma@@Vop_htrans@2@@arma@@V?$Mat@N@2@Vglue_times@2@@arma@@Veop_scalar_div_post@2@@1@@Z 00000001800048a0 f i Gaussian.obj
 0001:00003900       ??$?HV?$Col@N@arma@@V01@@arma@@YA?BV?$eGlue@V?$Col@N@arma@@V12@Veglue_plus@2@@0@AEBV?$Col@N@0@0@Z 0000000180004900 f i Gaussian.obj
 0001:00003900       ??$?GV?$Col@N@arma@@V01@@arma@@YA?BV?$eGlue@V?$Col@N@arma@@V12@Veglue_minus@2@@0@AEBV?$Col@N@0@0@Z 0000000180004900 f i Gaussian.obj
 0001:00003920       ??$?4V?$eGlue@V?$Col@N@arma@@V12@Veglue_plus@2@@arma@@@?$Col@N@arma@@QEAAAEBV01@AEBU?$Base@NV?$eGlue@V?$Col@N@arma@@V12@Veglue_plus@2@@arma@@@1@@Z 0000000180004920 f i Gaussian.obj
 0001:00003950       ??$?0V?$eGlue@V?$Col@N@arma@@V12@Veglue_plus@2@@arma@@@?$Col@N@arma@@QEAA@AEBU?$Base@NV?$eGlue@V?$Col@N@arma@@V12@Veglue_plus@2@@arma@@@1@@Z 0000000180004950 f i Gaussian.obj
 0001:000039a0       ??$?4V?$eGlue@V?$Col@N@arma@@V12@Veglue_minus@2@@arma@@@?$Col@N@arma@@QEAAAEBV01@AEBU?$Base@NV?$eGlue@V?$Col@N@arma@@V12@Veglue_minus@2@@arma@@@1@@Z 00000001800049a0 f i Gaussian.obj
 0001:000039d0       ??$?6NV?$Mat@N@arma@@@arma@@YAAEAV?$basic_ostream@DU?$char_traits@D@std@@@std@@AEAV12@AEBU?$Base@NV?$Mat@N@arma@@@0@@Z 00000001800049d0 f i Gaussian.obj
 0001:00003a10       ??$?0$$V@?$_Compressed_pair@U?$_Wrap_alloc@V?$allocator@D@std@@@std@@V?$_String_val@U?$_Simple_types@D@std@@@2@$00@std@@QEAA@U_Zero_then_variadic_args_t@1@@Z 0000000180004a10 f i Gaussian.obj
 0001:00003a10       ??$?0U?$_Wrap_alloc@V?$allocator@D@std@@@std@@$$V@?$_Compressed_pair@U?$_Wrap_alloc@V?$allocator@D@std@@@std@@V?$_String_val@U?$_Simple_types@D@std@@@2@$00@std@@QEAA@U_One_then_variadic_args_t@1@$$QEAU?$_Wrap_alloc@V?$allocator@D@std@@@1@@Z 0000000180004a10 f i Gaussian.obj
 0001:00003a30       ??$_Min_value@_K@std@@YAAEB_KAEB_K0@Z 0000000180004a30 f i Gaussian.obj
 0001:00003a40       ??$construct@PEADAEAPEAD@?$_Wrap_alloc@V?$allocator@D@std@@@std@@QEAAXPEAPEADAEAPEAD@Z 0000000180004a40 f i Gaussian.obj
 0001:00003a60       ??1?$Proxy@V?$Op@V?$Mat@N@arma@@Vop_diagvec@2@@arma@@@arma@@QEAA@XZ 0000000180004a60 f i Gaussian.obj
 0001:00003a70       ??1?$subview_col@N@arma@@QEAA@XZ 0000000180004a70 f i GibbsSampler.obj
 0001:00003a70       ??1?$Proxy_diagvec_mat@V?$Op@V?$Mat@N@arma@@Vop_diagvec@2@@arma@@@arma@@QEAA@XZ 0000000180004a70 f i Gaussian.obj
 0001:00003a80       ??0?$quasi_unwrap@V?$Row@N@arma@@@arma@@QEAA@AEBV?$Row@N@1@@Z 0000000180004a80 f i GibbsSampler.obj
 0001:00003a80       ??0?$unwrap@V?$Mat@N@arma@@@arma@@QEAA@AEBV?$Mat@N@1@@Z 0000000180004a80 f i Gaussian.obj
 0001:00003a80       ??0?$Proxy@V?$eOp@V?$Op@V?$Mat@N@arma@@Vop_diagvec@2@@arma@@Veop_log@2@@arma@@@arma@@QEAA@AEBV?$eOp@V?$Op@V?$Mat@N@arma@@Vop_diagvec@2@@arma@@Veop_log@2@@1@@Z 0000000180004a80 f i Gaussian.obj
 0001:00003a80       ??0?$partial_unwrap@V?$Mat@N@arma@@@arma@@QEAA@AEBV?$Mat@N@1@@Z 0000000180004a80 f i Gaussian.obj
 0001:00003a80       ??0?$Proxy@V?$Col@N@arma@@@arma@@QEAA@AEBV?$Col@N@1@@Z 0000000180004a80 f i Gaussian.obj
 0001:00003a80       ??0?$Proxy@V?$Row@N@arma@@@arma@@QEAA@AEBV?$Row@N@1@@Z 0000000180004a80 f i GibbsSampler.obj
 0001:00003a80       ??0?$Proxy@V?$eOp@V?$Col@N@arma@@Veop_scalar_minus_pre@2@@arma@@@arma@@QEAA@AEBV?$eOp@V?$Col@N@arma@@Veop_scalar_minus_pre@2@@1@@Z 0000000180004a80 f i Gaussian.obj
 0001:00003a80       ??0?$_String_const_iterator@V?$_String_val@U?$_Simple_types@D@std@@@std@@@std@@QEAA@PEBDPEBU_Container_base0@1@@Z 0000000180004a80 f i GibbsSampler.obj
 0001:00003a80       ??0?$Proxy@V?$eOp@V?$Mat@N@arma@@Veop_scalar_times@2@@arma@@@arma@@QEAA@AEBV?$eOp@V?$Mat@N@arma@@Veop_scalar_times@2@@1@@Z 0000000180004a80 f i Gaussian.obj
 0001:00003a80       ??0?$Proxy@V?$eOp@V?$Row@N@arma@@Veop_scalar_minus_post@2@@arma@@@arma@@QEAA@AEBV?$eOp@V?$Row@N@arma@@Veop_scalar_minus_post@2@@1@@Z 0000000180004a80 f i GibbsSampler.obj
 0001:00003a80       ??0?$quasi_unwrap@V?$Mat@I@arma@@@arma@@QEAA@AEBV?$Mat@I@1@@Z 0000000180004a80 f i GibbsSampler.obj
 0001:00003a80       ??0?$Proxy@V?$Mat@N@arma@@@arma@@QEAA@AEBV?$Mat@N@1@@Z 0000000180004a80 f i Gaussian.obj
 0001:00003a90       ??0?$_String_val@U?$_Simple_types@D@std@@@std@@QEAA@XZ 0000000180004a90 f i Gaussian.obj
 0001:00003aa0       ??0?$Mat@N@arma@@IEAA@AEBUarma_vec_indicator@1@IIG@Z 0000000180004aa0 f i Gaussian.obj
 0001:00003ae0       ??0?$Mat@N@arma@@IEAA@AEBUarma_vec_indicator@1@G@Z 0000000180004ae0 f i Gaussian.obj
 0001:00003b10       ??A?$Mat@N@arma@@QEAAAEANI@Z 0000000180004b10 f i Gaussian.obj
 0001:00003b20       ?memptr@?$Mat@I@arma@@QEAAPEAIXZ 0000000180004b20 f i GibbsSampler.obj
 0001:00003b20       ?memptr@?$Mat@N@arma@@QEBAPEBNXZ 0000000180004b20 f i Gaussian.obj
 0001:00003b20       ?memptr@?$Cube@N@arma@@QEAAPEANXZ 0000000180004b20 f i nCRP-Gibbs-Sampler.obj
 0001:00003b20       ?memptr@?$Cube@N@arma@@QEBAPEBNXZ 0000000180004b20 f i nCRP-Gibbs-Sampler.obj
 0001:00003b20       ?memptr@?$Mat@I@arma@@QEBAPEBIXZ 0000000180004b20 f i GibbsSampler.obj
 0001:00003b20       ?memptr@?$Mat@N@arma@@QEAAPEANXZ 0000000180004b20 f i Gaussian.obj
 0001:00003b30       ?set_size@?$Mat@N@arma@@QEAAXII@Z 0000000180004b30 f i Gaussian.obj
 0001:00003b40       ?set_size@?$Mat@N@arma@@QEAAXI@Z 0000000180004b40 f i Gaussian.obj
 0001:00003b70       ?init_cold@?$Mat@N@arma@@IEAAXXZ 0000000180004b70 f i Gaussian.obj
 0001:00003bc0       ?init_warm@?$Mat@N@arma@@IEAAXII@Z 0000000180004bc0 f i Gaussian.obj
 0001:00003d30       ??0?$Op@V?$Mat@N@arma@@Vop_htrans@2@@arma@@QEAA@AEBV?$Mat@N@1@@Z 0000000180004d30 f i Gaussian.obj
 0001:00003d30       ??0?$Op@V?$Row@N@arma@@Vop_cumsum_default@2@@arma@@QEAA@AEBV?$Row@N@1@@Z 0000000180004d30 f i GibbsSampler.obj
 0001:00003d30       ??0?$Op@V?$Col@N@arma@@Vop_htrans@2@@arma@@QEAA@AEBV?$Col@N@1@@Z 0000000180004d30 f i Gaussian.obj
 0001:00003d40       ??0?$eOp@V?$eOp@V?$Col@N@arma@@Veop_scalar_minus_pre@2@@arma@@Veop_scalar_div_post@2@@arma@@QEAA@AEBV?$eOp@V?$Col@N@arma@@Veop_scalar_minus_pre@2@@1@N@Z 0000000180004d40 f i Gaussian.obj
 0001:00003d40       ??0?$eOp@V?$Row@N@arma@@Veop_scalar_div_post@2@@arma@@QEAA@AEBV?$Row@N@1@N@Z 0000000180004d40 f i GibbsSampler.obj
 0001:00003d40       ??0?$eOp@V?$Col@N@arma@@Veop_scalar_minus_pre@2@@arma@@QEAA@AEBV?$Col@N@1@N@Z 0000000180004d40 f i Gaussian.obj
 0001:00003d40       ??0?$eOp@V?$Mat@N@arma@@Veop_scalar_times@2@@arma@@QEAA@AEBV?$Mat@N@1@N@Z 0000000180004d40 f i Gaussian.obj
 0001:00003d40       ??0?$eOp@V?$Row@N@arma@@Veop_scalar_minus_post@2@@arma@@QEAA@AEBV?$Row@N@1@N@Z 0000000180004d40 f i GibbsSampler.obj
 0001:00003d40       ??0?$eOp@V?$Col@N@arma@@Veop_scalar_div_post@2@@arma@@QEAA@AEBV?$Col@N@1@N@Z 0000000180004d40 f i Gaussian.obj
 0001:00003d40       ??0?$eOp@V?$Col@N@arma@@Veop_scalar_times@2@@arma@@QEAA@AEBV?$Col@N@1@N@Z 0000000180004d40 f i Gaussian.obj
 0001:00003d60       ??0?$Op@V?$Mat@N@arma@@Vop_diagvec@2@@arma@@QEAA@AEBV?$Mat@N@1@II@Z 0000000180004d60 f i Gaussian.obj
 0001:00003d70       ??0?$eOp@V?$Op@V?$Mat@N@arma@@Vop_diagvec@2@@arma@@Veop_log@2@@arma@@QEAA@AEBV?$Op@V?$Mat@N@arma@@Vop_diagvec@2@@1@@Z 0000000180004d70 f i Gaussian.obj
 0001:00003da0       ??0?$Glue@V?$Op@V?$Mat@N@arma@@Vop_htrans@2@@arma@@V?$Mat@N@2@Vglue_times@2@@arma@@QEAA@AEBV?$Op@V?$Mat@N@arma@@Vop_htrans@2@@1@AEBV?$Mat@N@1@@Z 0000000180004da0 f i Gaussian.obj
 0001:00003da0       ??0?$Glue@V?$eOp@V?$Col@N@arma@@Veop_scalar_times@2@@arma@@V?$Op@V?$Col@N@arma@@Vop_htrans@2@@2@Vglue_times@2@@arma@@QEAA@AEBV?$eOp@V?$Col@N@arma@@Veop_scalar_times@2@@1@AEBV?$Op@V?$Col@N@arma@@Vop_htrans@2@@1@@Z 0000000180004da0 f i Gaussian.obj
 0001:00003db0       ??0?$eGlue@V?$eOp@V?$Mat@N@arma@@Veop_scalar_times@2@@arma@@V?$Glue@V?$eOp@V?$Col@N@arma@@Veop_scalar_times@2@@arma@@V?$Op@V?$Col@N@arma@@Vop_htrans@2@@2@Vglue_times@2@@2@Veglue_plus@2@@arma@@QEAA@AEBV?$eOp@V?$Mat@N@arma@@Veop_scalar_times@2@@1@AEBV?$Glue@V?$eOp@V?$Col@N@arma@@Veop_scalar_times@2@@arma@@V?$Op@V?$Col@N@arma@@Vop_htrans@2@@2@Vglue_times@2@@1@@Z 0000000180004db0 f i Gaussian.obj
 0001:00003df0       ??0?$Op@V?$eGlue@V?$eOp@V?$Mat@N@arma@@Veop_scalar_times@2@@arma@@V?$Glue@V?$eOp@V?$Col@N@arma@@Veop_scalar_times@2@@arma@@V?$Op@V?$Col@N@arma@@Vop_htrans@2@@2@Vglue_times@2@@2@Veglue_plus@2@@arma@@Vop_chol@2@@arma@@QEAA@AEBV?$eGlue@V?$eOp@V?$Mat@N@arma@@Veop_scalar_times@2@@arma@@V?$Glue@V?$eOp@V?$Col@N@arma@@Veop_scalar_times@2@@arma@@V?$Op@V?$Col@N@arma@@Vop_htrans@2@@2@Vglue_times@2@@2@Veglue_plus@2@@1@II@Z 0000000180004df0 f i Gaussian.obj
 0001:00003e10       ??0?$eOp@V?$Glue@V?$Op@V?$Mat@N@arma@@Vop_htrans@2@@arma@@V?$Mat@N@2@Vglue_times@2@@arma@@Veop_scalar_div_post@2@@arma@@QEAA@AEBV?$Glue@V?$Op@V?$Mat@N@arma@@Vop_htrans@2@@arma@@V?$Mat@N@2@Vglue_times@2@@1@N@Z 0000000180004e10 f i Gaussian.obj
 0001:00003e50       ?get_n_rows@?$eOp@V?$Glue@V?$Op@V?$Mat@N@arma@@Vop_htrans@2@@arma@@V?$Mat@N@2@Vglue_times@2@@arma@@Veop_scalar_div_post@2@@arma@@QEBAIXZ 0000000180004e50 f i Gaussian.obj
 0001:00003e60       ?get_n_cols@?$eOp@V?$Glue@V?$Op@V?$Mat@N@arma@@Vop_htrans@2@@arma@@V?$Mat@N@2@Vglue_times@2@@arma@@Veop_scalar_div_post@2@@arma@@QEBAIXZ 0000000180004e60 f i Gaussian.obj
 0001:00003e70       ?get_n_elem@?$eOp@V?$Glue@V?$Op@V?$Mat@N@arma@@Vop_htrans@2@@arma@@V?$Mat@N@2@Vglue_times@2@@arma@@Veop_scalar_div_post@2@@arma@@QEBAIXZ 0000000180004e70 f i Gaussian.obj
 0001:00003e80       ??0?$eGlue@V?$Col@N@arma@@V12@Veglue_minus@2@@arma@@QEAA@AEBV?$Col@N@1@0@Z 0000000180004e80 f i Gaussian.obj
 0001:00003e80       ??0?$eGlue@V?$Col@N@arma@@V12@Veglue_plus@2@@arma@@QEAA@AEBV?$Col@N@1@0@Z 0000000180004e80 f i Gaussian.obj
 0001:00003eb0       ??$release@$$CBI@memory@arma@@SAXPEBI@Z 0000000180004eb0 f i GibbsSampler.obj
 0001:00003eb0       ??$release@$$CBN@memory@arma@@SAXPEBN@Z 0000000180004eb0 f i Gaussian.obj
 0001:00003ec0       ??$copy@N@arrayops@arma@@SAXPEANPEBNI@Z 0000000180004ec0 f i Gaussian.obj
 0001:00003ee0       ??$inplace_set@N@arrayops@arma@@SAXPEANNI@Z 0000000180004ee0 f i Gaussian.obj
 0001:00003f20       ??$internal_regspace_default_delta@N@arma@@YAXAEAV?$Mat@N@0@NN@Z 0000000180004f20 f i Gaussian.obj
 0001:00003ff0       ??$?4V?$eOp@V?$Col@N@arma@@Veop_scalar_minus_pre@2@@arma@@Veop_scalar_div_post@1@@?$Mat@N@arma@@QEAAAEBV01@AEBV?$eOp@V?$eOp@V?$Col@N@arma@@Veop_scalar_minus_pre@2@@arma@@Veop_scalar_div_post@2@@1@@Z 0000000180004ff0 f i Gaussian.obj
 0001:00004040       ??$?4V?$Col@N@arma@@Veop_scalar_div_post@1@@?$Mat@N@arma@@QEAAAEBV01@AEBV?$eOp@V?$Col@N@arma@@Veop_scalar_div_post@2@@1@@Z 0000000180005040 f i Gaussian.obj
 0001:00004090       ??$accu@V?$eOp@V?$Op@V?$Mat@N@arma@@Vop_diagvec@2@@arma@@Veop_log@2@@arma@@@arma@@YANAEBV?$eOp@V?$Op@V?$Mat@N@arma@@Vop_diagvec@2@@arma@@Veop_log@2@@0@@Z 0000000180005090 f i Gaussian.obj
 0001:000040b0       ??$apply@V?$eGlue@V?$eOp@V?$Mat@N@arma@@Veop_scalar_times@2@@arma@@V?$Glue@V?$eOp@V?$Col@N@arma@@Veop_scalar_times@2@@arma@@V?$Op@V?$Col@N@arma@@Vop_htrans@2@@2@Vglue_times@2@@2@Veglue_plus@2@@arma@@@op_chol@arma@@SAXAEAV?$Mat@N@1@AEBV?$Op@V?$eGlue@V?$eOp@V?$Mat@N@arma@@Veop_scalar_times@2@@arma@@V?$Glue@V?$eOp@V?$Col@N@arma@@Veop_scalar_times@2@@arma@@V?$Op@V?$Col@N@arma@@Vop_htrans@2@@2@Vglue_times@2@@2@Veglue_plus@2@@arma@@Vop_chol@2@@1@@Z 00000001800050b0 f i Gaussian.obj
 0001:000040e0       ??$?4V?$Col@N@arma@@Veop_scalar_times@1@@?$Mat@N@arma@@QEAAAEBV01@AEBV?$eOp@V?$Col@N@arma@@Veop_scalar_times@2@@1@@Z 00000001800050e0 f i Gaussian.obj
 0001:00004130       ??$apply@V?$Mat@N@arma@@V?$Glue@V?$Op@V?$Mat@N@arma@@Vop_htrans@2@@arma@@V?$Mat@N@2@Vglue_times@2@@2@@?$eop_core@Veop_scalar_div_post@arma@@@arma@@SAXAEAV?$Mat@N@1@AEBV?$eOp@V?$Glue@V?$Op@V?$Mat@N@arma@@Vop_htrans@2@@arma@@V?$Mat@N@2@Vglue_times@2@@arma@@Veop_scalar_div_post@2@@1@@Z 0000000180005130 f i Gaussian.obj
 0001:00004210       ??$?4V?$Col@N@arma@@V01@Veglue_plus@1@@?$Mat@N@arma@@QEAAAEBV01@AEBV?$eGlue@V?$Col@N@arma@@V12@Veglue_plus@2@@1@@Z 0000000180005210 f i Gaussian.obj
 0001:00004260       ??$?4V?$Col@N@arma@@V01@Veglue_minus@1@@?$Mat@N@arma@@QEAAAEBV01@AEBV?$eGlue@V?$Col@N@arma@@V12@Veglue_minus@2@@1@@Z 0000000180005260 f i Gaussian.obj
 0001:000042b0       ??$print@N@arma_ostream@arma@@SAXAEAV?$basic_ostream@DU?$char_traits@D@std@@@std@@AEBV?$Mat@N@1@_N@Z 00000001800052b0 f i Gaussian.obj
 0001:00004470       ??$construct@PEADAEAPEAD@?$allocator_traits@V?$allocator@D@std@@@std@@SAXAEAV?$allocator@D@1@PEAPEADAEAPEAD@Z 0000000180005470 f i Gaussian.obj
 0001:00004490       ??_G?$Mat@N@arma@@QEAAPEAXI@Z 0000000180005490 f i Gaussian.obj
 0001:000044c0       ?is_aligned@?$Proxy@V?$Row@N@arma@@@arma@@QEBA_NXZ 00000001800054c0 f i GibbsSampler.obj
 0001:000044c0       ?is_aligned@?$Proxy@V?$Col@N@arma@@@arma@@QEBA_NXZ 00000001800054c0 f i Gaussian.obj
 0001:000044c0       ?is_aligned@?$Proxy@V?$Glue@V?$Op@V?$Mat@N@arma@@Vop_htrans@2@@arma@@V?$Mat@N@2@Vglue_times@2@@arma@@@arma@@QEBA_NXZ 00000001800054c0 f i Gaussian.obj
 0001:000044c0       ?is_aligned@?$Proxy@V?$Glue@V?$eOp@V?$Col@N@arma@@Veop_scalar_times@2@@arma@@V?$Op@V?$Col@N@arma@@Vop_htrans@2@@2@Vglue_times@2@@arma@@@arma@@QEBA_NXZ 00000001800054c0 f i Gaussian.obj
 0001:000044c0       ?is_aligned@?$Proxy@V?$Mat@N@arma@@@arma@@QEBA_NXZ 00000001800054c0 f i Gaussian.obj
 0001:000044d0       ?get_n_elem@?$Proxy@V?$Glue@V?$Op@V?$Mat@N@arma@@Vop_htrans@2@@arma@@V?$Mat@N@2@Vglue_times@2@@arma@@@arma@@QEBAIXZ 00000001800054d0 f i Gaussian.obj
 0001:000044e0       ?get_n_cols@?$Proxy@V?$Glue@V?$Op@V?$Mat@N@arma@@Vop_htrans@2@@arma@@V?$Mat@N@2@Vglue_times@2@@arma@@@arma@@QEBAIXZ 00000001800054e0 f i Gaussian.obj
 0001:000044e0       ?get_n_cols@?$Proxy@V?$Op@V?$Row@N@arma@@Vop_cumsum_default@2@@arma@@@arma@@QEBAIXZ 00000001800054e0 f i GibbsSampler.obj
 0001:000044f0       ?get_n_rows@?$Proxy@V?$Glue@V?$Op@V?$Mat@N@arma@@Vop_htrans@2@@arma@@V?$Mat@N@2@Vglue_times@2@@arma@@@arma@@QEBAIXZ 00000001800054f0 f i Gaussian.obj
 0001:00004500       ??0?$Proxy@V?$Glue@V?$Op@V?$Mat@N@arma@@Vop_htrans@2@@arma@@V?$Mat@N@2@Vglue_times@2@@arma@@@arma@@QEAA@AEBV?$Glue@V?$Op@V?$Mat@N@arma@@Vop_htrans@2@@arma@@V?$Mat@N@2@Vglue_times@2@@1@@Z 0000000180005500 f i Gaussian.obj
 0001:00004530       ??0?$Proxy@V?$Glue@V?$eOp@V?$Col@N@arma@@Veop_scalar_times@2@@arma@@V?$Op@V?$Col@N@arma@@Vop_htrans@2@@2@Vglue_times@2@@arma@@@arma@@QEAA@AEBV?$Glue@V?$eOp@V?$Col@N@arma@@Veop_scalar_times@2@@arma@@V?$Op@V?$Col@N@arma@@Vop_htrans@2@@2@Vglue_times@2@@1@@Z 0000000180005530 f i Gaussian.obj
 0001:00004560       ?get_n_cols@?$Proxy@V?$eOp@V?$Mat@N@arma@@Veop_scalar_times@2@@arma@@@arma@@QEBAIXZ 0000000180005560 f i Gaussian.obj
 0001:00004560       ?get_n_cols@?$Proxy@V?$eOp@V?$Row@N@arma@@Veop_scalar_minus_post@2@@arma@@@arma@@QEBAIXZ 0000000180005560 f i GibbsSampler.obj
 0001:00004570       ?get_n_rows@?$Proxy@V?$eOp@V?$Col@N@arma@@Veop_scalar_minus_pre@2@@arma@@@arma@@QEBAIXZ 0000000180005570 f i Gaussian.obj
 0001:00004570       ?get_n_rows@?$Proxy@V?$eOp@V?$Mat@N@arma@@Veop_scalar_times@2@@arma@@@arma@@QEBAIXZ 0000000180005570 f i Gaussian.obj
 0001:00004580       ??0?$Proxy@V?$Op@V?$Mat@N@arma@@Vop_diagvec@2@@arma@@@arma@@QEAA@AEBV?$Op@V?$Mat@N@arma@@Vop_diagvec@2@@1@@Z 0000000180005580 f i Gaussian.obj
 0001:000045b0       ?get_n_rows@?$Proxy@V?$Mat@N@arma@@@arma@@QEBAIXZ 00000001800055b0 f i Gaussian.obj
 0001:000045b0       ?get_n_rows@?$Proxy@V?$Col@N@arma@@@arma@@QEBAIXZ 00000001800055b0 f i Gaussian.obj
 0001:000045c0       ??0?$Proxy_diagvec_mat@V?$Op@V?$Mat@N@arma@@Vop_diagvec@2@@arma@@@arma@@QEAA@AEBV?$Op@V?$Mat@N@arma@@Vop_diagvec@2@@1@@Z 00000001800055c0 f i Gaussian.obj
 0001:00004600       ?diag@?$Mat@N@arma@@QEBA?BV?$diagview@N@2@H@Z 0000000180005600 f i Gaussian.obj
 0001:00004670       ?at_alt@?$Mat@N@arma@@QEBAAEBNI@Z 0000000180005670 f i Gaussian.obj
 0001:00004680       ?at@?$Mat@N@arma@@QEBAAEBNII@Z 0000000180005680 f i Gaussian.obj
 0001:000046a0       ?is_empty@?$Mat@N@arma@@QEBA_NXZ 00000001800056a0 f i Gaussian.obj
 0001:000046b0       ?reset@?$Mat@N@arma@@QEAAXXZ 00000001800056b0 f i Gaussian.obj
 0001:000046e0       ?steal_mem@?$Mat@N@arma@@QEAAXAEAV12@@Z 00000001800056e0 f i Gaussian.obj
 0001:00004830       ?get_n_rows@?$eGlue@V?$eOp@V?$Mat@N@arma@@Veop_scalar_times@2@@arma@@V?$Glue@V?$eOp@V?$Col@N@arma@@Veop_scalar_times@2@@arma@@V?$Op@V?$Col@N@arma@@Vop_htrans@2@@2@Vglue_times@2@@2@Veglue_plus@2@@arma@@QEBAIXZ 0000000180005830 f i Gaussian.obj
 0001:00004830       ?get_n_rows@?$eOp@V?$eOp@V?$Col@N@arma@@Veop_scalar_minus_pre@2@@arma@@Veop_scalar_div_post@2@@arma@@QEBAIXZ 0000000180005830 f i Gaussian.obj
 0001:00004840       ?get_n_rows@?$eGlue@V?$Col@N@arma@@V12@Veglue_minus@2@@arma@@QEBAIXZ 0000000180005840 f i Gaussian.obj
 0001:00004840       ?get_n_rows@?$eGlue@V?$Col@N@arma@@V12@Veglue_plus@2@@arma@@QEBAIXZ 0000000180005840 f i Gaussian.obj
 0001:00004840       ?get_n_rows@?$eOp@V?$Col@N@arma@@Veop_scalar_times@2@@arma@@QEBAIXZ 0000000180005840 f i Gaussian.obj
 0001:00004840       ?get_n_rows@?$eOp@V?$Col@N@arma@@Veop_scalar_div_post@2@@arma@@QEBAIXZ 0000000180005840 f i Gaussian.obj
 0001:00004840       ?get_n_rows@?$eOp@V?$Mat@N@arma@@Veop_scalar_times@2@@arma@@QEBAIXZ 0000000180005840 f i Gaussian.obj
 0001:00004840       ?get_n_rows@?$eOp@V?$Col@N@arma@@Veop_scalar_minus_pre@2@@arma@@QEBAIXZ 0000000180005840 f i Gaussian.obj
 0001:00004850       ?get_n_cols@?$eOp@V?$Row@N@arma@@Veop_scalar_minus_post@2@@arma@@QEBAIXZ 0000000180005850 f i GibbsSampler.obj
 0001:00004850       ?get_n_cols@?$eOp@V?$Row@N@arma@@Veop_scalar_div_post@2@@arma@@QEBAIXZ 0000000180005850 f i GibbsSampler.obj
 0001:00004850       ?get_n_cols@?$eOp@V?$Mat@N@arma@@Veop_scalar_times@2@@arma@@QEBAIXZ 0000000180005850 f i Gaussian.obj
 0001:00004860       ??$acquire@N@memory@arma@@SAPEANI@Z 0000000180005860 f i Gaussian.obj
 0001:000048a0       ??$copy_small@N@arrayops@arma@@SAXPEANPEBNI@Z 00000001800058a0 f i Gaussian.obj
 0001:00004930       ??$arma_check_bad_alloc@$$BY0CH@D@arma@@YAX_NAEAY0CH@$$CBD@Z 0000000180005930 f i Gaussian.obj
 0001:00004950       ??$inplace_set_small@N@arrayops@arma@@SAXPEANNI@Z 0000000180005950 f i Gaussian.obj
 0001:000049d0       ??$geq@N@?$cond_rel@$0A@@arma@@SA_NNN@Z 00000001800059d0 f i Gaussian.obj
 0001:000049d0       ??$is_aligned@N@memory@arma@@SA_NPEBN@Z 00000001800059d0 f i Gaussian.obj
 0001:000049d0       ??$leq@N@?$cond_rel@$0A@@arma@@SA_NNN@Z 00000001800059d0 f i Gaussian.obj
 0001:000049e0       ??$inplace_set_base@N@arrayops@arma@@SAXPEANNI@Z 00000001800059e0 f i Gaussian.obj
 0001:00004a10       ??$apply@V?$Mat@N@arma@@V?$eOp@V?$Col@N@arma@@Veop_scalar_minus_pre@2@@2@@?$eop_core@Veop_scalar_div_post@arma@@@arma@@SAXAEAV?$Mat@N@1@AEBV?$eOp@V?$eOp@V?$Col@N@arma@@Veop_scalar_minus_pre@2@@arma@@Veop_scalar_div_post@2@@1@@Z 0000000180005a10 f i Gaussian.obj
 0001:00004b20       ??$apply@V?$Mat@N@arma@@V?$Row@N@2@@?$eop_core@Veop_scalar_div_post@arma@@@arma@@SAXAEAV?$Mat@N@1@AEBV?$eOp@V?$Row@N@arma@@Veop_scalar_div_post@2@@1@@Z 0000000180005b20 f i GibbsSampler.obj
 0001:00004b20       ??$apply@V?$Mat@N@arma@@V?$Col@N@2@@?$eop_core@Veop_scalar_div_post@arma@@@arma@@SAXAEAV?$Mat@N@1@AEBV?$eOp@V?$Col@N@arma@@Veop_scalar_div_post@2@@1@@Z 0000000180005b20 f i Gaussian.obj
 0001:00004c00       ??$accu_proxy_linear@V?$eOp@V?$Op@V?$Mat@N@arma@@Vop_diagvec@2@@arma@@Veop_log@2@@arma@@@arma@@YANAEBV?$Proxy@V?$eOp@V?$Op@V?$Mat@N@arma@@Vop_diagvec@2@@arma@@Veop_log@2@@arma@@@0@@Z 0000000180005c00 f i Gaussian.obj
 0001:00004cb0       ??$chol@NV?$eGlue@V?$eOp@V?$Mat@N@arma@@Veop_scalar_times@2@@arma@@V?$Glue@V?$eOp@V?$Col@N@arma@@Veop_scalar_times@2@@arma@@V?$Op@V?$Col@N@arma@@Vop_htrans@2@@2@Vglue_times@2@@2@Veglue_plus@2@@arma@@@auxlib@arma@@SA_NAEAV?$Mat@N@1@AEBU?$Base@NV?$eGlue@V?$eOp@V?$Mat@N@arma@@Veop_scalar_times@2@@arma@@V?$Glue@V?$eOp@V?$Col@N@arma@@Veop_scalar_times@2@@arma@@V?$Op@V?$Col@N@arma@@Vop_htrans@2@@2@Vglue_times@2@@2@Veglue_plus@2@@arma@@@1@I@Z 0000000180005cb0 f i Gaussian.obj
 0001:00004e70       ??$apply@V?$Mat@N@arma@@V?$Col@N@2@@?$eop_core@Veop_scalar_times@arma@@@arma@@SAXAEAV?$Mat@N@1@AEBV?$eOp@V?$Col@N@arma@@Veop_scalar_times@2@@1@@Z 0000000180005e70 f i Gaussian.obj
 0001:00004f50       ??$process@N@?$eop_core@Veop_scalar_div_post@arma@@@arma@@SANNN@Z 0000000180005f50 f i Gaussian.obj
 0001:00004f60       ??$apply@V?$Mat@N@arma@@V?$Col@N@2@V32@@?$eglue_core@Veglue_plus@arma@@@arma@@SAXAEAV?$Mat@N@1@AEBV?$eGlue@V?$Col@N@arma@@V12@Veglue_plus@2@@1@@Z 0000000180005f60 f i Gaussian.obj
 0001:000052b0       ??$apply@V?$Mat@N@arma@@V?$Col@N@2@V32@@?$eglue_core@Veglue_minus@arma@@@arma@@SAXAEAV?$Mat@N@1@AEBV?$eGlue@V?$Col@N@arma@@V12@Veglue_minus@2@@1@@Z 00000001800062b0 f i Gaussian.obj
 0001:00005600       ??$modify_stream@N@arma_ostream@arma@@SA_JAEAV?$basic_ostream@DU?$char_traits@D@std@@@std@@PEBNI@Z 0000000180006600 f i Gaussian.obj
 0001:000058e0       ??$print_elem@N@arma_ostream@arma@@SAXAEAV?$basic_ostream@DU?$char_traits@D@std@@@std@@AEBN_N@Z 00000001800068e0 f i Gaussian.obj
 0001:00005960       ??$construct@PEADAEAPEAD@?$allocator@D@std@@QEAAXPEAPEADAEAPEAD@Z 0000000180006960 f i Gaussian.obj
 0001:00005990       ??$?0V?$Op@V?$Mat@N@arma@@Vop_htrans@2@@arma@@V?$Mat@N@1@Vglue_times@1@@?$Mat@N@arma@@QEAA@AEBV?$Glue@V?$Op@V?$Mat@N@arma@@Vop_htrans@2@@arma@@V?$Mat@N@2@Vglue_times@2@@1@@Z 0000000180006990 f i Gaussian.obj
 0001:000059c0       ??$?0V?$eOp@V?$Col@N@arma@@Veop_scalar_times@2@@arma@@V?$Op@V?$Col@N@arma@@Vop_htrans@2@@1@Vglue_times@1@@?$Mat@N@arma@@QEAA@AEBV?$Glue@V?$eOp@V?$Col@N@arma@@Veop_scalar_times@2@@arma@@V?$Op@V?$Col@N@arma@@Vop_htrans@2@@2@Vglue_times@2@@1@@Z 00000001800069c0 f i Gaussian.obj
 0001:000059f0       ?get_aligned_ea@?$Proxy@V?$eOp@V?$Col@N@arma@@Veop_scalar_minus_pre@2@@arma@@@arma@@QEBAAEBV?$eOp@V?$Col@N@arma@@Veop_scalar_minus_pre@2@@2@XZ 00000001800069f0 f i Gaussian.obj
 0001:000059f0       ?get_aligned_ea@?$Proxy@V?$eOp@V?$Row@N@arma@@Veop_scalar_minus_post@2@@arma@@@arma@@QEBAAEBV?$eOp@V?$Row@N@arma@@Veop_scalar_minus_post@2@@2@XZ 00000001800069f0 f i GibbsSampler.obj
 0001:000059f0       ?get_aligned_ea@?$Proxy@V?$eOp@V?$Mat@N@arma@@Veop_scalar_times@2@@arma@@@arma@@QEBAAEBV?$eOp@V?$Mat@N@arma@@Veop_scalar_times@2@@2@XZ 00000001800069f0 f i Gaussian.obj
 0001:000059f0       ??D?$_String_const_iterator@V?$_String_val@U?$_Simple_types@D@std@@@std@@@std@@QEBAAEBDXZ 00000001800069f0 f i GibbsSampler.obj
 0001:000059f0       ?get_ea@?$Proxy@V?$eOp@V?$Col@N@arma@@Veop_scalar_minus_pre@2@@arma@@@arma@@QEBAAEBV?$eOp@V?$Col@N@arma@@Veop_scalar_minus_pre@2@@2@XZ 00000001800069f0 f i Gaussian.obj
 0001:000059f0       ?get_ea@?$Proxy@V?$eOp@V?$Row@N@arma@@Veop_scalar_minus_post@2@@arma@@@arma@@QEBAAEBV?$eOp@V?$Row@N@arma@@Veop_scalar_minus_post@2@@2@XZ 00000001800069f0 f i GibbsSampler.obj
 0001:000059f0       ?get_ea@?$Proxy@V?$eOp@V?$Op@V?$Mat@N@arma@@Vop_diagvec@2@@arma@@Veop_log@2@@arma@@@arma@@QEBAAEBV?$eOp@V?$Op@V?$Mat@N@arma@@Vop_diagvec@2@@arma@@Veop_log@2@@2@XZ 00000001800069f0 f i Gaussian.obj
 0001:000059f0       ?get_aligned_ea@?$Proxy@V?$Row@N@arma@@@arma@@QEBAAEBV?$Row@N@2@XZ 00000001800069f0 f i GibbsSampler.obj
 0001:000059f0       ?get_ea@?$Proxy@V?$eOp@V?$Mat@N@arma@@Veop_scalar_times@2@@arma@@@arma@@QEBAAEBV?$eOp@V?$Mat@N@arma@@Veop_scalar_times@2@@2@XZ 00000001800069f0 f i Gaussian.obj
 0001:000059f0       ?get_aligned_ea@?$Proxy@V?$Col@N@arma@@@arma@@QEBAAEBV?$Col@N@2@XZ 00000001800069f0 f i Gaussian.obj
 0001:00005a00       ?get_n_elem@?$Proxy@V?$eOp@V?$Op@V?$Mat@N@arma@@Vop_diagvec@2@@arma@@Veop_log@2@@arma@@@arma@@QEBAIXZ 0000000180006a00 f i Gaussian.obj
 0001:00005a10       ?get_n_cols@?$Proxy@V?$Row@N@arma@@@arma@@QEBAIXZ 0000000180006a10 f i GibbsSampler.obj
 0001:00005a10       ?get_n_cols@?$Proxy@V?$Mat@N@arma@@@arma@@QEBAIXZ 0000000180006a10 f i Gaussian.obj
 0001:00005a20       ?is_aligned@?$Proxy@V?$eOp@V?$Col@N@arma@@Veop_scalar_minus_pre@2@@arma@@@arma@@QEBA_NXZ 0000000180006a20 f i Gaussian.obj
 0001:00005a20       ?is_aligned@?$Proxy@V?$eOp@V?$Mat@N@arma@@Veop_scalar_times@2@@arma@@@arma@@QEBA_NXZ 0000000180006a20 f i Gaussian.obj
 0001:00005a20       ?is_aligned@?$Proxy@V?$eOp@V?$Row@N@arma@@Veop_scalar_minus_post@2@@arma@@@arma@@QEBA_NXZ 0000000180006a20 f i GibbsSampler.obj
 0001:00005a30       ?get_ea@?$Proxy@V?$Col@N@arma@@@arma@@QEBAPEBNXZ 0000000180006a30 f i Gaussian.obj
 0001:00005a30       ?get_ea@?$Proxy@V?$Row@N@arma@@@arma@@QEBAPEBNXZ 0000000180006a30 f i GibbsSampler.obj
 0001:00005a30       ?get_ea@?$Proxy@V?$Mat@N@arma@@@arma@@QEBAPEBNXZ 0000000180006a30 f i Gaussian.obj
 0001:00005a40       ??A?$Mat@N@arma@@QEBAAEBNI@Z 0000000180006a40 f i Gaussian.obj
 0001:00005a50       ?colptr@?$Mat@N@arma@@QEAAPEANI@Z 0000000180006a50 f i Gaussian.obj
 0001:00005a70       ??0?$diagview@N@arma@@IEAA@AEBV?$Mat@N@1@III@Z 0000000180006a70 f i Gaussian.obj
 0001:00005a90       ??A?$eOp@V?$Col@N@arma@@Veop_scalar_minus_pre@2@@arma@@QEBANI@Z 0000000180006a90 f i Gaussian.obj
 0001:00005ab0       ?at_alt@?$eOp@V?$Col@N@arma@@Veop_scalar_minus_pre@2@@arma@@QEBANI@Z 0000000180006ab0 f i Gaussian.obj
 0001:00005ad0       ?get_n_elem@?$eOp@V?$eOp@V?$Col@N@arma@@Veop_scalar_minus_pre@2@@arma@@Veop_scalar_div_post@2@@arma@@QEBAIXZ 0000000180006ad0 f i Gaussian.obj
 0001:00005ad0       ?get_n_elem@?$eGlue@V?$eOp@V?$Mat@N@arma@@Veop_scalar_times@2@@arma@@V?$Glue@V?$eOp@V?$Col@N@arma@@Veop_scalar_times@2@@arma@@V?$Op@V?$Col@N@arma@@Vop_htrans@2@@2@Vglue_times@2@@2@Veglue_plus@2@@arma@@QEBAIXZ 0000000180006ad0 f i Gaussian.obj
 0001:00005ad0       ?get_n_elem@?$eOp@V?$eOp@V?$Row@N@arma@@Veop_scalar_minus_post@2@@arma@@Veop_exp@2@@arma@@QEBAIXZ 0000000180006ad0 f i GibbsSampler.obj
 0001:00005ae0       ?get_n_elem@?$eOp@V?$Row@N@arma@@Veop_scalar_div_post@2@@arma@@QEBAIXZ 0000000180006ae0 f i GibbsSampler.obj
 0001:00005ae0       ?get_n_elem@?$eOp@V?$Col@N@arma@@Veop_scalar_div_post@2@@arma@@QEBAIXZ 0000000180006ae0 f i Gaussian.obj
 0001:00005ae0       ?get_n_elem@?$eOp@V?$Col@N@arma@@Veop_scalar_minus_pre@2@@arma@@QEBAIXZ 0000000180006ae0 f i Gaussian.obj
 0001:00005ae0       ?get_n_elem@?$eOp@V?$Row@N@arma@@Veop_scalar_minus_post@2@@arma@@QEBAIXZ 0000000180006ae0 f i GibbsSampler.obj
 0001:00005ae0       ?get_n_elem@?$eGlue@V?$Col@N@arma@@V12@Veglue_plus@2@@arma@@QEBAIXZ 0000000180006ae0 f i Gaussian.obj
 0001:00005ae0       ?get_n_elem@?$eGlue@V?$Col@N@arma@@V12@Veglue_minus@2@@arma@@QEBAIXZ 0000000180006ae0 f i Gaussian.obj
 0001:00005ae0       ?get_n_elem@?$eOp@V?$Col@N@arma@@Veop_scalar_times@2@@arma@@QEBAIXZ 0000000180006ae0 f i Gaussian.obj
 0001:00005ae0       ?get_n_elem@?$eOp@V?$Mat@N@arma@@Veop_scalar_times@2@@arma@@QEBAIXZ 0000000180006ae0 f i Gaussian.obj
 0001:00005af0       ?get_n_elem@?$eOp@V?$Op@V?$Mat@N@arma@@Vop_diagvec@2@@arma@@Veop_log@2@@arma@@QEBAIXZ 0000000180006af0 f i Gaussian.obj
 0001:00005b00       ??A?$eOp@V?$Op@V?$Mat@N@arma@@Vop_diagvec@2@@arma@@Veop_log@2@@arma@@QEBANI@Z 0000000180006b00 f i Gaussian.obj
 0001:00005b80       ??$accumulate@N@arrayops@arma@@SANPEBNI@Z 0000000180006b80 f i Gaussian.obj
 0001:00005bd0       ??$?4V?$eOp@V?$Mat@N@arma@@Veop_scalar_times@2@@arma@@V?$Glue@V?$eOp@V?$Col@N@arma@@Veop_scalar_times@2@@arma@@V?$Op@V?$Col@N@arma@@Vop_htrans@2@@2@Vglue_times@2@@1@Veglue_plus@1@@?$Mat@N@arma@@QEAAAEBV01@AEBV?$eGlue@V?$eOp@V?$Mat@N@arma@@Veop_scalar_times@2@@arma@@V?$Glue@V?$eOp@V?$Col@N@arma@@Veop_scalar_times@2@@arma@@V?$Op@V?$Col@N@arma@@Vop_htrans@2@@2@Vglue_times@2@@2@Veglue_plus@2@@1@@Z 0000000180006bd0 f i Gaussian.obj
 0001:00005c20       ??$potrf@N@lapack@arma@@YAXPEADPEAHPEAN11@Z 0000000180006c20 f i Gaussian.obj
 0001:00005c30       ??$process@N@?$eop_core@Veop_scalar_times@arma@@@arma@@SANNN@Z 0000000180006c30 f i Gaussian.obj
 0001:00005c40       ??$leq@N@?$cond_rel@$00@arma@@SA_NNN@Z 0000000180006c40 f i Gaussian.obj
 0001:00005c50       ??$gt@N@?$cond_rel@$00@arma@@SA_NNN@Z 0000000180006c50 f i Gaussian.obj
 0001:00005c60       ??$lt@N@?$cond_rel@$00@arma@@SA_NNN@Z 0000000180006c60 f i Gaussian.obj
 0001:00005c70       ??$geq@N@?$cond_rel@$00@arma@@SA_NNN@Z 0000000180006c70 f i Gaussian.obj
 0001:00005c80       ??$print_elem_zero@N@arma_ostream@arma@@SAXAEAV?$basic_ostream@DU?$char_traits@D@std@@@std@@_N@Z 0000000180006c80 f i Gaussian.obj
 0001:00005d40       ??$apply@V?$Op@V?$Mat@N@arma@@Vop_htrans@2@@arma@@V?$Mat@N@2@@glue_times@arma@@SAXAEAV?$Mat@N@1@AEBV?$Glue@V?$Op@V?$Mat@N@arma@@Vop_htrans@2@@arma@@V?$Mat@N@2@Vglue_times@2@@1@@Z 0000000180006d40 f i Gaussian.obj
 0001:00005d60       ??$apply@V?$eOp@V?$Col@N@arma@@Veop_scalar_times@2@@arma@@V?$Op@V?$Col@N@arma@@Vop_htrans@2@@2@@glue_times@arma@@SAXAEAV?$Mat@N@1@AEBV?$Glue@V?$eOp@V?$Col@N@arma@@Veop_scalar_times@2@@arma@@V?$Op@V?$Col@N@arma@@Vop_htrans@2@@2@Vglue_times@2@@1@@Z 0000000180006d60 f i Gaussian.obj
 0001:00005d80       ??0bad_alloc@std@@QEAA@AEBV01@@Z 0000000180006d80 f i Gaussian.obj
 0001:00005db0       ??A?$Proxy_diagvec_mat@V?$Op@V?$Mat@N@arma@@Vop_diagvec@2@@arma@@@arma@@QEBANI@Z 0000000180006db0 f i Gaussian.obj
 0001:00005dc0       ?get_n_elem@?$Proxy_diagvec_mat@V?$Op@V?$Mat@N@arma@@Vop_diagvec@2@@arma@@@arma@@QEBAIXZ 0000000180006dc0 f i Gaussian.obj
 0001:00005dd0       ?get_n_elem@?$Proxy@V?$eOp@V?$Row@N@arma@@Veop_scalar_minus_post@2@@arma@@@arma@@QEBAIXZ 0000000180006dd0 f i GibbsSampler.obj
 0001:00005dd0       ?get_n_elem@?$Proxy@V?$eOp@V?$Col@N@arma@@Veop_scalar_minus_pre@2@@arma@@@arma@@QEBAIXZ 0000000180006dd0 f i Gaussian.obj
 0001:00005dd0       ?get_n_elem@?$Proxy@V?$eOp@V?$Mat@N@arma@@Veop_scalar_times@2@@arma@@@arma@@QEBAIXZ 0000000180006dd0 f i Gaussian.obj
 0001:00005de0       ?at_alt@?$Proxy@V?$Col@N@arma@@@arma@@QEBANI@Z 0000000180006de0 f i Gaussian.obj
 0001:00005de0       ?at_alt@?$Proxy@V?$Row@N@arma@@@arma@@QEBANI@Z 0000000180006de0 f i GibbsSampler.obj
 0001:00005de0       ?at_alt@?$Proxy@V?$Mat@N@arma@@@arma@@QEBANI@Z 0000000180006de0 f i Gaussian.obj
 0001:00005e00       ??A?$Proxy@V?$Row@N@arma@@@arma@@QEBANI@Z 0000000180006e00 f i GibbsSampler.obj
 0001:00005e00       ??A?$Proxy@V?$Mat@N@arma@@@arma@@QEBANI@Z 0000000180006e00 f i Gaussian.obj
 0001:00005e00       ??A?$Proxy@V?$Col@N@arma@@@arma@@QEBANI@Z 0000000180006e00 f i Gaussian.obj
 0001:00005e20       ?get_n_elem@?$Proxy@V?$Row@N@arma@@@arma@@QEBAIXZ 0000000180006e20 f i GibbsSampler.obj
 0001:00005e20       ?get_n_elem@?$Proxy@V?$Mat@N@arma@@@arma@@QEBAIXZ 0000000180006e20 f i Gaussian.obj
 0001:00005e20       ?get_n_elem@?$Proxy@V?$Col@N@arma@@@arma@@QEBAIXZ 0000000180006e20 f i Gaussian.obj
 0001:00005e30       ??A?$diagview@N@arma@@QEBANI@Z 0000000180006e30 f i Gaussian.obj
 0001:00005e50       ?get_n_cols@?$eGlue@V?$eOp@V?$Mat@N@arma@@Veop_scalar_times@2@@arma@@V?$Glue@V?$eOp@V?$Col@N@arma@@Veop_scalar_times@2@@arma@@V?$Op@V?$Col@N@arma@@Vop_htrans@2@@2@Vglue_times@2@@2@Veglue_plus@2@@arma@@QEBAIXZ 0000000180006e50 f i Gaussian.obj
 0001:00005e50       ?get_n_cols@?$eOp@V?$eOp@V?$Row@N@arma@@Veop_scalar_minus_post@2@@arma@@Veop_exp@2@@arma@@QEBAIXZ 0000000180006e50 f i GibbsSampler.obj
 0001:00005e60       ??$process@N@?$eop_core@Veop_scalar_minus_pre@arma@@@arma@@SANNN@Z 0000000180006e60 f i Gaussian.obj
 0001:00005e70       ??$process@N@?$eop_core@Veop_log@arma@@@arma@@SANNN@Z 0000000180006e70 f i Gaussian.obj
 0001:00005e80       ??$apply@V?$Mat@N@arma@@V?$eOp@V?$Mat@N@arma@@Veop_scalar_times@2@@2@V?$Glue@V?$eOp@V?$Col@N@arma@@Veop_scalar_times@2@@arma@@V?$Op@V?$Col@N@arma@@Vop_htrans@2@@2@Vglue_times@2@@2@@?$eglue_core@Veglue_plus@arma@@@arma@@SAXAEAV?$Mat@N@1@AEBV?$eGlue@V?$eOp@V?$Mat@N@arma@@Veop_scalar_times@2@@arma@@V?$Glue@V?$eOp@V?$Col@N@arma@@Veop_scalar_times@2@@arma@@V?$Op@V?$Col@N@arma@@Vop_htrans@2@@2@Vglue_times@2@@2@Veglue_plus@2@@1@@Z 0000000180006e80 f i Gaussian.obj
 0001:00005fd0       ??$apply@V?$Op@V?$Mat@N@arma@@Vop_htrans@2@@arma@@V?$Mat@N@2@@?$glue_times_redirect@$01@arma@@SAXAEAV?$Mat@N@1@AEBV?$Glue@V?$Op@V?$Mat@N@arma@@Vop_htrans@2@@arma@@V?$Mat@N@2@Vglue_times@2@@1@@Z 0000000180006fd0 f i Gaussian.obj
 0001:00005fe0       ??$apply@V?$eOp@V?$Col@N@arma@@Veop_scalar_times@2@@arma@@V?$Op@V?$Col@N@arma@@Vop_htrans@2@@2@@?$glue_times_redirect@$01@arma@@SAXAEAV?$Mat@N@1@AEBV?$Glue@V?$eOp@V?$Col@N@arma@@Veop_scalar_times@2@@arma@@V?$Op@V?$Col@N@arma@@Vop_htrans@2@@2@Vglue_times@2@@1@@Z 0000000180006fe0 f i Gaussian.obj
 0001:00005ff0       ??A?$eOp@V?$Mat@N@arma@@Veop_scalar_times@2@@arma@@QEBANI@Z 0000000180006ff0 f i Gaussian.obj
 0001:00006010       ?at_alt@?$eOp@V?$Mat@N@arma@@Veop_scalar_times@2@@arma@@QEBANI@Z 0000000180007010 f i Gaussian.obj
 0001:00006030       ??$log@N@eop_aux@arma@@SANN@Z 0000000180007030 f i Gaussian.obj
 0001:00006040       ??$apply@V?$Op@V?$Mat@N@arma@@Vop_htrans@2@@arma@@V?$Mat@N@2@@?$glue_times_redirect2_helper@$00@arma@@SAXAEAV?$Mat@N@1@AEBV?$Glue@V?$Op@V?$Mat@N@arma@@Vop_htrans@2@@arma@@V?$Mat@N@2@Vglue_times@2@@1@@Z 0000000180007040 f i Gaussian.obj
 0001:00006050       ??$apply@V?$eOp@V?$Col@N@arma@@Veop_scalar_times@2@@arma@@V?$Op@V?$Col@N@arma@@Vop_htrans@2@@2@@?$glue_times_redirect2_helper@$00@arma@@SAXAEAV?$Mat@N@1@AEBV?$Glue@V?$eOp@V?$Col@N@arma@@Veop_scalar_times@2@@arma@@V?$Op@V?$Col@N@arma@@Vop_htrans@2@@2@Vglue_times@2@@1@@Z 0000000180007050 f i Gaussian.obj
 0001:00006060       ??1?$unwrap_check@V?$Mat@N@arma@@@arma@@QEAA@XZ 0000000180007060 f i Gaussian.obj
 0001:00006090       ??$apply@V?$Op@V?$Mat@N@arma@@Vop_htrans@2@@arma@@V?$Mat@N@2@@?$glue_times_redirect2_helper@$0A@@arma@@SAXAEAV?$Mat@N@1@AEBV?$Glue@V?$Op@V?$Mat@N@arma@@Vop_htrans@2@@arma@@V?$Mat@N@2@Vglue_times@2@@1@@Z 0000000180007090 f i Gaussian.obj
 0001:00006160       ??$apply@V?$eOp@V?$Col@N@arma@@Veop_scalar_times@2@@arma@@V?$Op@V?$Col@N@arma@@Vop_htrans@2@@2@@?$glue_times_redirect2_helper@$0A@@arma@@SAXAEAV?$Mat@N@1@AEBV?$Glue@V?$eOp@V?$Col@N@arma@@Veop_scalar_times@2@@arma@@V?$Op@V?$Col@N@arma@@Vop_htrans@2@@2@Vglue_times@2@@1@@Z 0000000180007160 f i Gaussian.obj
 0001:00006240       ?is_alias@?$partial_unwrap@V?$Op@V?$Col@N@arma@@Vop_htrans@2@@arma@@@arma@@QEBA_NAEBV?$Mat@N@2@@Z 0000000180007240 f i Gaussian.obj
 0001:00006240       ?is_alias@?$partial_unwrap@V?$Mat@N@arma@@@arma@@QEBA_NAEBV?$Mat@N@2@@Z 0000000180007240 f i Gaussian.obj
 0001:00006240       ?is_alias@?$partial_unwrap@V?$Op@V?$Mat@N@arma@@Vop_htrans@2@@arma@@@arma@@QEBA_NAEBV?$Mat@N@2@@Z 0000000180007240 f i Gaussian.obj
 0001:00006250       ?get_val@?$partial_unwrap@V?$Op@V?$Col@N@arma@@Vop_htrans@2@@arma@@@arma@@QEBANXZ 0000000180007250 f i Gaussian.obj
 0001:00006260       ??0?$partial_unwrap@V?$Op@V?$Mat@N@arma@@Vop_htrans@2@@arma@@@arma@@QEAA@AEBV?$Op@V?$Mat@N@arma@@Vop_htrans@2@@1@@Z 0000000180007260 f i Gaussian.obj
 0001:00006260       ??0?$partial_unwrap@V?$Op@V?$Col@N@arma@@Vop_htrans@2@@arma@@@arma@@QEAA@AEBV?$Op@V?$Col@N@arma@@Vop_htrans@2@@1@@Z 0000000180007260 f i Gaussian.obj
 0001:00006270       ?is_alias@?$partial_unwrap@V?$eOp@V?$Col@N@arma@@Veop_scalar_times@2@@arma@@@arma@@QEBA_NAEBV?$Mat@N@2@@Z 0000000180007270 f i Gaussian.obj
 0001:00006280       ?get_val@?$partial_unwrap@V?$eOp@V?$Col@N@arma@@Veop_scalar_times@2@@arma@@@arma@@QEBANXZ 0000000180007280 f i Gaussian.obj
 0001:00006290       ??0?$partial_unwrap@V?$eOp@V?$Col@N@arma@@Veop_scalar_times@2@@arma@@@arma@@QEAA@AEBV?$eOp@V?$Col@N@arma@@Veop_scalar_times@2@@1@@Z 0000000180007290 f i Gaussian.obj
 0001:000062b0       ??0?$Mat@N@arma@@QEAA@II@Z 00000001800072b0 f i Gaussian.obj
 0001:000062e0       ??$apply@N$00$0A@$0A@V?$Mat@N@arma@@V12@@glue_times@arma@@SAXAEAV?$Mat@N@1@AEBV21@1N@Z 00000001800072e0 f i Gaussian.obj
 0001:000063d0       ??$apply@N$0A@$00$00V?$Col@N@arma@@V12@@glue_times@arma@@SAXAEAV?$Mat@N@1@AEBV?$Col@N@1@1N@Z 00000001800073d0 f i Gaussian.obj
 0001:000064a0       ?zeros@?$Mat@N@arma@@QEAAAEBV12@XZ 00000001800074a0 f i Gaussian.obj
 0001:000064d0       ??$apply@V?$Mat@N@arma@@@?$gemv@$00$0A@$0A@@arma@@SAXPEANAEBV?$Mat@N@1@PEBNNN@Z 00000001800074d0 f i Gaussian.obj
 0001:000064e0       ??$apply@V?$Mat@N@arma@@@?$syrk@$00$0A@$0A@@arma@@SAXAEAV?$Mat@N@1@AEBV21@NN@Z 00000001800074e0 f i Gaussian.obj
 0001:000064f0       ??$apply@V?$Mat@N@arma@@V12@@?$gemm@$00$0A@$0A@$0A@@arma@@SAXAEAV?$Mat@N@1@AEBV21@1NN@Z 00000001800074f0 f i Gaussian.obj
 0001:00006500       ??$apply@V?$Col@N@arma@@@?$gemv@$0A@$00$0A@@arma@@SAXPEANAEBV?$Col@N@1@PEBNNN@Z 0000000180007500 f i Gaussian.obj
 0001:00006510       ??$apply@V?$Col@N@arma@@@?$syrk@$0A@$00$0A@@arma@@SAXAEAV?$Mat@N@1@AEBV?$Col@N@1@NN@Z 0000000180007510 f i Gaussian.obj
 0001:00006520       ??$apply@V?$Col@N@arma@@V12@@?$gemm@$0A@$00$00$0A@@arma@@SAXAEAV?$Mat@N@1@AEBV?$Col@N@1@1NN@Z 0000000180007520 f i Gaussian.obj
 0001:00006530       ?colptr@?$Mat@N@arma@@QEBAPEBNI@Z 0000000180007530 f i Gaussian.obj
 0001:00006540       ??$fill_zeros@N@arrayops@arma@@SAXPEANI@Z 0000000180007540 f i Gaussian.obj
 0001:00006550       ??$is_alias@N@?$Proxy@V?$Mat@N@arma@@@arma@@QEBA_NAEBV?$Mat@N@1@@Z 0000000180007550 f i Gaussian.obj
 0001:00006550       ??$is_alias@N@?$quasi_unwrap@V?$Row@N@arma@@@arma@@QEBA_NAEBV?$Mat@N@1@@Z 0000000180007550 f i GibbsSampler.obj
 0001:00006560       ??$direct_dot_arma@N@op_dot@arma@@SANIQEBN0@Z 0000000180007560 f i Gaussian.obj
 0001:000065d0       ??$apply_blas_type@NV?$Mat@N@arma@@@?$gemv@$00$0A@$0A@@arma@@SAXPEANAEBV?$Mat@N@1@PEBNNN@Z 00000001800075d0 f i Gaussian.obj
 0001:00006690       ??$apply_blas_type@NV?$Mat@N@arma@@@?$syrk@$00$0A@$0A@@arma@@SAXAEAV?$Mat@N@1@AEBV21@NN@Z 0000000180007690 f i Gaussian.obj
 0001:00006770       ??$apply_blas_type@NV?$Mat@N@arma@@V12@@?$gemm@$00$0A@$0A@$0A@@arma@@SAXAEAV?$Mat@N@1@AEBV21@1NN@Z 0000000180007770 f i Gaussian.obj
 0001:00006880       ??$apply_blas_type@NV?$Col@N@arma@@@?$gemv@$0A@$00$0A@@arma@@SAXPEANAEBV?$Col@N@1@PEBNNN@Z 0000000180007880 f i Gaussian.obj
 0001:00006930       ??$apply_blas_type@NV?$Col@N@arma@@@?$syrk@$0A@$00$0A@@arma@@SAXAEAV?$Mat@N@1@AEBV?$Col@N@1@NN@Z 0000000180007930 f i Gaussian.obj
 0001:00006a00       ??$apply_blas_type@NV?$Col@N@arma@@V12@@?$gemm@$0A@$00$00$0A@@arma@@SAXAEAV?$Mat@N@1@AEBV?$Col@N@1@1NN@Z 0000000180007a00 f i Gaussian.obj
 0001:00006b60       ?is_vec@?$Mat@N@arma@@QEBA_NXZ 0000000180007b60 f i Gaussian.obj
 0001:00006b80       ??$apply@NV?$Mat@N@arma@@@?$gemv_emul_tinysq@$00$0A@$0A@@arma@@SAXPEANAEBV?$Mat@N@1@PEBNNN@Z 0000000180007b80 f i Gaussian.obj
 0001:00006db0       ??$gemv@N@blas@arma@@YAXPEBDPEBH1PEBN21212PEAN1@Z 0000000180007db0 f i Gaussian.obj
 0001:00006e20       ??$gemm@N@blas@arma@@YAXPEBD0PEBH11PEBN21212PEAN1@Z 0000000180007e20 f i Gaussian.obj
 0001:00006ea0       ??$apply@NV?$Mat@N@arma@@@?$syrk_vec@$00$0A@$0A@@arma@@SAXAEAV?$Mat@N@1@AEBV21@NN@Z 0000000180007ea0 f i Gaussian.obj
 0001:00007000       ??$apply@NV?$Mat@N@arma@@@?$syrk_emul@$00$0A@$0A@@arma@@SAXAEAV?$Mat@N@1@AEBV21@NN@Z 0000000180008000 f i Gaussian.obj
 0001:000070b0       ??$syrk@N@blas@arma@@YAXPEBD0PEBH1PEBN212PEAN1@Z 00000001800080b0 f i Gaussian.obj
 0001:000070c0       ??$inplace_copy_upper_tri_to_lower_tri@N@syrk_helper@arma@@SAXAEAV?$Mat@N@1@@Z 00000001800080c0 f i Gaussian.obj
 0001:00007170       ??$apply@NV?$Mat@N@arma@@V12@@?$gemm_emul_tinysq@$00$0A@$0A@@arma@@SAXAEAV?$Mat@N@1@AEBV21@1NN@Z 0000000180008170 f i Gaussian.obj
 0001:00007260       ??$apply@NV?$Mat@N@arma@@@?$syrk_emul@$00$00$0A@@arma@@SAXAEAV?$Mat@N@1@AEBV21@NN@Z 0000000180008260 f i Gaussian.obj
 0001:00007310       ??$apply_mat_noalias_tinysq@NV?$Col@N@arma@@@op_strans@arma@@SAXAEAV?$Mat@N@1@AEBV?$Col@N@1@@Z 0000000180008310 f i Gaussian.obj
 0001:00007450       ??$apply@NV?$Col@N@arma@@@?$gemv_emul_tinysq@$0A@$00$0A@@arma@@SAXPEANAEBV?$Col@N@1@PEBNNN@Z 0000000180008450 f i Gaussian.obj
 0001:000076a0       ??$apply@NV?$Col@N@arma@@V?$Mat@N@2@@?$gemm_emul_tinysq@$0A@$00$0A@@arma@@SAXAEAV?$Mat@N@1@AEBV?$Col@N@1@AEBV21@NN@Z 00000001800086a0 f i Gaussian.obj
 0001:000077a0       ??$apply@NV?$Col@N@arma@@@?$syrk_vec@$0A@$00$0A@@arma@@SAXAEAV?$Mat@N@1@AEBV?$Col@N@1@NN@Z 00000001800087a0 f i Gaussian.obj
 0001:00007920       ??$apply@NV?$Col@N@arma@@@?$syrk_emul@$0A@$00$0A@@arma@@SAXAEAV?$Mat@N@1@AEBV?$Col@N@1@NN@Z 0000000180008920 f i Gaussian.obj
 0001:000079b0       ??$apply_mat_noalias@NV?$Col@N@arma@@@op_strans@arma@@SAXAEAV?$Mat@N@1@AEBV?$Col@N@1@@Z 00000001800089b0 f i Gaussian.obj
 0001:00007a00       ??$assign@N$0A@@?$gemv_emul_tinysq@$00$0A@$0A@@arma@@SAXPEANNNN@Z 0000000180008a00 f i Gaussian.obj
 0001:00007a10       ??$assign@N$00@?$gemv_emul_tinysq@$00$0A@$0A@@arma@@SAXPEANNNN@Z 0000000180008a10 f i Gaussian.obj
 0001:00007a20       ??$assign@N$01@?$gemv_emul_tinysq@$00$0A@$0A@@arma@@SAXPEANNNN@Z 0000000180008a20 f i Gaussian.obj
 0001:00007a30       ??$assign@N$02@?$gemv_emul_tinysq@$00$0A@$0A@@arma@@SAXPEANNNN@Z 0000000180008a30 f i Gaussian.obj
 0001:00007a40       ??$assign@N$0A@@?$gemv_emul_tinysq@$0A@$00$0A@@arma@@SAXPEANNNN@Z 0000000180008a40 f i Gaussian.obj
 0001:00007a50       ??$assign@N$00@?$gemv_emul_tinysq@$0A@$00$0A@@arma@@SAXPEANNNN@Z 0000000180008a50 f i Gaussian.obj
 0001:00007a60       ??$assign@N$01@?$gemv_emul_tinysq@$0A@$00$0A@@arma@@SAXPEANNNN@Z 0000000180008a60 f i Gaussian.obj
 0001:00007a70       ??$assign@N$02@?$gemv_emul_tinysq@$0A@$00$0A@@arma@@SAXPEANNNN@Z 0000000180008a70 f i Gaussian.obj
 0001:00007a80       ??$direct_dot@N@op_dot@arma@@SANIQEBN0@Z 0000000180008a80 f i Gaussian.obj
 0001:00007a90       ??$dot@N@blas@arma@@YANIPEBN0@Z 0000000180008a90 f i Gaussian.obj
 0001:00007ac4       ??_E?$basic_ostringstream@DU?$char_traits@D@std@@V?$allocator@D@2@@std@@$4PPPPPPPM@A@EAAPEAXI@Z 0000000180008ac4 f i Gaussian.obj
 0001:00007ad0       ?infinity@?$numeric_limits@N@std@@SANXZ 0000000180008ad0 f i GibbsSampler.obj
 0001:00007ae0       ?quiet_NaN@?$numeric_limits@N@std@@SANXZ 0000000180008ae0 f i GibbsSampler.obj
[...]
 0004:0000123c       $pdata$??_GGaussian@@QEAAPEAXI@Z 000000018001c23c     GibbsSampler.obj
 0004:00001248       $pdata$??_G?$field@VGaussian@@@arma@@QEAAPEAXI@Z 000000018001c248     GibbsSampler.obj
 0004:00001254       $pdata$??_G?$Row@N@arma@@QEAAPEAXI@Z 000000018001c254     GibbsSampler.obj
 0004:00001260       $pdata$??_G?$field@V?$Row@N@arma@@@arma@@QEAAPEAXI@Z 000000018001c260     GibbsSampler.obj
 0004:0000126c       $pdata$??0?$Proxy@V?$mtOp@IV?$Op@V?$Row@N@arma@@Vop_cumsum_default@2@@arma@@Vop_rel_gt_pre@2@@arma@@@arma@@QEAA@AEBV?$mtOp@IV?$Op@V?$Row@N@arma@@Vop_cumsum_default@2@@arma@@Vop_rel_gt_pre@2@@1@@Z 000000018001c26c     GibbsSampler.obj
 0004:00001278       $pdata$??0?$Mat@N@arma@@QEAA@AEBV?$subview@N@1@@Z 000000018001c278     GibbsSampler.obj
 0004:00001284       $pdata$?randu@?$Mat@N@arma@@QEAAAEBV12@XZ 000000018001c284     GibbsSampler.obj
 0004:00001290       $pdata$?eye@?$Mat@N@arma@@QEAAAEBV12@XZ 000000018001c290     GibbsSampler.obj
 0004:0000129c       $pdata$??0?$Col@N@arma@@QEAA@II@Z 000000018001c29c     GibbsSampler.obj
 0004:000012a8       $pdata$??0?$Row@N@arma@@QEAA@II@Z 000000018001c2a8     GibbsSampler.obj
 0004:000012b4       $pdata$??0?$Row@N@arma@@QEAA@AEBV01@@Z 000000018001c2b4     GibbsSampler.obj
 0004:000012c0       $pdata$?extract@?$subview@N@arma@@SAXAEAV?$Mat@N@2@AEBV12@@Z 000000018001c2c0     GibbsSampler.obj
 0004:000012cc       $pdata$?init@?$field@VGaussian@@@arma@@AEAAXIII@Z 000000018001c2cc     GibbsSampler.obj
 0004:000012d8       $pdata$?init@?$field@V?$field@VGaussian@@@arma@@@arma@@AEAAXIII@Z 000000018001c2d8     GibbsSampler.obj
 0004:000012e4       $pdata$?init@?$field@V?$Mat@N@arma@@@arma@@AEAAXIII@Z 000000018001c2e4     GibbsSampler.obj
 0004:000012f0       $pdata$?init@?$field@V?$Row@N@arma@@@arma@@AEAAXIII@Z 000000018001c2f0     GibbsSampler.obj
 0004:000012fc       $pdata$?init@?$field@V?$field@V?$Row@N@arma@@@arma@@@arma@@AEAAXIII@Z 000000018001c2fc     GibbsSampler.obj
 0004:00001308       $pdata$??$accu_proxy_mat@V?$Row@N@arma@@@arma@@YANAEBV?$Proxy@V?$Row@N@arma@@@0@@Z 000000018001c308     GibbsSampler.obj
 0004:00001314       $pdata$??$most_neg@N@priv@arma@@YANPEAN@Z 000000018001c314     GibbsSampler.obj
 0004:00001320       $pdata$??$apply@V?$Mat@N@arma@@V?$eOp@V?$Row@N@arma@@Veop_scalar_minus_post@2@@2@@?$eop_core@Veop_exp@arma@@@arma@@SAXAEAV?$Mat@N@1@AEBV?$eOp@V?$eOp@V?$Row@N@arma@@Veop_scalar_minus_post@2@@arma@@Veop_exp@2@@1@@Z 000000018001c320     GibbsSampler.obj
 0004:0000132c       $pdata$??$accu_proxy_mat@V?$mtOp@IV?$Op@V?$Row@N@arma@@Vop_cumsum_default@2@@arma@@Vop_rel_gt_pre@2@@arma@@@arma@@YAIAEBV?$Proxy@V?$mtOp@IV?$Op@V?$Row@N@arma@@Vop_cumsum_default@2@@arma@@Vop_rel_gt_pre@2@@arma@@@0@@Z 000000018001c32c     GibbsSampler.obj
 0004:00001338       $pdata$??$?0V?$Op@V?$Row@N@arma@@Vop_cumsum_default@2@@arma@@Vop_rel_gt_pre@1@@?$Mat@I@arma@@QEAA@AEBV?$mtOp@IV?$Op@V?$Row@N@arma@@Vop_cumsum_default@2@@arma@@Vop_rel_gt_pre@2@@1@@Z 000000018001c338     GibbsSampler.obj
 0004:00001344       $pdata$??$randi_fill@N@arma_rng_cxx98@arma@@SAXPEANIHH@Z 000000018001c344     GibbsSampler.obj
 0004:00001350       $pdata$0$??$randi_fill@N@arma_rng_cxx98@arma@@SAXPEANIHH@Z 000000018001c350     GibbsSampler.obj
 0004:0000135c       $pdata$1$??$randi_fill@N@arma_rng_cxx98@arma@@SAXPEANIHH@Z 000000018001c35c     GibbsSampler.obj
 0004:00001368       $pdata$?init_warm@?$Mat@I@arma@@IEAAXII@Z 000000018001c368     GibbsSampler.obj
 0004:00001374       $pdata$1$?init_warm@?$Mat@I@arma@@IEAAXII@Z 000000018001c374     GibbsSampler.obj
 0004:00001380       $pdata$2$?init_warm@?$Mat@I@arma@@IEAAXII@Z 000000018001c380     GibbsSampler.obj
 0004:0000138c       $pdata$?create_objects@?$field@VGaussian@@@arma@@AEAAXXZ 000000018001c38c     GibbsSampler.obj
 0004:00001398       $pdata$?create_objects@?$field@V?$field@V?$Row@N@arma@@@arma@@@arma@@AEAAXXZ 000000018001c398     GibbsSampler.obj
 0004:00001398       $pdata$?create_objects@?$field@V?$field@VGaussian@@@arma@@@arma@@AEAAXXZ 000000018001c398     GibbsSampler.obj
 0004:000013a4       $pdata$?create_objects@?$field@V?$Mat@N@arma@@@arma@@AEAAXXZ 000000018001c3a4     GibbsSampler.obj
 0004:000013b0       $pdata$?create_objects@?$field@V?$Row@N@arma@@@arma@@AEAAXXZ 000000018001c3b0     GibbsSampler.obj
 0004:000013bc       $pdata$??A?$eOp@V?$Row@N@arma@@Veop_scalar_minus_post@2@@arma@@QEBANI@Z 000000018001c3bc     GibbsSampler.obj
 0004:000013c8       $pdata$?at_alt@?$eOp@V?$Row@N@arma@@Veop_scalar_minus_post@2@@arma@@QEBANI@Z 000000018001c3c8     GibbsSampler.obj
 0004:000013d4       $pdata$??$arma_check_bad_alloc@$$BY0BN@D@arma@@YAX_NAEAY0BN@$$CBD@Z 000000018001c3d4     GibbsSampler.obj
 0004:000013e0       $pdata$??$accumulate@I@arrayops@arma@@SAIPEBII@Z 000000018001c3e0     GibbsSampler.obj
 0004:000013ec       $pdata$??$apply@V?$Op@V?$Row@N@arma@@Vop_cumsum_default@2@@arma@@@op_rel_gt_pre@arma@@SAXAEAV?$Mat@I@1@AEBV?$mtOp@IV?$Op@V?$Row@N@arma@@Vop_cumsum_default@2@@arma@@Vop_rel_gt_pre@2@@1@@Z 000000018001c3ec     GibbsSampler.obj
 0004:000013f8       $pdata$??0?$Proxy@V?$Op@V?$Row@N@arma@@Vop_cumsum_default@2@@arma@@@arma@@QEAA@AEBV?$Op@V?$Row@N@arma@@Vop_cumsum_default@2@@1@@Z 000000018001c3f8     GibbsSampler.obj
 0004:00001404       $pdata$??$arma_stop_bad_alloc@$$BY0BN@D@arma@@YAXAEAY0BN@$$CBD@Z 000000018001c404     GibbsSampler.obj
 0004:00001410       $pdata$??$?0V?$Row@N@arma@@Vop_cumsum_default@1@@?$Mat@N@arma@@QEAA@AEBV?$Op@V?$Row@N@arma@@Vop_cumsum_default@2@@1@@Z 000000018001c410     GibbsSampler.obj
 0004:0000141c       $pdata$??$apply@V?$Row@N@arma@@@op_cumsum_default@arma@@SAXAEAV?$Mat@N@1@AEBV?$Op@V?$Row@N@arma@@Vop_cumsum_default@2@@1@@Z 000000018001c41c     GibbsSampler.obj
 0004:00001428       $pdata$??$apply_noalias@N@op_cumsum@arma@@SAXAEAV?$Mat@N@1@AEBV21@I@Z 000000018001c428     GibbsSampler.obj
 0004:00001434       $pdata$0$??$apply_noalias@N@op_cumsum@arma@@SAXAEAV?$Mat@N@1@AEBV21@I@Z 000000018001c434     GibbsSampler.obj
 0004:00001440       $pdata$1$??$apply_noalias@N@op_cumsum@arma@@SAXAEAV?$Mat@N@1@AEBV21@I@Z 000000018001c440     GibbsSampler.obj
 0004:0000144c       $pdata$2$??$apply_noalias@N@op_cumsum@arma@@SAXAEAV?$Mat@N@1@AEBV21@I@Z 000000018001c44c     GibbsSampler.obj
 0004:00001458       $pdata$3$??$apply_noalias@N@op_cumsum@arma@@SAXAEAV?$Mat@N@1@AEBV21@I@Z 000000018001c458     GibbsSampler.obj
 0004:00001464       $pdata$memcpy_s            000000018001c464     GibbsSampler.obj
 0004:00001470       $pdata$?armaGetPr@@YA?AV?$Mat@N@arma@@PEBUmxArray_tag@@_N1@Z 000000018001c470     nCRP-Gibbs-Sampler.obj
 0004:0000147c       $pdata$1$?armaGetPr@@YA?AV?$Mat@N@arma@@PEBUmxArray_tag@@_N1@Z 000000018001c47c     nCRP-Gibbs-Sampler.obj
 0004:00001488       $pdata$2$?armaGetPr@@YA?AV?$Mat@N@arma@@PEBUmxArray_tag@@_N1@Z 000000018001c488     nCRP-Gibbs-Sampler.obj
 0004:00001494       $pdata$?armaSetPr@@YAXPEAUmxArray_tag@@AEBV?$Mat@N@arma@@@Z 000000018001c494     nCRP-Gibbs-Sampler.obj
 0004:000014a0       $pdata$?armaSetCubePr@@YAXPEAUmxArray_tag@@AEBV?$Cube@N@arma@@@Z 000000018001c4a0     nCRP-Gibbs-Sampler.obj
 0004:000014ac       $pdata$?armaCreateMxMatrix@@YAPEAUmxArray_tag@@_K0W4mxClassID@@W4mxComplexity@@@Z 000000018001c4ac     nCRP-Gibbs-Sampler.obj
 0004:000014b8       $pdata$?armaCreateMxMatrix@@YAPEAUmxArray_tag@@_K00W4mxClassID@@W4mxComplexity@@@Z 000000018001c4b8     nCRP-Gibbs-Sampler.obj
 0004:000014c4       $pdata$?createCell@@YAPEAUmxArray_tag@@V?$field@V?$Row@N@arma@@@arma@@@Z 000000018001c4c4     nCRP-Gibbs-Sampler.obj
 0004:000014d0       $pdata$?createCell@@YAPEAUmxArray_tag@@V?$field@V?$field@V?$Row@N@arma@@@arma@@@arma@@@Z 000000018001c4d0     nCRP-Gibbs-Sampler.obj
 0004:000014dc       $pdata$?createMuCell@@YAPEAUmxArray_tag@@V?$field@V?$field@VGaussian@@@arma@@@arma@@@Z 000000018001c4dc     nCRP-Gibbs-Sampler.obj
 0004:000014e8       $pdata$?createSigmaCell@@YAPEAUmxArray_tag@@V?$field@V?$field@VGaussian@@@arma@@@arma@@@Z 000000018001c4e8     nCRP-Gibbs-Sampler.obj
 0004:000014f4       $pdata$mexFunction         000000018001c4f4     nCRP-Gibbs-Sampler.obj
 0004:00001500       $pdata$??0?$Row@N@arma@@QEAA@I@Z 000000018001c500     nCRP-Gibbs-Sampler.obj
 0004:0000150c       $pdata$??1?$Cube@N@arma@@QEAA@XZ 000000018001c50c     nCRP-Gibbs-Sampler.obj
 0004:00001518       $pdata$?slice@?$Cube@N@arma@@QEAAAEAV?$Mat@N@2@I@Z 000000018001c518     nCRP-Gibbs-Sampler.obj
 0004:00001524       $pdata$??0?$field@VGaussian@@@arma@@QEAA@AEBV01@@Z 000000018001c524     nCRP-Gibbs-Sampler.obj
 0004:00001530       $pdata$??0?$field@V?$field@VGaussian@@@arma@@@arma@@QEAA@AEBV01@@Z 000000018001c530     nCRP-Gibbs-Sampler.obj
 0004:0000153c       $pdata$??0?$field@V?$Mat@N@arma@@@arma@@QEAA@II@Z 000000018001c53c     nCRP-Gibbs-Sampler.obj
 0004:00001548       $pdata$??0?$field@V?$Mat@N@arma@@@arma@@QEAA@AEBV01@@Z 000000018001c548     nCRP-Gibbs-Sampler.obj
 0004:00001554       $pdata$??0?$field@V?$Row@N@arma@@@arma@@QEAA@AEBV01@@Z 000000018001c554     nCRP-Gibbs-Sampler.obj
 0004:00001560       $pdata$??0?$field@V?$field@V?$Row@N@arma@@@arma@@@arma@@QEAA@AEBV01@@Z 000000018001c560     nCRP-Gibbs-Sampler.obj
 0004:0000156c       $pdata$??$?0V?$Mat@N@arma@@@?$Row@N@arma@@QEAA@AEBU?$Base@NV?$Mat@N@arma@@@1@@Z 000000018001c56c     nCRP-Gibbs-Sampler.obj
 0004:00001578       $pdata$??$?0Ufill_zeros@fill@arma@@@?$Mat@N@arma@@QEAA@IIAEBU?$fill_class@Ufill_zeros@fill@arma@@@fill@1@@Z 000000018001c578     nCRP-Gibbs-Sampler.obj
 0004:00001584       $pdata$??$?0Ufill_zeros@fill@arma@@@?$Cube@N@arma@@QEAA@IIIAEBU?$fill_class@Ufill_zeros@fill@arma@@@fill@1@@Z 000000018001c584     nCRP-Gibbs-Sampler.obj
 0004:00001590       $pdata$?zeros@?$Cube@N@arma@@QEAAAEBV12@XZ 000000018001c590     nCRP-Gibbs-Sampler.obj
 0004:0000159c       $pdata$?init_cold@?$Cube@N@arma@@IEAAXXZ 000000018001c59c     nCRP-Gibbs-Sampler.obj
 0004:000015a8       $pdata$?delete_mat@?$Cube@N@arma@@IEAAXXZ 000000018001c5a8     nCRP-Gibbs-Sampler.obj
 0004:000015b4       $pdata$0$?delete_mat@?$Cube@N@arma@@IEAAXXZ 000000018001c5b4     nCRP-Gibbs-Sampler.obj
 0004:000015c0       $pdata$1$?delete_mat@?$Cube@N@arma@@IEAAXXZ 000000018001c5c0     nCRP-Gibbs-Sampler.obj
 0004:000015cc       $pdata$?create_mat@?$Cube@N@arma@@IEAAXXZ 000000018001c5cc     nCRP-Gibbs-Sampler.obj
 0004:000015d8       $pdata$0$?create_mat@?$Cube@N@arma@@IEAAXXZ 000000018001c5d8     nCRP-Gibbs-Sampler.obj
 0004:000015e4       $pdata$1$?create_mat@?$Cube@N@arma@@IEAAXXZ 000000018001c5e4     nCRP-Gibbs-Sampler.obj
 0004:000015f0       $pdata$??$arma_check_bad_alloc@$$BY0CC@D@arma@@YAX_NAEAY0CC@$$CBD@Z 000000018001c5f0     nCRP-Gibbs-Sampler.obj
 0004:000015fc       $pdata$??$inplace_op@Vop_internal_equ@arma@@V?$Mat@N@2@@?$subview@N@arma@@QEAAXAEBU?$Base@NV?$Mat@N@arma@@@1@PEBD@Z 000000018001c5fc     nCRP-Gibbs-Sampler.obj
 0004:00001608       $pdata$0$??$inplace_op@Vop_internal_equ@arma@@V?$Mat@N@2@@?$subview@N@arma@@QEAAXAEBU?$Base@NV?$Mat@N@arma@@@1@PEBD@Z 000000018001c608     nCRP-Gibbs-Sampler.obj
 0004:00001614       $pdata$1$??$inplace_op@Vop_internal_equ@arma@@V?$Mat@N@2@@?$subview@N@arma@@QEAAXAEBU?$Base@NV?$Mat@N@arma@@@1@PEBD@Z 000000018001c614     nCRP-Gibbs-Sampler.obj
 0004:00001620       $pdata$2$??$inplace_op@Vop_internal_equ@arma@@V?$Mat@N@2@@?$subview@N@arma@@QEAAXAEBU?$Base@NV?$Mat@N@arma@@@1@PEBD@Z 000000018001c620     nCRP-Gibbs-Sampler.obj
 0004:0000162c       $pdata$3$??$inplace_op@Vop_internal_equ@arma@@V?$Mat@N@2@@?$subview@N@arma@@QEAAXAEBU?$Base@NV?$Mat@N@arma@@@1@PEBD@Z 000000018001c62c     nCRP-Gibbs-Sampler.obj
 0004:00001638       $pdata$??0?$unwrap_check@V?$Mat@N@arma@@@arma@@QEAA@AEBV?$Mat@N@1@_N@Z 000000018001c638     nCRP-Gibbs-Sampler.obj
 0004:00001644       $pdata$??$arma_stop_bad_alloc@$$BY0CC@D@arma@@YAXAEAY0CC@$$CBD@Z 000000018001c644     nCRP-Gibbs-Sampler.obj
 0004:0000165c       $pdata$??2@YAPEAX_K@Z      000000018001c65c     MSVCRT:new_scalar.obj
 0004:00001668       $pdata$??_Gtype_info@@UEAAPEAXI@Z 000000018001c668     MSVCRT:std_type_info_static.obj
 0004:00001674       $pdata$?__scrt_initialize_thread_safe_statics@@YAHXZ 000000018001c674     MSVCRT:thread_safe_statics.obj
 0004:00001680       $pdata$?__scrt_uninitialize_thread_safe_statics@@YAXXZ 000000018001c680     MSVCRT:thread_safe_statics.obj
 0004:0000168c       $pdata$_Init_thread_footer 000000018001c68c     MSVCRT:thread_safe_statics.obj
 0004:00001698       $pdata$_Init_thread_header 000000018001c698     MSVCRT:thread_safe_statics.obj
 0004:000016a4       $pdata$_Init_thread_notify 000000018001c6a4     MSVCRT:thread_safe_statics.obj
 0004:000016b0       $pdata$_Init_thread_wait   000000018001c6b0     MSVCRT:thread_safe_statics.obj
 0004:000016bc       $pdata$?dllmain_crt_dispatch@@YAHQEAUHINSTANCE__@@KQEAX@Z 000000018001c6bc     MSVCRT:dll_dllmain.obj
 0004:000016c8       $pdata$?dllmain_crt_process_attach@@YAHQEAUHINSTANCE__@@QEAX@Z 000000018001c6c8     MSVCRT:dll_dllmain.obj
 0004:000016d4       $pdata$?dllmain_crt_process_detach@@YAH_N@Z 000000018001c6d4     MSVCRT:dll_dllmain.obj
 0004:000016e0       $pdata$?dllmain_dispatch@@YAHQEAUHINSTANCE__@@KQEAX@Z 000000018001c6e0     MSVCRT:dll_dllmain.obj
 0004:000016ec       $pdata$?dllmain_raw@@YAHQEAUHINSTANCE__@@KQEAX@Z 000000018001c6ec     MSVCRT:dll_dllmain.obj
 0004:000016f8       $pdata$_DllMainCRTStartup  000000018001c6f8     MSVCRT:dll_dllmain.obj
 0004:00001704       $pdata$__raise_securityfailure 000000018001c704     MSVCRT:gs_report.obj
 0004:00001710       $pdata$__report_gsfailure  000000018001c710     MSVCRT:gs_report.obj
 0004:0000171c       $pdata$capture_previous_context 000000018001c71c     MSVCRT:gs_report.obj
 0004:00001728       $pdata$??0bad_array_new_length@std@@QEAA@AEBV01@@Z 000000018001c728     MSVCRT:throw_bad_alloc.obj
 0004:00001734       $pdata$??_Gbad_array_new_length@std@@UEAAPEAXI@Z 000000018001c734     MSVCRT:throw_bad_alloc.obj
 0004:00001740       $pdata$?__scrt_throw_std_bad_alloc@@YAXXZ 000000018001c740     MSVCRT:throw_bad_alloc.obj
 0004:0000174c       $pdata$?__scrt_throw_std_bad_array_new_length@@YAXXZ 000000018001c74c     MSVCRT:throw_bad_alloc.obj
 0004:00001758       $pdata$__scrt_acquire_startup_lock 000000018001c758     MSVCRT:utility.obj
 0004:00001764       $pdata$__scrt_dllmain_after_initialize_c 000000018001c764     MSVCRT:utility.obj
 0004:00001770       $pdata$__scrt_dllmain_before_initialize_c 000000018001c770     MSVCRT:utility.obj
 0004:0000177c       $pdata$__scrt_dllmain_crt_thread_attach 000000018001c77c     MSVCRT:utility.obj
 0004:00001788       $pdata$__scrt_dllmain_crt_thread_detach 000000018001c788     MSVCRT:utility.obj
 0004:00001794       $pdata$__scrt_dllmain_exception_filter 000000018001c794     MSVCRT:utility.obj
 0004:000017a0       $pdata$__scrt_dllmain_uninitialize_c 000000018001c7a0     MSVCRT:utility.obj
 0004:000017ac       $pdata$__scrt_dllmain_uninitialize_critical 000000018001c7ac     MSVCRT:utility.obj
 0004:000017b8       $pdata$__scrt_initialize_crt 000000018001c7b8     MSVCRT:utility.obj
 0004:000017c4       $pdata$__scrt_initialize_onexit_tables 000000018001c7c4     MSVCRT:utility.obj
 0004:000017d0       $pdata$__scrt_is_nonwritable_in_current_image 000000018001c7d0     MSVCRT:utility.obj
 0004:000017dc       $pdata$__scrt_release_startup_lock 000000018001c7dc     MSVCRT:utility.obj
 0004:000017e8       $pdata$__scrt_uninitialize_crt 000000018001c7e8     MSVCRT:utility.obj
 0004:000017f4       $pdata$_onexit             000000018001c7f4     MSVCRT:utility.obj
 0004:00001800       $pdata$atexit              000000018001c800     MSVCRT:utility.obj
 0004:0000180c       $pdata$__scrt_fastfail     000000018001c80c     MSVCRT:utility_desktop.obj
 0004:00001818       $pdata$??2@YAPEAX_KAEBUnothrow_t@std@@@Z 000000018001c818     MSVCRT:new_scalar_nothrow.obj
 0004:00001824       $pdata$__security_init_cookie 000000018001c824     MSVCRT:gs_support.obj
 0004:00001830       $pdata$__scrt_initialize_default_local_stdio_options 000000018001c830     MSVCRT:default_local_stdio_options.obj
 0004:0000183c       $pdata$_RTC_Initialize     000000018001c83c     MSVCRT:_initsect_.obj
 0004:00001848       $pdata$_RTC_Terminate      000000018001c848     MSVCRT:_initsect_.obj
 0004:00001854       $pdata$__isa_available_init 000000018001c854     MSVCRT:_cpu_disp_.obj
 0004:00001860       $pdata$??_G_Fac_node@std@@QEAAPEAXI@Z 000000018001c860     msvcprt:locale0_implib.obj
 0004:0000186c       $pdata$?_Facet_Register@std@@YAXPEAV_Facet_base@1@@Z 000000018001c86c     msvcprt:locale0_implib.obj
 0004:00001878       $pdata$__GSHandlerCheck    000000018001c878     MSVCRT:_gshandler_.obj
 0004:00001884       $pdata$__GSHandlerCheckCommon 000000018001c884     MSVCRT:_gshandler_.obj
 0004:00001890       $pdata$__GSHandlerCheck_EH 000000018001c890     MSVCRT:gshandlereh.obj
 0004:000018a8       $pdata$?dtor$0@?0???0?$basic_ostringstream@DU?$char_traits@D@std@@V?$allocator@D@2@@std@@QEAA@H@Z@4HA 000000018001c8a8     Gaussian.obj
 0004:000018b4       $pdata$?catch$0@?0??_Copy@?$basic_string@DU?$char_traits@D@std@@V?$allocator@D@2@@std@@QEAAX_K@Z@4HA 000000018001c8b4     Gaussian.obj
 0004:000018c0       $pdata$?catch$1@?0???$?6U?$char_traits@D@std@@@std@@YAAEAV?$basic_ostream@DU?$char_traits@D@std@@@0@AEAV10@PEBD@Z@4HA 000000018001c8c0     Gaussian.obj
 0004:000018cc       $pdata$?catch$1@?0???$?6U?$char_traits@D@std@@@std@@YAAEAV?$basic_ostream@DU?$char_traits@D@std@@@0@AEAV10@D@Z@4HA 000000018001c8cc     Gaussian.obj
 0004:000018d8       $pdata$?dtor$0@?0???$randi@V?$Col@N@arma@@@arma@@YA?AV?$Col@N@0@IIAEBVdistr_param@0@PEBV10@@Z@4HA 000000018001c8d8     GibbsSampler.obj
 0004:000018d8       $pdata$?dtor$0@?0???$randi@V?$Row@N@arma@@@arma@@YA?AV?$Row@N@0@IIAEBVdistr_param@0@PEBV10@@Z@4HA 000000018001c8d8     GibbsSampler.obj
 0004:000018d8       $pdata$?dtor$0@?0???$regspace@V?$Col@N@arma@@@arma@@YA?AV?$Col@N@0@NN@Z@4HA 000000018001c8d8     Gaussian.obj
 0004:000018e4       $pdata$?catch$1@?0??set_seed_random@arma_rng@arma@@SAXXZ@4HA 000000018001c8e4     GibbsSampler.obj
 0004:000018f0       $pdata$?dtor$0@?0???0?$basic_ifstream@DU?$char_traits@D@std@@@std@@QEAA@PEBDHH@Z@4HA 000000018001c8f0     GibbsSampler.obj
 0004:000018fc       $pdata$?dtor$1@?0??create_objects@?$field@VGaussian@@@arma@@AEAAXXZ@4HA 000000018001c8fc     GibbsSampler.obj
 0004:00001908       $pdata$?dtor$1@?0??create_objects@?$field@V?$field@VGaussian@@@arma@@@arma@@AEAAXXZ@4HA 000000018001c908     GibbsSampler.obj
 0004:00001908       $pdata$?dtor$1@?0??create_objects@?$field@V?$field@V?$Row@N@arma@@@arma@@@arma@@AEAAXXZ@4HA 000000018001c908     GibbsSampler.obj
 0004:00001914       $pdata$?dtor$1@?0??create_objects@?$field@V?$Row@N@arma@@@arma@@AEAAXXZ@4HA 000000018001c914     GibbsSampler.obj
 0004:00001914       $pdata$?dtor$1@?0??create_objects@?$field@V?$Mat@N@arma@@@arma@@AEAAXXZ@4HA 000000018001c914     GibbsSampler.obj
 0004:00001920       $pdata$?dtor$0@?0??slice@?$Cube@N@arma@@QEAAAEAV?$Mat@N@2@I@Z@4HA 000000018001c920     nCRP-Gibbs-Sampler.obj
 0004:0000192c       $pdata$?dtor$0@?0???0?$unwrap_check@V?$Mat@N@arma@@@arma@@QEAA@AEBV?$Mat@N@1@_N@Z@4HA 000000018001c92c     nCRP-Gibbs-Sampler.obj
 0004:00001938       $pdata$?fin$0@?0??dllmain_crt_process_attach@@YAHQEAUHINSTANCE__@@QEAX@Z@4HA 000000018001c938     MSVCRT:dll_dllmain.obj
 0004:00001944       $pdata$?fin$0@?0??dllmain_crt_process_detach@@YAH_N@Z@4HA 000000018001c944     MSVCRT:dll_dllmain.obj
 0004:00001950       $pdata$?filt$0@?0??dllmain_dispatch@@YAHQEAUHINSTANCE__@@KQEAX@Z@4HA 000000018001c950     MSVCRT:dll_dllmain.obj
 0004:0000195c       $pdata$__scrt_is_nonwritable_in_current_image$filt$0 000000018001c95c     MSVCRT:utility.obj
 0004:00001968       $pdata$?catch$0@?0???2@YAPEAX_KAEBUnothrow_t@std@@@Z@4HA 000000018001c968     MSVCRT:new_scalar_nothrow.obj
 0004:00001974       $pdata$??__F_Fac_tidy_reg@std@@YAXXZ 000000018001c974     msvcprt:locale0_implib.obj
