 nCRP-Gibbs-Sampler

 Timestamp is 590cd574 (Fri May  5 15:41:40 2017)

 Preferred load address is 0000000180000000

 Start         Length     Name                   Class
 0001:00000000 00000f90H .text$di                CODE
 0001:00000f90 00037100H .text$mn                CODE
 0001:00038090 00000020H .text$mn$00             CODE
 0001:000380b0 00002a8cH .text$x                 CODE
 0002:00000000 00000528H .idata$5                DATA
 0002:00000528 00000010H .00cfg                  DATA
 0002:00000538 00000008H .CRT$XCA                DATA
 0002:00000540 000001f8H .CRT$XCU                DATA
 0002:00000738 00000008H .CRT$XCZ                DATA
 0002:00000740 00000008H .CRT$XIA                DATA
 0002:00000748 00000008H .CRT$XIC                DATA
 0002:00000750 00000008H .CRT$XIZ                DATA
 0002:00000758 00000008H .CRT$XLA                DATA
 0002:00000760 00000008H .CRT$XLZ                DATA
 0002:00000768 00000008H .CRT$XPA                DATA
 0002:00000770 00000008H .CRT$XPZ                DATA
 0002:00000778 00000008H .CRT$XTA                DATA
 0002:00000780 00000010H .CRT$XTZ                DATA
 0002:00000788 00000000H .gfids$y                DATA
 0002:00000790 000088e0H .rdata                  DATA
 0002:00009070 00000030H .rdata$T                DATA
 0002:000090a0 000007bcH .rdata$r                DATA
 0002:0000985c 0000037cH .rdata$zzzdbg           DATA
 0002:00009bd8 00000008H .rtc$IAA                DATA
 0002:00009be0 00000000H .rtc$IMZ                DATA
 0002:00009be0 00000008H .rtc$IZZ                DATA
 0002:00009be8 00000008H .rtc$TAA                DATA
 0002:00009bf0 00000000H .rtc$TMZ                DATA
 0002:00009bf0 00000010H .rtc$TZZ                DATA
 0002:00009c00 00006888H .xdata                  DATA
 0002:00010488 000001b8H .xdata$x                DATA
 0002:00010640 00000058H .edata                  DATA
 0002:00010698 000000a0H .idata$2                DATA
 0002:00010738 00000018H .idata$3                DATA
 0002:00010750 00000528H .idata$4                DATA
 0002:00010c78 000013d8H .idata$6                DATA
 0003:00000000 00000070H .data                   DATA
 0003:00000070 00000380H .data$r                 DATA
 0003:000003f0 00000748H .bss                    DATA
 0004:00000000 00003870H .pdata                  DATA
 0005:00000000 00000004H .tls                    DATA
 0005:00000004 00000004H .tls$                   DATA
 0005:00000008 00000001H .tls$ZZZ                DATA

  Address         Publics by Value              Rva+Base               Lib:Object

 0000:00000000       __guard_fids_count         0000000000000000     <absolute>
 0000:00000000       __guard_longjmp_count      0000000000000000     <absolute>
 0000:00000000       __guard_iat_table          0000000000000000     <absolute>
 0000:00000000       ___safe_se_handler_count   0000000000000000     <absolute>
 0000:00000000       __guard_iat_count          0000000000000000     <absolute>
 0000:00000000       __guard_longjmp_table      0000000000000000     <absolute>
 0000:00000000       ___safe_se_handler_table   0000000000000000     <absolute>
 0000:00000000       __guard_fids_table         0000000000000000     <absolute>
 0000:00000000       __dynamic_value_reloc_table 0000000000000000     <absolute>
 0000:00000100       __guard_flags              0000000000000100     <absolute>
 0000:00000000       __ImageBase                0000000180000000     <linker-defined>
 0001:00000f90       DllMain                    0000000180001f90 f   dllmain.obj
 0001:00000fe0       ??$?0$$V@?$_Compressed_pair@U?$_Wrap_alloc@V?$allocator@D@std@@@std@@V?$_String_val@U?$_Simple_types@D@std@@@2@$00@std@@QEAA@U_Zero_then_variadic_args_t@1@@Z 0000000180001fe0 f i Gaussian.obj
 0001:00001040       ??$?0AEAU?$_Wrap_alloc@V?$allocator@D@std@@@std@@@?$_Wrap_alloc@V?$allocator@U_Container_proxy@std@@@std@@@std@@QEAA@AEAU?$_Wrap_alloc@V?$allocator@D@std@@@1@@Z 0000000180002040 f i Gaussian.obj
 0001:000010a0       ??$?0D@?$allocator@U_Container_proxy@std@@@std@@QEAA@AEBV?$allocator@D@1@@Z 00000001800020a0 f i Gaussian.obj
 0001:000010e0       ??$?0U?$_Wrap_alloc@V?$allocator@D@std@@@std@@$$V@?$_Compressed_pair@U?$_Wrap_alloc@V?$allocator@D@std@@@std@@V?$_String_val@U?$_Simple_types@D@std@@@2@$00@std@@QEAA@U_One_then_variadic_args_t@1@$$QEAU?$_Wrap_alloc@V?$allocator@D@std@@@1@@Z 00000001800020e0 f i Gaussian.obj
 0001:00001150       ??$?0U?$_Wrap_alloc@V?$allocator@D@std@@@std@@X@?$_String_alloc@U?$_String_base_types@DV?$allocator@D@std@@@std@@@std@@QEAA@$$QEAU?$_Wrap_alloc@V?$allocator@D@std@@@1@@Z 0000000180002150 f i Gaussian.obj
 0001:000011d0       ??$?0V?$Col@N@arma@@Veop_scalar_div_post@1@@?$Mat@N@arma@@QEAA@AEBV?$eOp@V?$Col@N@arma@@Veop_scalar_div_post@2@@1@@Z 00000001800021d0 f i Gaussian.obj
 0001:000012c0       ??$?0V?$Col@N@arma@@Veop_scalar_times@1@@?$Mat@N@arma@@QEAA@AEBV?$eOp@V?$Col@N@arma@@Veop_scalar_times@2@@1@@Z 00000001800022c0 f i Gaussian.obj
 0001:000013b0       ??$?0V?$Col@N@arma@@Vop_htrans@1@@?$Mat@N@arma@@QEAA@AEBV?$Op@V?$Col@N@arma@@Vop_htrans@2@@1@@Z 00000001800023b0 f i Gaussian.obj
 0001:00001480       ??$?0V?$Op@V?$Mat@N@arma@@Vop_diagvec@2@@arma@@Veop_log@1@@?$Mat@N@arma@@QEAA@AEBV?$eOp@V?$Op@V?$Mat@N@arma@@Vop_diagvec@2@@arma@@Veop_log@2@@1@@Z 0000000180002480 f i Gaussian.obj
 0001:00001570       ??$?0V?$allocator@D@std@@@?$_Wrap_alloc@V?$allocator@D@std@@@std@@QEAA@$$QEAV?$allocator@D@1@@Z 0000000180002570 f i Gaussian.obj
 0001:000015d0       ??$?0V?$eOp@V?$Col@N@arma@@Veop_scalar_div_post@2@@arma@@@?$Col@N@arma@@QEAA@AEBU?$Base@NV?$eOp@V?$Col@N@arma@@Veop_scalar_div_post@2@@arma@@@1@@Z 00000001800025d0 f i Gaussian.obj
 0001:00001660       ??$?0V?$eOp@V?$Col@N@arma@@Veop_scalar_minus_pre@2@@arma@@Veop_scalar_div_post@1@@?$Mat@N@arma@@QEAA@AEBV?$eOp@V?$eOp@V?$Col@N@arma@@Veop_scalar_minus_pre@2@@arma@@Veop_scalar_div_post@2@@1@@Z 0000000180002660 f i Gaussian.obj
 0001:00001750       ??$?0V?$eOp@V?$Col@N@arma@@Veop_scalar_times@2@@arma@@V?$Op@V?$Col@N@arma@@Vop_htrans@2@@1@Vglue_times@1@@?$Mat@N@arma@@QEAA@AEBV?$Glue@V?$eOp@V?$Col@N@arma@@Veop_scalar_times@2@@arma@@V?$Op@V?$Col@N@arma@@Vop_htrans@2@@2@Vglue_times@2@@1@@Z 0000000180002750 f i Gaussian.obj
 0001:00001820       ??$?0V?$eOp@V?$Mat@N@arma@@Veop_scalar_times@2@@arma@@V?$Glue@V?$eOp@V?$Col@N@arma@@Veop_scalar_times@2@@arma@@V?$Op@V?$Col@N@arma@@Vop_htrans@2@@2@Vglue_times@2@@1@Veglue_plus@1@@?$Mat@N@arma@@QEAA@AEBV?$eGlue@V?$eOp@V?$Mat@N@arma@@Veop_scalar_times@2@@arma@@V?$Glue@V?$eOp@V?$Col@N@arma@@Veop_scalar_times@2@@arma@@V?$Op@V?$Col@N@arma@@Vop_htrans@2@@2@Vglue_times@2@@2@Veglue_plus@2@@1@@Z 0000000180002820 f i Gaussian.obj
 0001:00001910       ??$?0V?$eOp@V?$eOp@V?$Col@N@arma@@Veop_scalar_minus_pre@2@@arma@@Veop_scalar_div_post@2@@arma@@@?$Col@N@arma@@QEAA@AEBU?$Base@NV?$eOp@V?$eOp@V?$Col@N@arma@@Veop_scalar_minus_pre@2@@arma@@Veop_scalar_div_post@2@@arma@@@1@@Z 0000000180002910 f i Gaussian.obj
 0001:000019a0       ??$?4V?$Col@N@arma@@Veop_scalar_div_post@1@@?$Mat@N@arma@@QEAAAEBV01@AEBV?$eOp@V?$Col@N@arma@@Veop_scalar_div_post@2@@1@@Z 00000001800029a0 f i Gaussian.obj
 0001:00001ad0       ??$?4V?$Col@N@arma@@Veop_scalar_times@1@@?$Mat@N@arma@@QEAAAEBV01@AEBV?$eOp@V?$Col@N@arma@@Veop_scalar_times@2@@1@@Z 0000000180002ad0 f i Gaussian.obj
 0001:00001c00       ??$?4V?$Mat@N@arma@@@?$Col@N@arma@@QEAAAEBV01@AEBU?$Base@NV?$Mat@N@arma@@@1@@Z 0000000180002c00 f i Gaussian.obj
 0001:00001c70       ??$?4V?$eGlue@V?$eOp@V?$Mat@N@arma@@Veop_scalar_times@2@@arma@@V?$Glue@V?$eOp@V?$Col@N@arma@@Veop_scalar_times@2@@arma@@V?$Op@V?$Col@N@arma@@Vop_htrans@2@@2@Vglue_times@2@@2@Veglue_plus@2@@arma@@Vop_chol@1@@?$Mat@N@arma@@QEAAAEBV01@AEBV?$Op@V?$eGlue@V?$eOp@V?$Mat@N@arma@@Veop_scalar_times@2@@arma@@V?$Glue@V?$eOp@V?$Col@N@arma@@Veop_scalar_times@2@@arma@@V?$Op@V?$Col@N@arma@@Vop_htrans@2@@2@Vglue_times@2@@2@Veglue_plus@2@@arma@@Vop_chol@2@@1@@Z 0000000180002c70 f i Gaussian.obj
 0001:00001ce0       ??$?4V?$eOp@V?$Col@N@arma@@Veop_scalar_minus_pre@2@@arma@@Veop_scalar_div_post@1@@?$Mat@N@arma@@QEAAAEBV01@AEBV?$eOp@V?$eOp@V?$Col@N@arma@@Veop_scalar_minus_pre@2@@arma@@Veop_scalar_div_post@2@@1@@Z 0000000180002ce0 f i Gaussian.obj
 0001:00001e10       ??$?4V?$eOp@V?$Col@N@arma@@Veop_scalar_times@2@@arma@@@?$Col@N@arma@@QEAAAEBV01@AEBU?$Base@NV?$eOp@V?$Col@N@arma@@Veop_scalar_times@2@@arma@@@1@@Z 0000000180002e10 f i Gaussian.obj
 0001:00001e80       ??$?4V?$eOp@V?$Mat@N@arma@@Veop_scalar_times@2@@arma@@V?$Glue@V?$eOp@V?$Col@N@arma@@Veop_scalar_times@2@@arma@@V?$Op@V?$Col@N@arma@@Vop_htrans@2@@2@Vglue_times@2@@1@Veglue_plus@1@@?$Mat@N@arma@@QEAAAEBV01@AEBV?$eGlue@V?$eOp@V?$Mat@N@arma@@Veop_scalar_times@2@@arma@@V?$Glue@V?$eOp@V?$Col@N@arma@@Veop_scalar_times@2@@arma@@V?$Op@V?$Col@N@arma@@Vop_htrans@2@@2@Vglue_times@2@@2@Veglue_plus@2@@1@@Z 0000000180002e80 f i Gaussian.obj
 0001:00001fb0       ??$?6DU?$char_traits@D@std@@V?$allocator@D@1@@std@@YAAEAV?$basic_ostream@DU?$char_traits@D@std@@@0@AEAV10@AEBV?$basic_string@DU?$char_traits@D@std@@V?$allocator@D@2@@0@@Z 0000000180002fb0 f i Gaussian.obj
 0001:00002030       ??$?6U?$char_traits@D@std@@@std@@YAAEAV?$basic_ostream@DU?$char_traits@D@std@@@0@AEAV10@D@Z 0000000180003030 f i Gaussian.obj
 0001:00002400       ??$?6U?$char_traits@D@std@@@std@@YAAEAV?$basic_ostream@DU?$char_traits@D@std@@@0@AEAV10@PEBD@Z 0000000180003400 f i Gaussian.obj
 0001:000027f0       ??$?6V?$basic_format@Vformat@arma_str@arma@@I@arma_str@arma@@I@arma_str@arma@@YAAEAV?$basic_ostream@DU?$char_traits@D@std@@@std@@AEAV23@AEBV?$basic_format@V?$basic_format@Vformat@arma_str@arma@@I@arma_str@arma@@I@01@@Z 00000001800037f0 f i Gaussian.obj
 0001:000028b0       ??$?6V?$basic_format@Vformat@arma_str@arma@@PEAV?$Mat@N@3@@arma_str@arma@@PEBV?$Mat@N@2@@arma_str@arma@@YAAEAV?$basic_ostream@DU?$char_traits@D@std@@@std@@AEAV23@AEBV?$basic_format@V?$basic_format@Vformat@arma_str@arma@@PEAV?$Mat@N@3@@arma_str@arma@@PEBV?$Mat@N@3@@01@@Z 00000001800038b0 f i Gaussian.obj
 0001:00002970       ??$?6Vformat@arma_str@arma@@D@arma_str@arma@@YAAEAV?$basic_ostream@DU?$char_traits@D@std@@@std@@AEAV23@AEBV?$basic_format@Vformat@arma_str@arma@@D@01@@Z 0000000180003970 f i Gaussian.obj
 0001:00002a30       ??$?6Vformat@arma_str@arma@@H@arma_str@arma@@YAAEAV?$basic_ostream@DU?$char_traits@D@std@@@std@@AEAV23@AEBV?$basic_format@Vformat@arma_str@arma@@H@01@@Z 0000000180003a30 f i Gaussian.obj
 0001:00002af0       ??$?DV?$Col@N@arma@@@arma@@YA?BV?$eOp@V?$Col@N@arma@@Veop_scalar_times@2@@0@NAEBV?$Col@N@0@@Z 0000000180003af0 f i Gaussian.obj
 0001:00002b80       ??$?DV?$Mat@N@arma@@@arma@@YA?BV?$eOp@V?$Mat@N@arma@@Veop_scalar_times@2@@0@AEBV?$Mat@N@0@N@Z 0000000180003b80 f i Gaussian.obj
 0001:00002c10       ??$?DV?$eOp@V?$Col@N@arma@@Veop_scalar_times@2@@arma@@V?$Op@V?$Col@N@arma@@Vop_htrans@2@@1@@arma@@YA?BV?$Glue@V?$eOp@V?$Col@N@arma@@Veop_scalar_times@2@@arma@@V?$Op@V?$Col@N@arma@@Vop_htrans@2@@2@Vglue_times@2@@0@AEBV?$eOp@V?$Col@N@arma@@Veop_scalar_times@2@@0@AEBV?$Op@V?$Col@N@arma@@Vop_htrans@2@@0@@Z 0000000180003c10 f i Gaussian.obj
 0001:00002ca0       ??$?GV?$Col@N@arma@@@arma@@YA?BV?$eOp@V?$Col@N@arma@@Veop_scalar_minus_pre@2@@0@NAEBV?$Col@N@0@@Z 0000000180003ca0 f i Gaussian.obj
 0001:00002d30       ??$?HV?$Mat@N@arma@@$0A@V01@@arma@@YA?AV?$Mat@N@0@AEBV?$subview_each1@V?$Mat@N@arma@@$0A@@0@AEBU?$Base@NV?$Mat@N@arma@@@0@@Z 0000000180003d30 f i Gaussian.obj
 0001:00002dc0       ??$?HV?$eOp@V?$Mat@N@arma@@Veop_scalar_times@2@@arma@@V?$Glue@V?$eOp@V?$Col@N@arma@@Veop_scalar_times@2@@arma@@V?$Op@V?$Col@N@arma@@Vop_htrans@2@@2@Vglue_times@2@@1@@arma@@YA?BV?$eGlue@V?$eOp@V?$Mat@N@arma@@Veop_scalar_times@2@@arma@@V?$Glue@V?$eOp@V?$Col@N@arma@@Veop_scalar_times@2@@arma@@V?$Op@V?$Col@N@arma@@Vop_htrans@2@@2@Vglue_times@2@@2@Veglue_plus@2@@0@AEBV?$eOp@V?$Mat@N@arma@@Veop_scalar_times@2@@0@AEBV?$Glue@V?$eOp@V?$Col@N@arma@@Veop_scalar_times@2@@arma@@V?$Op@V?$Col@N@arma@@Vop_htrans@2@@2@Vglue_times@2@@0@@Z 0000000180003dc0 f i Gaussian.obj
 0001:00002e50       ??$?KV?$Col@N@arma@@@arma@@YA?BV?$eOp@V?$Col@N@arma@@Veop_scalar_div_post@2@@0@AEBV?$Col@N@0@N@Z 0000000180003e50 f i Gaussian.obj
 0001:00002ee0       ??$?KV?$eOp@V?$Col@N@arma@@Veop_scalar_minus_pre@2@@arma@@@arma@@YA?BV?$eOp@V?$eOp@V?$Col@N@arma@@Veop_scalar_minus_pre@2@@arma@@Veop_scalar_div_post@2@@0@AEBV?$eOp@V?$Col@N@arma@@Veop_scalar_minus_pre@2@@0@N@Z 0000000180003ee0 f i Gaussian.obj
 0001:00002f70       ??$?LD@arma_str@arma@@YA?AV?$basic_format@Vformat@arma_str@arma@@D@01@AEBVformat@01@AEBD@Z 0000000180003f70 f i Gaussian.obj
 0001:00002fd0       ??$?LH@arma_str@arma@@YA?AV?$basic_format@Vformat@arma_str@arma@@H@01@AEBVformat@01@AEBH@Z 0000000180003fd0 f i Gaussian.obj
 0001:00003030       ??$?LI@arma_str@arma@@YA?AV?$basic_format@Vformat@arma_str@arma@@I@01@AEBVformat@01@AEBI@Z 0000000180004030 f i Gaussian.obj
 0001:00003090       ??$?LPEAV?$Mat@N@arma@@@arma_str@arma@@YA?AV?$basic_format@Vformat@arma_str@arma@@PEAV?$Mat@N@3@@01@AEBVformat@01@AEBQEAV?$Mat@N@1@@Z 0000000180004090 f i Gaussian.obj
 0001:000030f0       ??$?LVformat@arma_str@arma@@II@arma_str@arma@@YA?AV?$basic_format@V?$basic_format@Vformat@arma_str@arma@@I@arma_str@arma@@I@01@AEBV?$basic_format@Vformat@arma_str@arma@@I@01@AEBI@Z 00000001800040f0 f i Gaussian.obj
 0001:00003150       ??$?LVformat@arma_str@arma@@PEAV?$Mat@N@2@PEBV32@@arma_str@arma@@YA?AV?$basic_format@V?$basic_format@Vformat@arma_str@arma@@PEAV?$Mat@N@3@@arma_str@arma@@PEBV?$Mat@N@3@@01@AEBV?$basic_format@Vformat@arma_str@arma@@PEAV?$Mat@N@3@@01@AEBQEBV?$Mat@N@1@@Z 0000000180004150 f i Gaussian.obj
 0001:000031b0       ??$?RAEBIAEBI@?$less@X@std@@QEBA_NAEBI0@Z 00000001800041b0 f i Gaussian.obj
 0001:00003220       ??$_Debug_lt@AEBIAEBI@std@@YA_NAEBI0PEB_WI@Z 0000000180004220 f i Gaussian.obj
 0001:000032c0       ??$_Debug_lt_pred@U?$less@X@std@@AEBIAEBI@std@@YA_N$$QEAU?$less@X@0@AEBI1PEB_WI@Z 00000001800042c0 f i Gaussian.obj
 0001:000033c0       ??$_Insert_string@DU?$char_traits@D@std@@_K@std@@YAAEAV?$basic_ostream@DU?$char_traits@D@std@@@0@AEAV10@QEBD_K@Z 00000001800043c0 f i Gaussian.obj
 0001:000037b0       ??$_Min_value@_K@std@@YAAEB_KAEB_K0@Z 00000001800047b0 f i Gaussian.obj
 0001:00003830       ??$_Unfancy@D@std@@YAPEADPEAD@Z 0000000180004830 f i Gaussian.obj
 0001:00003870       ??$_Unfancy@U_Container_proxy@std@@@std@@YAPEAU_Container_proxy@0@PEAU10@@Z 0000000180004870 f i Gaussian.obj
 0001:000038b0       ??$accu@V?$eOp@V?$Op@V?$Mat@N@arma@@Vop_diagvec@2@@arma@@Veop_log@2@@arma@@@arma@@YANAEBV?$eOp@V?$Op@V?$Mat@N@arma@@Vop_diagvec@2@@arma@@Veop_log@2@@0@@Z 00000001800048b0 f i Gaussian.obj
 0001:00003980       ??$accu_proxy_at@V?$eOp@V?$Op@V?$Mat@N@arma@@Vop_diagvec@2@@arma@@Veop_log@2@@arma@@@arma@@YANAEBV?$Proxy@V?$eOp@V?$Op@V?$Mat@N@arma@@Vop_diagvec@2@@arma@@Veop_log@2@@arma@@@0@@Z 0000000180004980 f i Gaussian.obj
 0001:00003b60       ??$accu_proxy_linear@V?$eOp@V?$Op@V?$Mat@N@arma@@Vop_diagvec@2@@arma@@Veop_log@2@@arma@@@arma@@YANAEBV?$Proxy@V?$eOp@V?$Op@V?$Mat@N@arma@@Vop_diagvec@2@@arma@@Veop_log@2@@arma@@@0@@Z 0000000180004b60 f i Gaussian.obj
 0001:00003c80       ??$accu_proxy_mat@V?$eOp@V?$Op@V?$Mat@N@arma@@Vop_diagvec@2@@arma@@Veop_log@2@@arma@@@arma@@YANAEBV?$Proxy@V?$eOp@V?$Op@V?$Mat@N@arma@@Vop_diagvec@2@@arma@@Veop_log@2@@arma@@@0@@Z 0000000180004c80 f i Gaussian.obj
 0001:00003d40       ??$accumulate@N@arrayops@arma@@SANPEBNI@Z 0000000180004d40 f i Gaussian.obj
 0001:00003e30       ??$acquire@H@memory@arma@@SAPEAHI@Z 0000000180004e30 f i Gaussian.obj
 0001:00003f00       ??$acquire@N@memory@arma@@SAPEANI@Z 0000000180004f00 f i Gaussian.obj
 0001:00003fd0       ??$addressof@$$CBV?$basic_string@DU?$char_traits@D@std@@V?$allocator@D@2@@std@@@std@@YAPEBV?$basic_string@DU?$char_traits@D@std@@V?$allocator@D@2@@0@AEBV10@@Z 0000000180004fd0 f i Gaussian.obj
 0001:00004010       ??$addressof@D@std@@YAPEADAEAD@Z 0000000180005010 f i Gaussian.obj
 0001:00004050       ??$addressof@PEAD@std@@YAPEAPEADAEAPEAD@Z 0000000180005050 f i Gaussian.obj
 0001:00004090       ??$addressof@U_Container_proxy@std@@@std@@YAPEAU_Container_proxy@0@AEAU10@@Z 0000000180005090 f i Gaussian.obj
 0001:000040d0       ??$addressof@V?$_String_val@U?$_Simple_types@D@std@@@std@@@std@@YAPEAV?$_String_val@U?$_Simple_types@D@std@@@0@AEAV10@@Z 00000001800050d0 f i Gaussian.obj
 0001:00004110       ??$apply@N$0A@$00$00V?$Col@N@arma@@V12@@glue_times@arma@@SAXAEAV?$Mat@N@1@AEBV?$Col@N@1@1N@Z 0000000180005110 f i Gaussian.obj
 0001:00004c40       ??$apply@NV?$Col@N@arma@@@?$gemv_emul_tinysq@$00$00$0A@@arma@@SAXPEANAEBV?$Col@N@1@PEBNNN@Z 0000000180005c40 f i Gaussian.obj
 0001:00005310       ??$apply@NV?$Col@N@arma@@@?$gemv_emul_tinysq@$00$0A@$0A@@arma@@SAXPEANAEBV?$Col@N@1@PEBNNN@Z 0000000180006310 f i Gaussian.obj
 0001:000059e0       ??$apply@NV?$Col@N@arma@@@?$gemv_emul_tinysq@$0A@$00$0A@@arma@@SAXPEANAEBV?$Col@N@1@PEBNNN@Z 00000001800069e0 f i Gaussian.obj
 0001:000060b0       ??$apply@NV?$Col@N@arma@@@?$gemv_emul_tinysq@$0A@$0A@$0A@@arma@@SAXPEANAEBV?$Col@N@1@PEBNNN@Z 00000001800070b0 f i Gaussian.obj
 0001:00006780       ??$apply@NV?$Col@N@arma@@@?$herk@$00$0A@$0A@@arma@@SAXAEAV?$Mat@N@1@AEBV?$Col@N@1@NNPEBN@Z 0000000180007780 f i Gaussian.obj
 0001:000067d0       ??$apply@NV?$Col@N@arma@@@?$herk@$0A@$0A@$0A@@arma@@SAXAEAV?$Mat@N@1@AEBV?$Col@N@1@NNPEBN@Z 00000001800077d0 f i Gaussian.obj
 0001:00006820       ??$apply@NV?$Col@N@arma@@@?$syrk_emul@$00$00$0A@@arma@@SAXAEAV?$Mat@N@1@AEBV?$Col@N@1@NN@Z 0000000180007820 f i Gaussian.obj
 0001:00006c70       ??$apply@NV?$Col@N@arma@@@?$syrk_emul@$00$0A@$0A@@arma@@SAXAEAV?$Mat@N@1@AEBV?$Col@N@1@NN@Z 0000000180007c70 f i Gaussian.obj
 0001:000070c0       ??$apply@NV?$Col@N@arma@@@?$syrk_emul@$0A@$00$0A@@arma@@SAXAEAV?$Mat@N@1@AEBV?$Col@N@1@NN@Z 00000001800080c0 f i Gaussian.obj
 0001:00007510       ??$apply@NV?$Col@N@arma@@@?$syrk_emul@$0A@$0A@$0A@@arma@@SAXAEAV?$Mat@N@1@AEBV?$Col@N@1@NN@Z 0000000180008510 f i Gaussian.obj
 0001:00007960       ??$apply@NV?$Col@N@arma@@@?$syrk_vec@$00$00$0A@@arma@@SAXAEAV?$Mat@N@1@AEBV?$Col@N@1@NN@Z 0000000180008960 f i Gaussian.obj
 0001:000083e0       ??$apply@NV?$Col@N@arma@@@?$syrk_vec@$00$0A@$0A@@arma@@SAXAEAV?$Mat@N@1@AEBV?$Col@N@1@NN@Z 00000001800093e0 f i Gaussian.obj
 0001:00008e60       ??$apply@NV?$Col@N@arma@@@?$syrk_vec@$0A@$00$0A@@arma@@SAXAEAV?$Mat@N@1@AEBV?$Col@N@1@NN@Z 0000000180009e60 f i Gaussian.obj
 0001:000098e0       ??$apply@NV?$Col@N@arma@@@?$syrk_vec@$0A@$0A@$0A@@arma@@SAXAEAV?$Mat@N@1@AEBV?$Col@N@1@NN@Z 000000018000a8e0 f i Gaussian.obj
 0001:0000a360       ??$apply@NV?$Col@N@arma@@V12@@?$gemm_emul_tinysq@$00$00$0A@@arma@@SAXAEAV?$Mat@N@1@AEBV?$Col@N@1@1NN@Z 000000018000b360 f i Gaussian.obj
 0001:0000a550       ??$apply@NV?$Col@N@arma@@V12@@?$gemm_emul_tinysq@$00$0A@$0A@@arma@@SAXAEAV?$Mat@N@1@AEBV?$Col@N@1@1NN@Z 000000018000b550 f i Gaussian.obj
 0001:0000a740       ??$apply@NV?$Col@N@arma@@V12@@?$gemm_emul_tinysq@$0A@$00$0A@@arma@@SAXAEAV?$Mat@N@1@AEBV?$Col@N@1@1NN@Z 000000018000b740 f i Gaussian.obj
 0001:0000a930       ??$apply@NV?$Col@N@arma@@V12@@?$gemm_emul_tinysq@$0A@$0A@$0A@@arma@@SAXAEAV?$Mat@N@1@AEBV?$Col@N@1@1NN@Z 000000018000b930 f i Gaussian.obj
 0001:0000ab20       ??$apply@NV?$Col@N@arma@@V?$Mat@N@2@@?$gemm_emul_tinysq@$00$00$0A@@arma@@SAXAEAV?$Mat@N@1@AEBV?$Col@N@1@AEBV21@NN@Z 000000018000bb20 f i Gaussian.obj
 0001:0000ad10       ??$apply@NV?$Col@N@arma@@V?$Mat@N@2@@?$gemm_emul_tinysq@$00$0A@$0A@@arma@@SAXAEAV?$Mat@N@1@AEBV?$Col@N@1@AEBV21@NN@Z 000000018000bd10 f i Gaussian.obj
 0001:0000af00       ??$apply@NV?$Col@N@arma@@V?$Mat@N@2@@?$gemm_emul_tinysq@$0A@$00$0A@@arma@@SAXAEAV?$Mat@N@1@AEBV?$Col@N@1@AEBV21@NN@Z 000000018000bf00 f i Gaussian.obj
 0001:0000b0f0       ??$apply@NV?$Col@N@arma@@V?$Mat@N@2@@?$gemm_emul_tinysq@$0A@$0A@$0A@@arma@@SAXAEAV?$Mat@N@1@AEBV?$Col@N@1@AEBV21@NN@Z 000000018000c0f0 f i Gaussian.obj
 0001:0000b2e0       ??$apply@NV?$Mat@N@arma@@@?$syrk_emul@$00$00$0A@@arma@@SAXAEAV?$Mat@N@1@AEBV21@NN@Z 000000018000c2e0 f i Gaussian.obj
 0001:0000b730       ??$apply@NV?$Mat@N@arma@@@?$syrk_emul@$00$0A@$0A@@arma@@SAXAEAV?$Mat@N@1@AEBV21@NN@Z 000000018000c730 f i Gaussian.obj
 0001:0000bb80       ??$apply@NV?$Mat@N@arma@@V12@@?$gemm_emul@$0A@$0A@$0A@$0A@@arma@@SAXAEAV?$Mat@N@1@AEBV21@1NNPEBN@Z 000000018000cb80 f i Gaussian.obj
 0001:0000bc10       ??$apply@NV?$Mat@N@arma@@V12@@?$gemm_emul_large@$0A@$0A@$0A@$0A@@arma@@SAXAEAV?$Mat@N@1@AEBV21@1NN@Z 000000018000cc10 f i Gaussian.obj
 0001:0000c3d0       ??$apply@V?$Col@N@arma@@@?$gemv@$00$00$0A@@arma@@SAXPEANAEBV?$Col@N@1@PEBNNN@Z 000000018000d3d0 f i Gaussian.obj
 0001:0000c450       ??$apply@V?$Col@N@arma@@@?$gemv@$00$0A@$0A@@arma@@SAXPEANAEBV?$Col@N@1@PEBNNN@Z 000000018000d450 f i Gaussian.obj
 0001:0000c4d0       ??$apply@V?$Col@N@arma@@@?$gemv@$0A@$00$0A@@arma@@SAXPEANAEBV?$Col@N@1@PEBNNN@Z 000000018000d4d0 f i Gaussian.obj
 0001:0000c550       ??$apply@V?$Col@N@arma@@@?$gemv@$0A@$0A@$0A@@arma@@SAXPEANAEBV?$Col@N@1@PEBNNN@Z 000000018000d550 f i Gaussian.obj
 0001:0000c5d0       ??$apply@V?$Col@N@arma@@@?$syrk@$00$00$0A@@arma@@SAXAEAV?$Mat@N@1@AEBV?$Col@N@1@NN@Z 000000018000d5d0 f i Gaussian.obj
 0001:0000c640       ??$apply@V?$Col@N@arma@@@?$syrk@$00$0A@$0A@@arma@@SAXAEAV?$Mat@N@1@AEBV?$Col@N@1@NN@Z 000000018000d640 f i Gaussian.obj
 0001:0000c6b0       ??$apply@V?$Col@N@arma@@@?$syrk@$0A@$00$0A@@arma@@SAXAEAV?$Mat@N@1@AEBV?$Col@N@1@NN@Z 000000018000d6b0 f i Gaussian.obj
 0001:0000c720       ??$apply@V?$Col@N@arma@@@?$syrk@$0A@$0A@$0A@@arma@@SAXAEAV?$Mat@N@1@AEBV?$Col@N@1@NN@Z 000000018000d720 f i Gaussian.obj
 0001:0000c790       ??$apply@V?$Col@N@arma@@@op_htrans@arma@@SAXAEAV?$Mat@N@1@AEBV?$Op@V?$Col@N@arma@@Vop_htrans@2@@1@PEBN@Z 000000018000d790 f i Gaussian.obj
 0001:0000c800       ??$apply@V?$Col@N@arma@@V12@@?$gemm@$00$00$00$0A@@arma@@SAXAEAV?$Mat@N@1@AEBV?$Col@N@1@1NN@Z 000000018000d800 f i Gaussian.obj
 0001:0000c880       ??$apply@V?$Col@N@arma@@V12@@?$gemm@$00$00$0A@$0A@@arma@@SAXAEAV?$Mat@N@1@AEBV?$Col@N@1@1NN@Z 000000018000d880 f i Gaussian.obj
 0001:0000c900       ??$apply@V?$Col@N@arma@@V12@@?$gemm@$00$0A@$00$0A@@arma@@SAXAEAV?$Mat@N@1@AEBV?$Col@N@1@1NN@Z 000000018000d900 f i Gaussian.obj
 0001:0000c980       ??$apply@V?$Col@N@arma@@V12@@?$gemm@$00$0A@$0A@$0A@@arma@@SAXAEAV?$Mat@N@1@AEBV?$Col@N@1@1NN@Z 000000018000d980 f i Gaussian.obj
 0001:0000ca00       ??$apply@V?$Col@N@arma@@V12@@?$gemm@$0A@$00$00$0A@@arma@@SAXAEAV?$Mat@N@1@AEBV?$Col@N@1@1NN@Z 000000018000da00 f i Gaussian.obj
 0001:0000ca80       ??$apply@V?$Col@N@arma@@V12@@?$gemm@$0A@$00$0A@$0A@@arma@@SAXAEAV?$Mat@N@1@AEBV?$Col@N@1@1NN@Z 000000018000da80 f i Gaussian.obj
 0001:0000cb00       ??$apply@V?$Col@N@arma@@V12@@?$gemm@$0A@$0A@$00$0A@@arma@@SAXAEAV?$Mat@N@1@AEBV?$Col@N@1@1NN@Z 000000018000db00 f i Gaussian.obj
 0001:0000cb80       ??$apply@V?$Col@N@arma@@V12@@?$gemm@$0A@$0A@$0A@$0A@@arma@@SAXAEAV?$Mat@N@1@AEBV?$Col@N@1@1NN@Z 000000018000db80 f i Gaussian.obj
 0001:0000cc00       ??$apply@V?$Mat@N@arma@@V?$Col@N@2@@?$eop_core@Veop_scalar_div_post@arma@@@arma@@SAXAEAV?$Mat@N@1@AEBV?$eOp@V?$Col@N@arma@@Veop_scalar_div_post@2@@1@@Z 000000018000dc00 f i Gaussian.obj
 0001:0000d020       ??$apply@V?$Mat@N@arma@@V?$Col@N@2@@?$eop_core@Veop_scalar_times@arma@@@arma@@SAXAEAV?$Mat@N@1@AEBV?$eOp@V?$Col@N@arma@@Veop_scalar_times@2@@1@@Z 000000018000e020 f i Gaussian.obj
 0001:0000d440       ??$apply@V?$Mat@N@arma@@V?$Op@V?$Mat@N@arma@@Vop_diagvec@2@@2@@?$eop_core@Veop_log@arma@@@arma@@SAXAEAV?$Mat@N@1@AEBV?$eOp@V?$Op@V?$Mat@N@arma@@Vop_diagvec@2@@arma@@Veop_log@2@@1@@Z 000000018000e440 f i Gaussian.obj
 0001:0000d860       ??$apply@V?$Mat@N@arma@@V?$eOp@V?$Col@N@arma@@Veop_scalar_minus_pre@2@@2@@?$eop_core@Veop_scalar_div_post@arma@@@arma@@SAXAEAV?$Mat@N@1@AEBV?$eOp@V?$eOp@V?$Col@N@arma@@Veop_scalar_minus_pre@2@@arma@@Veop_scalar_div_post@2@@1@@Z 000000018000e860 f i Gaussian.obj
 0001:0000dc80       ??$apply@V?$Mat@N@arma@@V?$eOp@V?$Mat@N@arma@@Veop_scalar_times@2@@2@V?$Glue@V?$eOp@V?$Col@N@arma@@Veop_scalar_times@2@@arma@@V?$Op@V?$Col@N@arma@@Vop_htrans@2@@2@Vglue_times@2@@2@@?$eglue_core@Veglue_plus@arma@@@arma@@SAXAEAV?$Mat@N@1@AEBV?$eGlue@V?$eOp@V?$Mat@N@arma@@Veop_scalar_times@2@@arma@@V?$Glue@V?$eOp@V?$Col@N@arma@@Veop_scalar_times@2@@arma@@V?$Op@V?$Col@N@arma@@Vop_htrans@2@@2@Vglue_times@2@@2@Veglue_plus@2@@1@@Z 000000018000ec80 f i Gaussian.obj
 0001:0000f070       ??$apply@V?$eGlue@V?$eOp@V?$Mat@N@arma@@Veop_scalar_times@2@@arma@@V?$Glue@V?$eOp@V?$Col@N@arma@@Veop_scalar_times@2@@arma@@V?$Op@V?$Col@N@arma@@Vop_htrans@2@@2@Vglue_times@2@@2@Veglue_plus@2@@arma@@@op_chol@arma@@SAXAEAV?$Mat@N@1@AEBV?$Op@V?$eGlue@V?$eOp@V?$Mat@N@arma@@Veop_scalar_times@2@@arma@@V?$Glue@V?$eOp@V?$Col@N@arma@@Veop_scalar_times@2@@arma@@V?$Op@V?$Col@N@arma@@Vop_htrans@2@@2@Vglue_times@2@@2@Veglue_plus@2@@arma@@Vop_chol@2@@1@@Z 0000000180010070 f i Gaussian.obj
 0001:0000f100       ??$apply@V?$eOp@V?$Col@N@arma@@Veop_scalar_times@2@@arma@@V?$Op@V?$Col@N@arma@@Vop_htrans@2@@2@@?$glue_times_redirect2_helper@$00@arma@@SAXAEAV?$Mat@N@1@AEBV?$Glue@V?$eOp@V?$Col@N@arma@@Veop_scalar_times@2@@arma@@V?$Op@V?$Col@N@arma@@Vop_htrans@2@@2@Vglue_times@2@@1@@Z 0000000180010100 f i Gaussian.obj
 0001:0000f2b0       ??$apply@V?$eOp@V?$Col@N@arma@@Veop_scalar_times@2@@arma@@V?$Op@V?$Col@N@arma@@Vop_htrans@2@@2@@?$glue_times_redirect2_helper@$0A@@arma@@SAXAEAV?$Mat@N@1@AEBV?$Glue@V?$eOp@V?$Col@N@arma@@Veop_scalar_times@2@@arma@@V?$Op@V?$Col@N@arma@@Vop_htrans@2@@2@Vglue_times@2@@1@@Z 00000001800102b0 f i Gaussian.obj
 0001:0000f490       ??$apply@V?$eOp@V?$Col@N@arma@@Veop_scalar_times@2@@arma@@V?$Op@V?$Col@N@arma@@Vop_htrans@2@@2@@?$glue_times_redirect@$01@arma@@SAXAEAV?$Mat@N@1@AEBV?$Glue@V?$eOp@V?$Col@N@arma@@Veop_scalar_times@2@@arma@@V?$Op@V?$Col@N@arma@@Vop_htrans@2@@2@Vglue_times@2@@1@@Z 0000000180010490 f i Gaussian.obj
 0001:0000f4f0       ??$apply@V?$eOp@V?$Col@N@arma@@Veop_scalar_times@2@@arma@@V?$Op@V?$Col@N@arma@@Vop_htrans@2@@2@@glue_times@arma@@SAXAEAV?$Mat@N@1@AEBV?$Glue@V?$eOp@V?$Col@N@arma@@Veop_scalar_times@2@@arma@@V?$Op@V?$Col@N@arma@@Vop_htrans@2@@2@Vglue_times@2@@1@@Z 00000001800104f0 f i Gaussian.obj
 0001:0000f620       ??$apply_blas_type@NV?$Col@N@arma@@@?$gemv@$00$00$0A@@arma@@SAXPEANAEBV?$Col@N@1@PEBNNN@Z 0000000180010620 f i Gaussian.obj
 0001:0000f8c0       ??$apply_blas_type@NV?$Col@N@arma@@@?$gemv@$00$0A@$0A@@arma@@SAXPEANAEBV?$Col@N@1@PEBNNN@Z 00000001800108c0 f i Gaussian.obj
 0001:0000fb60       ??$apply_blas_type@NV?$Col@N@arma@@@?$gemv@$0A@$00$0A@@arma@@SAXPEANAEBV?$Col@N@1@PEBNNN@Z 0000000180010b60 f i Gaussian.obj
 0001:0000fe00       ??$apply_blas_type@NV?$Col@N@arma@@@?$gemv@$0A@$0A@$0A@@arma@@SAXPEANAEBV?$Col@N@1@PEBNNN@Z 0000000180010e00 f i Gaussian.obj
 0001:000100a0       ??$apply_blas_type@NV?$Col@N@arma@@@?$syrk@$00$00$0A@@arma@@SAXAEAV?$Mat@N@1@AEBV?$Col@N@1@NN@Z 00000001800110a0 f i Gaussian.obj
 0001:00010440       ??$apply_blas_type@NV?$Col@N@arma@@@?$syrk@$00$0A@$0A@@arma@@SAXAEAV?$Mat@N@1@AEBV?$Col@N@1@NN@Z 0000000180011440 f i Gaussian.obj
 0001:000107e0       ??$apply_blas_type@NV?$Col@N@arma@@@?$syrk@$0A@$00$0A@@arma@@SAXAEAV?$Mat@N@1@AEBV?$Col@N@1@NN@Z 00000001800117e0 f i Gaussian.obj
 0001:00010b80       ??$apply_blas_type@NV?$Col@N@arma@@@?$syrk@$0A@$0A@$0A@@arma@@SAXAEAV?$Mat@N@1@AEBV?$Col@N@1@NN@Z 0000000180011b80 f i Gaussian.obj
 0001:00010f20       ??$apply_blas_type@NV?$Col@N@arma@@V12@@?$gemm@$00$00$00$0A@@arma@@SAXAEAV?$Mat@N@1@AEBV?$Col@N@1@1NN@Z 0000000180011f20 f i Gaussian.obj
 0001:000113c0       ??$apply_blas_type@NV?$Col@N@arma@@V12@@?$gemm@$00$00$0A@$0A@@arma@@SAXAEAV?$Mat@N@1@AEBV?$Col@N@1@1NN@Z 00000001800123c0 f i Gaussian.obj
 0001:00011860       ??$apply_blas_type@NV?$Col@N@arma@@V12@@?$gemm@$00$0A@$00$0A@@arma@@SAXAEAV?$Mat@N@1@AEBV?$Col@N@1@1NN@Z 0000000180012860 f i Gaussian.obj
 0001:00011d00       ??$apply_blas_type@NV?$Col@N@arma@@V12@@?$gemm@$00$0A@$0A@$0A@@arma@@SAXAEAV?$Mat@N@1@AEBV?$Col@N@1@1NN@Z 0000000180012d00 f i Gaussian.obj
 0001:000121a0       ??$apply_blas_type@NV?$Col@N@arma@@V12@@?$gemm@$0A@$00$00$0A@@arma@@SAXAEAV?$Mat@N@1@AEBV?$Col@N@1@1NN@Z 00000001800131a0 f i Gaussian.obj
 0001:00012640       ??$apply_blas_type@NV?$Col@N@arma@@V12@@?$gemm@$0A@$00$0A@$0A@@arma@@SAXAEAV?$Mat@N@1@AEBV?$Col@N@1@1NN@Z 0000000180013640 f i Gaussian.obj
 0001:00012ae0       ??$apply_blas_type@NV?$Col@N@arma@@V12@@?$gemm@$0A@$0A@$00$0A@@arma@@SAXAEAV?$Mat@N@1@AEBV?$Col@N@1@1NN@Z 0000000180013ae0 f i Gaussian.obj
 0001:00012f80       ??$apply_blas_type@NV?$Col@N@arma@@V12@@?$gemm@$0A@$0A@$0A@$0A@@arma@@SAXAEAV?$Mat@N@1@AEBV?$Col@N@1@1NN@Z 0000000180013f80 f i Gaussian.obj
 0001:00013420       ??$apply_mat@NV?$Col@N@arma@@@op_strans@arma@@SAXAEAV?$Mat@N@1@AEBV?$Col@N@1@@Z 0000000180014420 f i Gaussian.obj
 0001:000134a0       ??$apply_mat_inplace@N@op_strans@arma@@SAXAEAV?$Mat@N@1@@Z 00000001800144a0 f i Gaussian.obj
 0001:000136e0       ??$apply_mat_noalias@NV?$Col@N@arma@@@op_strans@arma@@SAXAEAV?$Mat@N@1@AEBV?$Col@N@1@@Z 00000001800146e0 f i Gaussian.obj
 0001:000138f0       ??$apply_mat_noalias@NV?$Mat@N@arma@@@op_strans@arma@@SAXAEAV?$Mat@N@1@AEBV21@@Z 00000001800148f0 f i Gaussian.obj
 0001:00013b10       ??$apply_mat_noalias_tinysq@NV?$Col@N@arma@@@op_strans@arma@@SAXAEAV?$Mat@N@1@AEBV?$Col@N@1@@Z 0000000180014b10 f i Gaussian.obj
 0001:00014010       ??$apply_mat_noalias_tinysq@NV?$Mat@N@arma@@@op_strans@arma@@SAXAEAV?$Mat@N@1@AEBV21@@Z 0000000180015010 f i Gaussian.obj
 0001:00014510       ??$apply_proxy@V?$Col@N@arma@@@op_strans@arma@@SAXAEAV?$Mat@N@1@AEBV?$Col@N@1@@Z 0000000180015510 f i Gaussian.obj
 0001:00014b90       ??$arma_assert_blas_size@V?$Col@N@arma@@@arma@@YAXAEBV?$Col@N@0@@Z 0000000180015b90 f i Gaussian.obj
 0001:00014c50       ??$arma_assert_blas_size@V?$Col@N@arma@@V12@@arma@@YAXAEBV?$Col@N@0@0@Z 0000000180015c50 f i Gaussian.obj
 0001:00014d80       ??$arma_assert_blas_size@V?$Mat@N@arma@@@arma@@YAXAEBV?$Mat@N@0@@Z 0000000180015d80 f i Gaussian.obj
 0001:00014e40       ??$arma_assert_mul_size@NN@arma@@YAXAEBV?$Mat@N@0@0PEBD@Z 0000000180015e40 f i Gaussian.obj
 0001:00014f40       ??$arma_assert_trans_mul_size@$0A@$00@arma@@YAXIIIIPEBD@Z 0000000180015f40 f i Gaussian.obj
 0001:000150c0       ??$arma_bktprint@V?$basic_format@V?$basic_format@Vformat@arma_str@arma@@I@arma_str@arma@@I@arma_str@arma@@@arma@@YAXAEBV?$basic_format@V?$basic_format@Vformat@arma_str@arma@@I@arma_str@arma@@I@arma_str@0@@Z 00000001800160c0 f i Gaussian.obj
 0001:00015140       ??$arma_bktprint@V?$basic_format@V?$basic_format@Vformat@arma_str@arma@@PEAV?$Mat@N@3@@arma_str@arma@@PEBV?$Mat@N@3@@arma_str@arma@@@arma@@YAXAEBV?$basic_format@V?$basic_format@Vformat@arma_str@arma@@PEAV?$Mat@N@3@@arma_str@arma@@PEBV?$Mat@N@3@@arma_str@0@@Z 0000000180016140 f i Gaussian.obj
 0001:000151c0       ??$arma_check@$$BY0CF@D@arma@@YAX_NAEAY0CF@$$CBD@Z 00000001800161c0 f i Gaussian.obj
 0001:00015230       ??$arma_check@$$BY0CJ@D@arma@@YAX_NAEAY0CJ@$$CBD@Z 0000000180016230 f i Gaussian.obj
 0001:000152a0       ??$arma_check@$$BY0CK@D@arma@@YAX_NAEAY0CK@$$CBD@Z 00000001800162a0 f i Gaussian.obj
 0001:00015310       ??$arma_check@$$BY0CO@D@arma@@YAX_NAEAY0CO@$$CBD@Z 0000000180016310 f i Gaussian.obj
 0001:00015380       ??$arma_check@$$BY0DF@D@arma@@YAX_NAEAY0DF@$$CBD@Z 0000000180016380 f i Gaussian.obj
 0001:000153f0       ??$arma_check@$$BY0DP@D@arma@@YAX_NAEAY0DP@$$CBD@Z 00000001800163f0 f i Gaussian.obj
 0001:00015460       ??$arma_check@$$BY0EK@D@arma@@YAX_NAEAY0EK@$$CBD@Z 0000000180016460 f i Gaussian.obj
 0001:000154d0       ??$arma_check@PEAD@arma@@YAX_NAEBQEAD@Z 00000001800164d0 f i Gaussian.obj
 0001:00015540       ??$arma_check@PEBD@arma@@YAX_NAEBQEBD@Z 0000000180016540 f i Gaussian.obj
 0001:000155b0       ??$arma_check_bad_alloc@$$BY0CH@D@arma@@YAX_NAEAY0CH@$$CBD@Z 00000001800165b0 f i Gaussian.obj
 0001:00015fd0       ??$arma_stream_err1@D@arma@@YAAEAV?$basic_ostream@DU?$char_traits@D@std@@@std@@PEAV12@@Z 0000000180016fd0 f i Gaussian.obj
 0001:00016080       ??$arma_stream_err2@D@arma@@YAAEAV?$basic_ostream@DU?$char_traits@D@std@@@std@@PEAV12@@Z 0000000180017080 f i Gaussian.obj
 0001:00016130       ??$assign@N$00@?$gemv_emul_tinysq@$00$00$0A@@arma@@SAXPEANNNN@Z 0000000180017130 f i Gaussian.obj
 0001:00016240       ??$assign@N$00@?$gemv_emul_tinysq@$00$0A@$0A@@arma@@SAXPEANNNN@Z 0000000180017240 f i Gaussian.obj
 0001:00016350       ??$assign@N$00@?$gemv_emul_tinysq@$0A@$00$0A@@arma@@SAXPEANNNN@Z 0000000180017350 f i Gaussian.obj
 0001:00016460       ??$assign@N$00@?$gemv_emul_tinysq@$0A@$0A@$0A@@arma@@SAXPEANNNN@Z 0000000180017460 f i Gaussian.obj
 0001:00016570       ??$assign@N$01@?$gemv_emul_tinysq@$00$00$0A@@arma@@SAXPEANNNN@Z 0000000180017570 f i Gaussian.obj
 0001:00016680       ??$assign@N$01@?$gemv_emul_tinysq@$00$0A@$0A@@arma@@SAXPEANNNN@Z 0000000180017680 f i Gaussian.obj
 0001:00016790       ??$assign@N$01@?$gemv_emul_tinysq@$0A@$00$0A@@arma@@SAXPEANNNN@Z 0000000180017790 f i Gaussian.obj
 0001:000168a0       ??$assign@N$01@?$gemv_emul_tinysq@$0A@$0A@$0A@@arma@@SAXPEANNNN@Z 00000001800178a0 f i Gaussian.obj
 0001:000169b0       ??$assign@N$02@?$gemv_emul_tinysq@$00$00$0A@@arma@@SAXPEANNNN@Z 00000001800179b0 f i Gaussian.obj
 0001:00016ac0       ??$assign@N$02@?$gemv_emul_tinysq@$00$0A@$0A@@arma@@SAXPEANNNN@Z 0000000180017ac0 f i Gaussian.obj
 0001:00016bd0       ??$assign@N$02@?$gemv_emul_tinysq@$0A@$00$0A@@arma@@SAXPEANNNN@Z 0000000180017bd0 f i Gaussian.obj
 0001:00016ce0       ??$assign@N$02@?$gemv_emul_tinysq@$0A@$0A@$0A@@arma@@SAXPEANNNN@Z 0000000180017ce0 f i Gaussian.obj
 0001:00016df0       ??$assign@N$0A@@?$gemv_emul_tinysq@$00$00$0A@@arma@@SAXPEANNNN@Z 0000000180017df0 f i Gaussian.obj
 0001:00016f00       ??$assign@N$0A@@?$gemv_emul_tinysq@$00$0A@$0A@@arma@@SAXPEANNNN@Z 0000000180017f00 f i Gaussian.obj
 0001:00017010       ??$assign@N$0A@@?$gemv_emul_tinysq@$0A@$00$0A@@arma@@SAXPEANNNN@Z 0000000180018010 f i Gaussian.obj
 0001:00017120       ??$assign@N$0A@@?$gemv_emul_tinysq@$0A@$0A@$0A@@arma@@SAXPEANNNN@Z 0000000180018120 f i Gaussian.obj
 0001:00017230       ??$chol@NV?$eGlue@V?$eOp@V?$Mat@N@arma@@Veop_scalar_times@2@@arma@@V?$Glue@V?$eOp@V?$Col@N@arma@@Veop_scalar_times@2@@arma@@V?$Op@V?$Col@N@arma@@Vop_htrans@2@@2@Vglue_times@2@@2@Veglue_plus@2@@arma@@@auxlib@arma@@SA_NAEAV?$Mat@N@1@AEBU?$Base@NV?$eGlue@V?$eOp@V?$Mat@N@arma@@Veop_scalar_times@2@@arma@@V?$Glue@V?$eOp@V?$Col@N@arma@@Veop_scalar_times@2@@arma@@V?$Op@V?$Col@N@arma@@Vop_htrans@2@@2@Vglue_times@2@@2@Veglue_plus@2@@arma@@@1@I@Z 0000000180018230 f i Gaussian.obj
 0001:000174b0       ??$chol@V?$eGlue@V?$eOp@V?$Mat@N@arma@@Veop_scalar_times@2@@arma@@V?$Glue@V?$eOp@V?$Col@N@arma@@Veop_scalar_times@2@@arma@@V?$Op@V?$Col@N@arma@@Vop_htrans@2@@2@Vglue_times@2@@2@Veglue_plus@2@@arma@@@arma@@YA?BV?$Op@V?$eGlue@V?$eOp@V?$Mat@N@arma@@Veop_scalar_times@2@@arma@@V?$Glue@V?$eOp@V?$Col@N@arma@@Veop_scalar_times@2@@arma@@V?$Op@V?$Col@N@arma@@Vop_htrans@2@@2@Vglue_times@2@@2@Veglue_plus@2@@arma@@Vop_chol@2@@0@AEBU?$Base@NV?$eGlue@V?$eOp@V?$Mat@N@arma@@Veop_scalar_times@2@@arma@@V?$Glue@V?$eOp@V?$Col@N@arma@@Veop_scalar_times@2@@arma@@V?$Op@V?$Col@N@arma@@Vop_htrans@2@@2@Vglue_times@2@@2@Veglue_plus@2@@arma@@@0@PEBD@Z 00000001800184b0 f i Gaussian.obj
 0001:000175d0       ??$construct@PEADAEAPEAD@?$_Wrap_alloc@V?$allocator@D@std@@@std@@QEAAXPEAPEADAEAPEAD@Z 00000001800185d0 f i Gaussian.obj
 0001:00017630       ??$construct@PEADAEAPEAD@?$allocator@D@std@@QEAAXPEAPEADAEAPEAD@Z 0000000180018630 f i Gaussian.obj
 0001:000176d0       ??$construct@PEADAEAPEAD@?$allocator_traits@V?$allocator@D@std@@@std@@SAXAEAV?$allocator@D@1@PEAPEADAEAPEAD@Z 00000001800186d0 f i Gaussian.obj
 0001:00017730       ??$construct@U_Container_proxy@std@@U12@@?$_Wrap_alloc@V?$allocator@U_Container_proxy@std@@@std@@@std@@QEAAXPEAU_Container_proxy@1@$$QEAU21@@Z 0000000180018730 f i Gaussian.obj
 0001:00017790       ??$construct@U_Container_proxy@std@@U12@@?$allocator@U_Container_proxy@std@@@std@@QEAAXPEAU_Container_proxy@1@$$QEAU21@@Z 0000000180018790 f i Gaussian.obj
 0001:00017830       ??$construct@U_Container_proxy@std@@U12@@?$allocator_traits@V?$allocator@U_Container_proxy@std@@@std@@@std@@SAXAEAV?$allocator@U_Container_proxy@std@@@1@PEAU_Container_proxy@1@$$QEAU31@@Z 0000000180018830 f i Gaussian.obj
 0001:00017890       ??$copy@N@arrayops@arma@@SAXPEANPEBNI@Z 0000000180018890 f i Gaussian.obj
 0001:00017920       ??$copy_small@N@arrayops@arma@@SAXPEANPEBNI@Z 0000000180018920 f i Gaussian.obj
 0001:00017b50       ??$destroy@PEAD@?$_Wrap_alloc@V?$allocator@D@std@@@std@@QEAAXPEAPEAD@Z 0000000180018b50 f i Gaussian.obj
 0001:00017ba0       ??$destroy@PEAD@?$allocator@D@std@@QEAAXPEAPEAD@Z 0000000180018ba0 f i Gaussian.obj
 0001:00017be0       ??$destroy@PEAD@?$allocator_traits@V?$allocator@D@std@@@std@@SAXAEAV?$allocator@D@1@PEAPEAD@Z 0000000180018be0 f i Gaussian.obj
 0001:00017c30       ??$destroy@U_Container_proxy@std@@@?$_Wrap_alloc@V?$allocator@U_Container_proxy@std@@@std@@@std@@QEAAXPEAU_Container_proxy@1@@Z 0000000180018c30 f i Gaussian.obj
 0001:00017c80       ??$destroy@U_Container_proxy@std@@@?$allocator@U_Container_proxy@std@@@std@@QEAAXPEAU_Container_proxy@1@@Z 0000000180018c80 f i Gaussian.obj
 0001:00017cc0       ??$destroy@U_Container_proxy@std@@@?$allocator_traits@V?$allocator@U_Container_proxy@std@@@std@@@std@@SAXAEAV?$allocator@U_Container_proxy@std@@@1@PEAU_Container_proxy@1@@Z 0000000180018cc0 f i Gaussian.obj
 0001:00017d10       ??$det_tinymat@N@auxlib@arma@@SANAEBV?$Mat@N@1@I@Z 0000000180018d10 f i Gaussian.obj
 0001:00018830       ??$diagvec@V?$Mat@N@arma@@@arma@@YA?BV?$Op@V?$Mat@N@arma@@Vop_diagvec@2@@0@AEBU?$Base@NV?$Mat@N@arma@@@0@H@Z 0000000180019830 f i Gaussian.obj
 0001:00018910       ??$direct_dot@N@op_dot@arma@@SANIQEBN0@Z 0000000180019910 f i Gaussian.obj
 0001:000189b0       ??$direct_dot_arma@N@op_dot@arma@@SANIQEBN0@Z 00000001800199b0 f i Gaussian.obj
 0001:00018ae0       ??$dot@N@blas@arma@@YANIPEBN0@Z 0000000180019ae0 f i Gaussian.obj
 0001:00018cc0       ??$endl@DU?$char_traits@D@std@@@std@@YAAEAV?$basic_ostream@DU?$char_traits@D@std@@@0@AEAV10@@Z 0000000180019cc0 f i Gaussian.obj
 0001:00018d40       ??$fill_zeros@N@arrayops@arma@@SAXPEANI@Z 0000000180019d40 f i Gaussian.obj
 0001:00018d90       ??$forward@AEAPEAD@std@@YAAEAPEADAEAPEAD@Z 0000000180019d90 f i Gaussian.obj
 0001:00018dd0       ??$forward@AEAU?$_Wrap_alloc@V?$allocator@D@std@@@std@@@std@@YAAEAU?$_Wrap_alloc@V?$allocator@D@std@@@0@AEAU10@@Z 0000000180019dd0 f i Gaussian.obj
 0001:00018e10       ??$forward@AEBI@std@@YAAEBIAEBI@Z 0000000180019e10 f i Gaussian.obj
 0001:00018e50       ??$forward@U?$_Wrap_alloc@V?$allocator@D@std@@@std@@@std@@YA$$QEAU?$_Wrap_alloc@V?$allocator@D@std@@@0@AEAU10@@Z 0000000180019e50 f i Gaussian.obj
 0001:00018e90       ??$forward@U_Container_proxy@std@@@std@@YA$$QEAU_Container_proxy@0@AEAU10@@Z 0000000180019e90 f i Gaussian.obj
 0001:00018ed0       ??$forward@V?$allocator@D@std@@@std@@YA$$QEAV?$allocator@D@0@AEAV10@@Z 0000000180019ed0 f i Gaussian.obj
 0001:00018f10       ??$gemm@N@blas@arma@@YAXPEBD0PEBH11PEBN21212PEAN1@Z 0000000180019f10 f i Gaussian.obj
 0001:000191d0       ??$gemv@N@blas@arma@@YAXPEBDPEBH1PEBN21212PEAN1@Z 000000018001a1d0 f i Gaussian.obj
 0001:00019420       ??$gesv@N@lapack@arma@@YAXPEAH0PEAN00100@Z 000000018001a420 f i Gaussian.obj
 0001:000195e0       ??$inplace_copy_upper_tri_to_lower_tri@N@syrk_helper@arma@@SAXAEAV?$Mat@N@1@@Z 000000018001a5e0 f i Gaussian.obj
 0001:00019730       ??$inplace_plus@N@arrayops@arma@@SAXPEANPEBNI@Z 000000018001a730 f i Gaussian.obj
 0001:00019840       ??$inplace_plus_base@N@arrayops@arma@@SAXPEANPEBNI@Z 000000018001a840 f i Gaussian.obj
 0001:000198d0       ??$inplace_set@N@arrayops@arma@@SAXPEANNI@Z 000000018001a8d0 f i Gaussian.obj
 0001:000199d0       ??$inplace_set_base@N@arrayops@arma@@SAXPEANNI@Z 000000018001a9d0 f i Gaussian.obj
 0001:00019a50       ??$inplace_set_small@N@arrayops@arma@@SAXPEANNI@Z 000000018001aa50 f i Gaussian.obj
 0001:00019c00       ??$inv_noalias_tinymat@N@auxlib@arma@@SA_NAEAV?$Mat@N@1@AEBV21@I@Z 000000018001ac00 f i Gaussian.obj
 0001:0001bb90       ??$is_alias@N@?$Proxy@V?$Col@N@arma@@@arma@@QEBA_NAEBV?$Mat@N@1@@Z 000000018001cb90 f i Gaussian.obj
 0001:0001bc00       ??$is_aligned@N@memory@arma@@SA_NPEBN@Z 000000018001cc00 f i Gaussian.obj
 0001:0001bc40       ??$linspace@V?$Col@N@arma@@@arma@@YA?AV?$Col@N@0@NNI@Z 000000018001cc40 f i Gaussian.obj
 0001:0001bf20       ??$log@N@eop_aux@arma@@SANN@Z 000000018001cf20 f i Gaussian.obj
 0001:0001bf60       ??$log@V?$Op@V?$Mat@N@arma@@Vop_diagvec@2@@arma@@@arma@@YA?BV?$eOp@V?$Op@V?$Mat@N@arma@@Vop_diagvec@2@@arma@@Veop_log@2@@0@AEBV?$Op@V?$Mat@N@arma@@Vop_diagvec@2@@0@@Z 000000018001cf60 f i Gaussian.obj
 0001:0001bfe0       ??$mark_as_aligned@N@memory@arma@@SAXAEAPEAN@Z 000000018001cfe0 f i Gaussian.obj
 0001:0001c020       ??$mark_as_aligned@N@memory@arma@@SAXAEAPEBN@Z 000000018001d020 f i Gaussian.obj
 0001:0001c060       ??$min@I@std@@YAAEBIAEBI0@Z 000000018001d060 f i Gaussian.obj
 0001:0001c100       ??$move@AEAN@std@@YA$$QEANAEAN@Z 000000018001d100 f i Gaussian.obj
 0001:0001c140       ??$move@AEAU?$_Wrap_alloc@V?$allocator@D@std@@@std@@@std@@YA$$QEAU?$_Wrap_alloc@V?$allocator@D@std@@@0@AEAU10@@Z 000000018001d140 f i Gaussian.obj
 0001:0001c180       ??$move@AEAV?$basic_string@DU?$char_traits@D@std@@V?$allocator@D@2@@std@@@std@@YA$$QEAV?$basic_string@DU?$char_traits@D@std@@V?$allocator@D@2@@0@AEAV10@@Z 000000018001d180 f i Gaussian.obj
 0001:0001c1c0       ??$operator_plus@V?$Mat@N@arma@@$0A@V12@@subview_each1_aux@arma@@SA?AV?$Mat@N@1@AEBV?$subview_each1@V?$Mat@N@arma@@$0A@@1@AEBU?$Base@NV?$Mat@N@arma@@@1@@Z 000000018001d1c0 f i Gaussian.obj
 0001:0001c4a0       ??$potrf@N@lapack@arma@@YAXPEADPEAHPEAN11@Z 000000018001d4a0 f i Gaussian.obj
 0001:0001c5c0       ??$process@N@?$eop_core@Veop_log@arma@@@arma@@SANNN@Z 000000018001d5c0 f i Gaussian.obj
 0001:0001c600       ??$process@N@?$eop_core@Veop_scalar_div_post@arma@@@arma@@SANNN@Z 000000018001d600 f i Gaussian.obj
 0001:0001c650       ??$process@N@?$eop_core@Veop_scalar_minus_pre@arma@@@arma@@SANNN@Z 000000018001d650 f i Gaussian.obj
 0001:0001c6a0       ??$process@N@?$eop_core@Veop_scalar_times@arma@@@arma@@SANNN@Z 000000018001d6a0 f i Gaussian.obj
 0001:0001c6f0       ??$release@$$CBN@memory@arma@@SAXPEBN@Z 000000018001d6f0 f i Gaussian.obj
 0001:0001c740       ??$release@H@memory@arma@@SAXPEAH@Z 000000018001d740 f i Gaussian.obj
 0001:0001c790       ??$release@N@memory@arma@@SAXPEAN@Z 000000018001d790 f i Gaussian.obj
 0001:0001c7e0       ??$rw@G@access@arma@@SAAEAGAEBG@Z 000000018001d7e0 f i Gaussian.obj
 0001:0001c820       ??$rw@I@access@arma@@SAAEAIAEBI@Z 000000018001d820 f i Gaussian.obj
 0001:0001c860       ??$rw@N@access@arma@@SAAEANAEBN@Z 000000018001d860 f i Gaussian.obj
 0001:0001c8a0       ??$rw@PEBN@access@arma@@SAAEAPEBNAEBQEBN@Z 000000018001d8a0 f i Gaussian.obj
 0001:0001c8e0       ??$solve_square_fast@V?$Mat@N@arma@@@auxlib@arma@@SA_NAEAV?$Mat@N@1@0AEBU?$Base@NV?$Mat@N@arma@@@1@@Z 000000018001d8e0 f i Gaussian.obj
 0001:0001cd60       ??$str@D@arma_str@arma@@YA?AV?$basic_string@DU?$char_traits@D@std@@V?$allocator@D@2@@std@@AEBV?$basic_format@Vformat@arma_str@arma@@D@01@@Z 000000018001dd60 f i Gaussian.obj
 0001:0001cf50       ??$str@H@arma_str@arma@@YA?AV?$basic_string@DU?$char_traits@D@std@@V?$allocator@D@2@@std@@AEBV?$basic_format@Vformat@arma_str@arma@@H@01@@Z 000000018001df50 f i Gaussian.obj
 0001:0001d140       ??$str@II@arma_str@arma@@YA?AV?$basic_string@DU?$char_traits@D@std@@V?$allocator@D@2@@std@@AEBV?$basic_format@V?$basic_format@Vformat@arma_str@arma@@I@arma_str@arma@@I@01@@Z 000000018001e140 f i Gaussian.obj
 0001:0001d350       ??$str@PEAV?$Mat@N@arma@@PEBV12@@arma_str@arma@@YA?AV?$basic_string@DU?$char_traits@D@std@@V?$allocator@D@2@@std@@AEBV?$basic_format@V?$basic_format@Vformat@arma_str@arma@@PEAV?$Mat@N@3@@arma_str@arma@@PEBV?$Mat@N@3@@01@@Z 000000018001e350 f i Gaussian.obj
 0001:0001d5a0       ??$sum@V?$eOp@V?$Op@V?$Mat@N@arma@@Vop_diagvec@2@@arma@@Veop_log@2@@arma@@@arma@@YANAEBV?$eOp@V?$Op@V?$Mat@N@arma@@Vop_diagvec@2@@arma@@Veop_log@2@@0@Varma_empty_class@0@PEBH@Z 000000018001e5a0 f i Gaussian.obj
 0001:0001d600       ??$swap@NX@std@@YAXAEAN0@Z 000000018001e600 f i Gaussian.obj
 0001:0001d6a0       ??$syrk@N@blas@arma@@YAXPEBD0PEBH1PEBN212PEAN1@Z 000000018001e6a0 f i Gaussian.obj
 0001:0001d7d0       ??0?$Col@N@arma@@QEAA@AEBV01@@Z 000000018001e7d0 f i Gaussian.obj
 0001:0001d8a0       ??0?$Col@N@arma@@QEAA@XZ   000000018001e8a0 f i Gaussian.obj
 0001:0001d910       ??0?$Glue@V?$eOp@V?$Col@N@arma@@Veop_scalar_times@2@@arma@@V?$Op@V?$Col@N@arma@@Vop_htrans@2@@2@Vglue_times@2@@arma@@QEAA@AEBV?$eOp@V?$Col@N@arma@@Veop_scalar_times@2@@1@AEBV?$Op@V?$Col@N@arma@@Vop_htrans@2@@1@@Z 000000018001e910 f i Gaussian.obj
 0001:0001d990       ??0?$Mat@N@arma@@IEAA@AEBUarma_vec_indicator@1@G@Z 000000018001e990 f i Gaussian.obj
 0001:0001da90       ??0?$Mat@N@arma@@IEAA@AEBUarma_vec_indicator@1@IIG@Z 000000018001ea90 f i Gaussian.obj
 0001:0001db60       ??0?$Mat@N@arma@@QEAA@AEBV01@@Z 000000018001eb60 f i Gaussian.obj
 0001:0001dd30       ??0?$Mat@N@arma@@QEAA@II@Z 000000018001ed30 f i Gaussian.obj
 0001:0001de00       ??0?$Mat@N@arma@@QEAA@XZ   000000018001ee00 f i Gaussian.obj
 0001:0001deb0       ??0?$Op@V?$Col@N@arma@@Vop_htrans@2@@arma@@QEAA@AEBV?$Col@N@1@@Z 000000018001eeb0 f i Gaussian.obj
 0001:0001df10       ??0?$Op@V?$Mat@N@arma@@Vop_diagvec@2@@arma@@QEAA@AEBV?$Mat@N@1@II@Z 000000018001ef10 f i Gaussian.obj
 0001:0001dfa0       ??0?$Op@V?$eGlue@V?$eOp@V?$Mat@N@arma@@Veop_scalar_times@2@@arma@@V?$Glue@V?$eOp@V?$Col@N@arma@@Veop_scalar_times@2@@arma@@V?$Op@V?$Col@N@arma@@Vop_htrans@2@@2@Vglue_times@2@@2@Veglue_plus@2@@arma@@Vop_chol@2@@arma@@QEAA@AEBV?$eGlue@V?$eOp@V?$Mat@N@arma@@Veop_scalar_times@2@@arma@@V?$Glue@V?$eOp@V?$Col@N@arma@@Veop_scalar_times@2@@arma@@V?$Op@V?$Col@N@arma@@Vop_htrans@2@@2@Vglue_times@2@@2@Veglue_plus@2@@1@II@Z 000000018001efa0 f i Gaussian.obj
 0001:0001e030       ??0?$Proxy@V?$Col@N@arma@@@arma@@QEAA@AEBV?$Col@N@1@@Z 000000018001f030 f i Gaussian.obj
 0001:0001e090       ??0?$Proxy@V?$Glue@V?$eOp@V?$Col@N@arma@@Veop_scalar_times@2@@arma@@V?$Op@V?$Col@N@arma@@Vop_htrans@2@@2@Vglue_times@2@@arma@@@arma@@QEAA@AEBV?$Glue@V?$eOp@V?$Col@N@arma@@Veop_scalar_times@2@@arma@@V?$Op@V?$Col@N@arma@@Vop_htrans@2@@2@Vglue_times@2@@1@@Z 000000018001f090 f i Gaussian.obj
 0001:0001e110       ??0?$Proxy@V?$Mat@N@arma@@@arma@@QEAA@AEBV?$Mat@N@1@@Z 000000018001f110 f i Gaussian.obj
 0001:0001e170       ??0?$Proxy@V?$Op@V?$Mat@N@arma@@Vop_diagvec@2@@arma@@@arma@@QEAA@AEBV?$Op@V?$Mat@N@arma@@Vop_diagvec@2@@1@@Z 000000018001f170 f i Gaussian.obj
 0001:0001e1e0       ??0?$Proxy@V?$eOp@V?$Col@N@arma@@Veop_scalar_minus_pre@2@@arma@@@arma@@QEAA@AEBV?$eOp@V?$Col@N@arma@@Veop_scalar_minus_pre@2@@1@@Z 000000018001f1e0 f i Gaussian.obj
 0001:0001e240       ??0?$Proxy@V?$eOp@V?$Mat@N@arma@@Veop_scalar_times@2@@arma@@@arma@@QEAA@AEBV?$eOp@V?$Mat@N@arma@@Veop_scalar_times@2@@1@@Z 000000018001f240 f i Gaussian.obj
 0001:0001e2a0       ??0?$Proxy@V?$eOp@V?$Op@V?$Mat@N@arma@@Vop_diagvec@2@@arma@@Veop_log@2@@arma@@@arma@@QEAA@AEBV?$eOp@V?$Op@V?$Mat@N@arma@@Vop_diagvec@2@@arma@@Veop_log@2@@1@@Z 000000018001f2a0 f i Gaussian.obj
 0001:0001e300       ??0?$Proxy_diagvec_mat@V?$Op@V?$Mat@N@arma@@Vop_diagvec@2@@arma@@@arma@@QEAA@AEBV?$Op@V?$Mat@N@arma@@Vop_diagvec@2@@1@@Z 000000018001f300 f i Gaussian.obj
 0001:0001e3d0       ??0?$_String_alloc@U?$_String_base_types@DV?$allocator@D@std@@@std@@@std@@QEAA@XZ 000000018001f3d0 f i Gaussian.obj
 0001:0001e440       ??0?$_String_val@U?$_Simple_types@D@std@@@std@@QEAA@XZ 000000018001f440 f i Gaussian.obj
 0001:0001e4d0       ??0?$_Wrap_alloc@V?$allocator@D@std@@@std@@QEAA@$$QEAU01@@Z 000000018001f4d0 f i Gaussian.obj
 0001:0001e530       ??0?$_Wrap_alloc@V?$allocator@D@std@@@std@@QEAA@XZ 000000018001f530 f i Gaussian.obj
 0001:0001e580       ??0?$allocator@D@std@@QEAA@AEBV01@@Z 000000018001f580 f i Gaussian.obj
 0001:0001e5c0       ??0?$allocator@D@std@@QEAA@XZ 000000018001f5c0 f i Gaussian.obj
 0001:0001e600       ??0?$basic_format@V?$basic_format@Vformat@arma_str@arma@@I@arma_str@arma@@I@arma_str@arma@@QEAA@AEBV?$basic_format@Vformat@arma_str@arma@@I@12@AEBI@Z 000000018001f600 f i Gaussian.obj
 0001:0001e670       ??0?$basic_format@V?$basic_format@Vformat@arma_str@arma@@PEAV?$Mat@N@3@@arma_str@arma@@PEBV?$Mat@N@3@@arma_str@arma@@QEAA@AEBV?$basic_format@Vformat@arma_str@arma@@PEAV?$Mat@N@3@@12@AEBQEBV?$Mat@N@2@@Z 000000018001f670 f i Gaussian.obj
 0001:0001e6e0       ??0?$basic_format@Vformat@arma_str@arma@@D@arma_str@arma@@QEAA@AEBVformat@12@AEBD@Z 000000018001f6e0 f i Gaussian.obj
 0001:0001e750       ??0?$basic_format@Vformat@arma_str@arma@@H@arma_str@arma@@QEAA@AEBVformat@12@AEBH@Z 000000018001f750 f i Gaussian.obj
 0001:0001e7c0       ??0?$basic_format@Vformat@arma_str@arma@@I@arma_str@arma@@QEAA@AEBVformat@12@AEBI@Z 000000018001f7c0 f i Gaussian.obj
 0001:0001e830       ??0?$basic_format@Vformat@arma_str@arma@@PEAV?$Mat@N@3@@arma_str@arma@@QEAA@AEBVformat@12@AEBQEAV?$Mat@N@2@@Z 000000018001f830 f i Gaussian.obj
 0001:0001e8a0       ??0?$basic_string@DU?$char_traits@D@std@@V?$allocator@D@2@@std@@QEAA@$$QEAV01@@Z 000000018001f8a0 f i Gaussian.obj
 0001:0001e950       ??0?$basic_string@DU?$char_traits@D@std@@V?$allocator@D@2@@std@@QEAA@AEBV01@@Z 000000018001f950 f i Gaussian.obj
 0001:0001e9f0       ??0?$basic_string@DU?$char_traits@D@std@@V?$allocator@D@2@@std@@QEAA@QEBD@Z 000000018001f9f0 f i Gaussian.obj
 0001:0001ea70       ??0?$basic_string@DU?$char_traits@D@std@@V?$allocator@D@2@@std@@QEAA@QEBD_K@Z 000000018001fa70 f i Gaussian.obj
 0001:0001eb00       ??0?$basic_string@DU?$char_traits@D@std@@V?$allocator@D@2@@std@@QEAA@XZ 000000018001fb00 f i Gaussian.obj
 0001:0001eb60       ??0?$basic_stringbuf@DU?$char_traits@D@std@@V?$allocator@D@2@@std@@QEAA@H@Z 000000018001fb60 f i Gaussian.obj
 0001:0001ec10       ??0?$basic_stringstream@DU?$char_traits@D@std@@V?$allocator@D@2@@std@@QEAA@H@Z 000000018001fc10 f i Gaussian.obj
 0001:0001ed50       ??0?$diagview@N@arma@@IEAA@AEBV?$Mat@N@1@III@Z 000000018001fd50 f i Gaussian.obj
 0001:0001ee00       ??0?$eGlue@V?$eOp@V?$Mat@N@arma@@Veop_scalar_times@2@@arma@@V?$Glue@V?$eOp@V?$Col@N@arma@@Veop_scalar_times@2@@arma@@V?$Op@V?$Col@N@arma@@Vop_htrans@2@@2@Vglue_times@2@@2@Veglue_plus@2@@arma@@QEAA@AEBV?$eOp@V?$Mat@N@arma@@Veop_scalar_times@2@@1@AEBV?$Glue@V?$eOp@V?$Col@N@arma@@Veop_scalar_times@2@@arma@@V?$Op@V?$Col@N@arma@@Vop_htrans@2@@2@Vglue_times@2@@1@@Z 000000018001fe00 f i Gaussian.obj
 0001:0001ef20       ??0?$eOp@V?$Col@N@arma@@Veop_scalar_div_post@2@@arma@@QEAA@AEBV?$Col@N@1@N@Z 000000018001ff20 f i Gaussian.obj
 0001:0001efb0       ??0?$eOp@V?$Col@N@arma@@Veop_scalar_minus_pre@2@@arma@@QEAA@AEBV?$Col@N@1@N@Z 000000018001ffb0 f i Gaussian.obj
 0001:0001f040       ??0?$eOp@V?$Col@N@arma@@Veop_scalar_times@2@@arma@@QEAA@AEBV?$Col@N@1@N@Z 0000000180020040 f i Gaussian.obj
 0001:0001f0d0       ??0?$eOp@V?$Mat@N@arma@@Veop_scalar_times@2@@arma@@QEAA@AEBV?$Mat@N@1@N@Z 00000001800200d0 f i Gaussian.obj
 0001:0001f160       ??0?$eOp@V?$Op@V?$Mat@N@arma@@Vop_diagvec@2@@arma@@Veop_log@2@@arma@@QEAA@AEBV?$Op@V?$Mat@N@arma@@Vop_diagvec@2@@1@@Z 0000000180020160 f i Gaussian.obj
 0001:0001f1e0       ??0?$eOp@V?$eOp@V?$Col@N@arma@@Veop_scalar_minus_pre@2@@arma@@Veop_scalar_div_post@2@@arma@@QEAA@AEBV?$eOp@V?$Col@N@arma@@Veop_scalar_minus_pre@2@@1@N@Z 00000001800201e0 f i Gaussian.obj
 0001:0001f270       ??0?$fill_class@Ufill_eye@fill@arma@@@fill@arma@@QEAA@XZ 0000000180020270 f i Gaussian.obj
 0001:0001f2b0       ??0?$fill_class@Ufill_none@fill@arma@@@fill@arma@@QEAA@XZ 00000001800202b0 f i Gaussian.obj
 0001:0001f2f0       ??0?$fill_class@Ufill_ones@fill@arma@@@fill@arma@@QEAA@XZ 00000001800202f0 f i Gaussian.obj
 0001:0001f330       ??0?$fill_class@Ufill_randn@fill@arma@@@fill@arma@@QEAA@XZ 0000000180020330 f i Gaussian.obj
 0001:0001f370       ??0?$fill_class@Ufill_randu@fill@arma@@@fill@arma@@QEAA@XZ 0000000180020370 f i Gaussian.obj
 0001:0001f3b0       ??0?$fill_class@Ufill_zeros@fill@arma@@@fill@arma@@QEAA@XZ 00000001800203b0 f i Gaussian.obj
 0001:0001f3f0       ??0?$fpos@U_Mbstatet@@@std@@QEAA@_J@Z 00000001800203f0 f i Gaussian.obj
 0001:0001f470       ??0?$partial_unwrap@V?$Op@V?$Col@N@arma@@Vop_htrans@2@@arma@@@arma@@QEAA@AEBV?$Op@V?$Col@N@arma@@Vop_htrans@2@@1@@Z 0000000180020470 f i Gaussian.obj
 0001:0001f4e0       ??0?$partial_unwrap@V?$eOp@V?$Col@N@arma@@Veop_scalar_times@2@@arma@@@arma@@QEAA@AEBV?$eOp@V?$Col@N@arma@@Veop_scalar_times@2@@1@@Z 00000001800204e0 f i Gaussian.obj
 0001:0001f560       ??0?$podarray@H@arma@@QEAA@I@Z 0000000180020560 f i Gaussian.obj
 0001:0001f5e0       ??0?$podarray@N@arma@@QEAA@I@Z 00000001800205e0 f i Gaussian.obj
 0001:0001f660       ??0?$quasi_unwrap@V?$Mat@N@arma@@@arma@@QEAA@AEBV?$Mat@N@1@@Z 0000000180020660 f i Gaussian.obj
 0001:0001f6c0       ??0?$quasi_unwrap@V?$eOp@V?$Op@V?$Mat@N@arma@@Vop_diagvec@2@@arma@@Veop_log@2@@arma@@@arma@@QEAA@AEBV?$eOp@V?$Op@V?$Mat@N@arma@@Vop_diagvec@2@@arma@@Veop_log@2@@1@@Z 00000001800206c0 f i Gaussian.obj
 0001:0001f720       ??0?$quasi_unwrap_default@V?$eOp@V?$Op@V?$Mat@N@arma@@Vop_diagvec@2@@arma@@Veop_log@2@@arma@@@arma@@QEAA@AEBV?$eOp@V?$Op@V?$Mat@N@arma@@Vop_diagvec@2@@arma@@Veop_log@2@@1@@Z 0000000180020720 f i Gaussian.obj
 0001:0001f7a0       ??0?$strip_inv@V?$eOp@V?$Col@N@arma@@Veop_scalar_times@2@@arma@@@arma@@QEAA@AEBV?$eOp@V?$Col@N@arma@@Veop_scalar_times@2@@1@@Z 00000001800207a0 f i Gaussian.obj
 0001:0001f800       ??0?$subview_each1@V?$Mat@N@arma@@$0A@@arma@@IEAA@AEBV?$Mat@N@1@@Z 0000000180020800 f i Gaussian.obj
 0001:0001f870       ??0?$subview_each_common@V?$Mat@N@arma@@$0A@@arma@@IEAA@AEBV?$Mat@N@1@@Z 0000000180020870 f i Gaussian.obj
 0001:0001f8d0       ??0?$unwrap@V?$Col@N@arma@@@arma@@QEAA@AEBV?$Col@N@1@@Z 00000001800208d0 f i Gaussian.obj
 0001:0001f930       ??0?$unwrap@V?$Mat@N@arma@@@arma@@QEAA@AEBV?$Mat@N@1@@Z 0000000180020930 f i Gaussian.obj
 0001:0001f990       ??0?$unwrap_check@V?$Op@V?$Col@N@arma@@Vop_htrans@2@@arma@@@arma@@QEAA@AEBV?$Op@V?$Col@N@arma@@Vop_htrans@2@@1@AEBV?$Mat@N@1@@Z 0000000180020990 f i Gaussian.obj
 0001:0001f9f0       ??0?$unwrap_check_default@V?$Op@V?$Col@N@arma@@Vop_htrans@2@@arma@@@arma@@QEAA@AEBV?$Op@V?$Col@N@arma@@Vop_htrans@2@@1@AEBV?$Mat@N@1@@Z 00000001800209f0 f i Gaussian.obj
 0001:0001fa70       ??0Gaussian@@QEAA@XZ       0000000180020a70 f   Gaussian.obj
 0001:0001fae0       ??0_Bxty@?$_String_val@U?$_Simple_types@D@std@@@std@@QEAA@XZ 0000000180020ae0 f i Gaussian.obj
 0001:0001fb20       ??0_Container_base12@std@@QEAA@XZ 0000000180020b20 f i Gaussian.obj
 0001:0001fb70       ??0_Container_proxy@std@@QEAA@XZ 0000000180020b70 f i Gaussian.obj
 0001:0001fbd0       ??0_Sentry_base@?$basic_ostream@DU?$char_traits@D@std@@@std@@QEAA@AEAV12@@Z 0000000180020bd0 f i Gaussian.obj
 0001:0001fcb0       ??0bad_alloc@std@@QEAA@AEBV01@@Z 0000000180020cb0 f i Gaussian.obj
 0001:0001fd20       ??0bad_alloc@std@@QEAA@XZ  0000000180020d20 f i Gaussian.obj
 0001:0001fd90       ??0exception@std@@QEAA@AEBV01@@Z 0000000180020d90 f i Gaussian.obj
 0001:0001fe20       ??0exception@std@@QEAA@QEBD@Z 0000000180020e20 f i Gaussian.obj
 0001:0001fed0       ??0exception@std@@QEAA@QEBDH@Z 0000000180020ed0 f i Gaussian.obj
 0001:0001ff50       ??0format@arma_str@arma@@QEAA@PEBD@Z 0000000180020f50 f i Gaussian.obj
 0001:0001ffb0       ??0gmm_dist_eucl@arma@@QEAA@XZ 0000000180020fb0 f i Gaussian.obj
 0001:00020000       ??0gmm_dist_maha@arma@@QEAA@XZ 0000000180021000 f i Gaussian.obj
 0001:00020050       ??0gmm_dist_mode@arma@@QEAA@I@Z 0000000180021050 f i Gaussian.obj
 0001:000200a0       ??0gmm_dist_prob@arma@@QEAA@XZ 00000001800210a0 f i Gaussian.obj
 0001:000200f0       ??0gmm_seed_keep_existing@arma@@QEAA@XZ 00000001800210f0 f i Gaussian.obj
 0001:00020140       ??0gmm_seed_mode@arma@@QEAA@I@Z 0000000180021140 f i Gaussian.obj
 0001:00020190       ??0gmm_seed_random_spread@arma@@QEAA@XZ 0000000180021190 f i Gaussian.obj
 0001:000201e0       ??0gmm_seed_random_subset@arma@@QEAA@XZ 00000001800211e0 f i Gaussian.obj
 0001:00020230       ??0gmm_seed_static_spread@arma@@QEAA@XZ 0000000180021230 f i Gaussian.obj
 0001:00020280       ??0gmm_seed_static_subset@arma@@QEAA@XZ 0000000180021280 f i Gaussian.obj
 0001:000202d0       ??0logic_error@std@@QEAA@AEBV01@@Z 00000001800212d0 f i Gaussian.obj
 0001:00020340       ??0logic_error@std@@QEAA@AEBV?$basic_string@DU?$char_traits@D@std@@V?$allocator@D@2@@1@@Z 0000000180021340 f i Gaussian.obj
 0001:000203b0       ??0opts@solve_opts@arma@@QEAA@I@Z 00000001800213b0 f i Gaussian.obj
 0001:00020400       ??0opts_equilibrate@solve_opts@arma@@QEAA@XZ 0000000180021400 f i Gaussian.obj
 0001:00020450       ??0opts_fast@solve_opts@arma@@QEAA@XZ 0000000180021450 f i Gaussian.obj
 0001:000204a0       ??0opts_no_approx@solve_opts@arma@@QEAA@XZ 00000001800214a0 f i Gaussian.obj
 0001:000204f0       ??0opts_none@solve_opts@arma@@QEAA@XZ 00000001800214f0 f i Gaussian.obj
 0001:00020540       ??0opts_tril@solve_opts@arma@@QEAA@XZ 0000000180021540 f i Gaussian.obj
 0001:00020590       ??0opts_triu@solve_opts@arma@@QEAA@XZ 0000000180021590 f i Gaussian.obj
 0001:000205e0       ??0runtime_error@std@@QEAA@AEBV01@@Z 00000001800215e0 f i Gaussian.obj
 0001:00020650       ??0runtime_error@std@@QEAA@AEBV?$basic_string@DU?$char_traits@D@std@@V?$allocator@D@2@@1@@Z 0000000180021650 f i Gaussian.obj
 0001:000206c0       ??0sentry@?$basic_ostream@DU?$char_traits@D@std@@@std@@QEAA@AEAV12@@Z 00000001800216c0 f i Gaussian.obj
 0001:00020800       ??1?$Col@N@arma@@QEAA@XZ   0000000180021800 f i Gaussian.obj
 0001:00020840       ??1?$Glue@V?$eOp@V?$Col@N@arma@@Veop_scalar_times@2@@arma@@V?$Op@V?$Col@N@arma@@Vop_htrans@2@@2@Vglue_times@2@@arma@@QEAA@XZ 0000000180021840 f i Gaussian.obj
 0001:00020890       ??1?$Mat@N@arma@@QEAA@XZ   0000000180021890 f i Gaussian.obj
 0001:00020950       ??1?$Op@V?$Col@N@arma@@Vop_htrans@2@@arma@@QEAA@XZ 0000000180021950 f i Gaussian.obj
 0001:000209a0       ??1?$Op@V?$Mat@N@arma@@Vop_diagvec@2@@arma@@QEAA@XZ 00000001800219a0 f i Gaussian.obj
 0001:000209f0       ??1?$Op@V?$eGlue@V?$eOp@V?$Mat@N@arma@@Veop_scalar_times@2@@arma@@V?$Glue@V?$eOp@V?$Col@N@arma@@Veop_scalar_times@2@@arma@@V?$Op@V?$Col@N@arma@@Vop_htrans@2@@2@Vglue_times@2@@2@Veglue_plus@2@@arma@@Vop_chol@2@@arma@@QEAA@XZ 00000001800219f0 f i Gaussian.obj
 0001:00020a40       ??1?$Proxy@V?$Glue@V?$eOp@V?$Col@N@arma@@Veop_scalar_times@2@@arma@@V?$Op@V?$Col@N@arma@@Vop_htrans@2@@2@Vglue_times@2@@arma@@@arma@@QEAA@XZ 0000000180021a40 f i Gaussian.obj
 0001:00020a90       ??1?$Proxy@V?$Op@V?$Mat@N@arma@@Vop_diagvec@2@@arma@@@arma@@QEAA@XZ 0000000180021a90 f i Gaussian.obj
 0001:00020ad0       ??1?$Proxy_diagvec_mat@V?$Op@V?$Mat@N@arma@@Vop_diagvec@2@@arma@@@arma@@QEAA@XZ 0000000180021ad0 f i Gaussian.obj
 0001:00020b20       ??1?$_Compressed_pair@U?$_Wrap_alloc@V?$allocator@D@std@@@std@@V?$_String_val@U?$_Simple_types@D@std@@@2@$00@std@@QEAA@XZ 0000000180021b20 f i Gaussian.obj
 0001:00020b70       ??1?$_String_alloc@U?$_String_base_types@DV?$allocator@D@std@@@std@@@std@@QEAA@XZ 0000000180021b70 f i Gaussian.obj
 0001:00020bd0       ??1?$_String_val@U?$_Simple_types@D@std@@@std@@QEAA@XZ 0000000180021bd0 f i Gaussian.obj
 0001:00020c30       ??1?$basic_string@DU?$char_traits@D@std@@V?$allocator@D@2@@std@@QEAA@XZ 0000000180021c30 f i Gaussian.obj
 0001:00020c90       ??1?$basic_stringbuf@DU?$char_traits@D@std@@V?$allocator@D@2@@std@@UEAA@XZ 0000000180021c90 f i Gaussian.obj
 0001:00020d00       ??1?$basic_stringstream@DU?$char_traits@D@std@@V?$allocator@D@2@@std@@UEAA@XZ 0000000180021d00 f i Gaussian.obj
 0001:00020dc0       ??1?$diagview@N@arma@@QEAA@XZ 0000000180021dc0 f i Gaussian.obj
 0001:00020e10       ??1?$eGlue@V?$eOp@V?$Mat@N@arma@@Veop_scalar_times@2@@arma@@V?$Glue@V?$eOp@V?$Col@N@arma@@Veop_scalar_times@2@@arma@@V?$Op@V?$Col@N@arma@@Vop_htrans@2@@2@Vglue_times@2@@2@Veglue_plus@2@@arma@@QEAA@XZ 0000000180021e10 f i Gaussian.obj
 0001:00020e80       ??1?$eOp@V?$Col@N@arma@@Veop_scalar_div_post@2@@arma@@QEAA@XZ 0000000180021e80 f i Gaussian.obj
 0001:00020ed0       ??1?$eOp@V?$Col@N@arma@@Veop_scalar_minus_pre@2@@arma@@QEAA@XZ 0000000180021ed0 f i Gaussian.obj
 0001:00020f20       ??1?$eOp@V?$Col@N@arma@@Veop_scalar_times@2@@arma@@QEAA@XZ 0000000180021f20 f i Gaussian.obj
 0001:00020f70       ??1?$eOp@V?$Mat@N@arma@@Veop_scalar_times@2@@arma@@QEAA@XZ 0000000180021f70 f i Gaussian.obj
 0001:00020fc0       ??1?$eOp@V?$Op@V?$Mat@N@arma@@Vop_diagvec@2@@arma@@Veop_log@2@@arma@@QEAA@XZ 0000000180021fc0 f i Gaussian.obj
 0001:00021030       ??1?$eOp@V?$eOp@V?$Col@N@arma@@Veop_scalar_minus_pre@2@@arma@@Veop_scalar_div_post@2@@arma@@QEAA@XZ 0000000180022030 f i Gaussian.obj
 0001:00021080       ??1?$podarray@H@arma@@QEAA@XZ 0000000180022080 f i Gaussian.obj
 0001:00021100       ??1?$podarray@N@arma@@QEAA@XZ 0000000180022100 f i Gaussian.obj
 0001:00021180       ??1?$quasi_unwrap@V?$eOp@V?$Op@V?$Mat@N@arma@@Vop_diagvec@2@@arma@@Veop_log@2@@arma@@@arma@@QEAA@XZ 0000000180022180 f i Gaussian.obj
 0001:000211c0       ??1?$quasi_unwrap_default@V?$eOp@V?$Op@V?$Mat@N@arma@@Vop_diagvec@2@@arma@@Veop_log@2@@arma@@@arma@@QEAA@XZ 00000001800221c0 f i Gaussian.obj
 0001:00021210       ??1?$subview_each1@V?$Mat@N@arma@@$0A@@arma@@QEAA@XZ 0000000180022210 f i Gaussian.obj
 0001:00021260       ??1?$unwrap_check@V?$Op@V?$Col@N@arma@@Vop_htrans@2@@arma@@@arma@@QEAA@XZ 0000000180022260 f i Gaussian.obj
 0001:000212a0       ??1?$unwrap_check_default@V?$Op@V?$Col@N@arma@@Vop_htrans@2@@arma@@@arma@@QEAA@XZ 00000001800222a0 f i Gaussian.obj
 0001:000212f0       ??1Gaussian@@QEAA@XZ       00000001800222f0 f   Gaussian.obj
 0001:00021350       ??1_Bxty@?$_String_val@U?$_Simple_types@D@std@@@std@@QEAA@XZ 0000000180022350 f i Gaussian.obj
 0001:00021390       ??1_Container_base12@std@@QEAA@XZ 0000000180022390 f i Gaussian.obj
 0001:000213e0       ??1_Sentry_base@?$basic_ostream@DU?$char_traits@D@std@@@std@@QEAA@XZ 00000001800223e0 f i Gaussian.obj
 0001:000214b0       ??1bad_alloc@std@@UEAA@XZ  00000001800224b0 f i Gaussian.obj
 0001:000214f0       ??1exception@std@@UEAA@XZ  00000001800224f0 f i Gaussian.obj
 0001:00021550       ??1format@arma_str@arma@@QEAA@XZ 0000000180022550 f i Gaussian.obj
 0001:000215a0       ??1logic_error@std@@UEAA@XZ 00000001800225a0 f i Gaussian.obj
 0001:000215e0       ??1runtime_error@std@@UEAA@XZ 00000001800225e0 f i Gaussian.obj
 0001:00021620       ??1sentry@?$basic_ostream@DU?$char_traits@D@std@@@std@@QEAA@XZ 0000000180022620 f i Gaussian.obj
 0001:00021690       ??2@YAPEAX_KPEAX@Z         0000000180022690 f i Gaussian.obj
 0001:000216d0       ??4?$Mat@N@arma@@QEAAAEBV01@AEBV01@@Z 00000001800226d0 f i Gaussian.obj
 0001:00021860       ??4?$basic_string@DU?$char_traits@D@std@@V?$allocator@D@2@@std@@QEAAAEAV01@QEBD@Z 0000000180022860 f i Gaussian.obj
 0001:000218b0       ??A?$Mat@N@arma@@QEAAAEANI@Z 00000001800228b0 f i Gaussian.obj
 0001:00021910       ??A?$Mat@N@arma@@QEBAAEBNI@Z 0000000180022910 f i Gaussian.obj
 0001:00021960       ??A?$Proxy@V?$Col@N@arma@@@arma@@QEBANI@Z 0000000180022960 f i Gaussian.obj
 0001:000219c0       ??A?$Proxy@V?$Mat@N@arma@@@arma@@QEBANI@Z 00000001800229c0 f i Gaussian.obj
 0001:00021a20       ??A?$Proxy_diagvec_mat@V?$Op@V?$Mat@N@arma@@Vop_diagvec@2@@arma@@@arma@@QEBANI@Z 0000000180022a20 f i Gaussian.obj
 0001:00021a80       ??A?$diagview@N@arma@@QEBANI@Z 0000000180022a80 f i Gaussian.obj
 0001:00021b00       ??A?$eOp@V?$Col@N@arma@@Veop_scalar_minus_pre@2@@arma@@QEBANI@Z 0000000180022b00 f i Gaussian.obj
 0001:00021b70       ??A?$eOp@V?$Mat@N@arma@@Veop_scalar_times@2@@arma@@QEBANI@Z 0000000180022b70 f i Gaussian.obj
 0001:00021be0       ??A?$eOp@V?$Op@V?$Mat@N@arma@@Vop_diagvec@2@@arma@@Veop_log@2@@arma@@QEBANI@Z 0000000180022be0 f i Gaussian.obj
 0001:00021c50       ??B?$fpos@U_Mbstatet@@@std@@QEBA_JXZ 0000000180022c50 f i Gaussian.obj
 0001:00021ca0       ??Bsentry@?$basic_ostream@DU?$char_traits@D@std@@@std@@QEBA_NXZ 0000000180022ca0 f i Gaussian.obj
 0001:00021ce0       ??R?$Mat@N@arma@@QEAAAEANI@Z 0000000180022ce0 f i Gaussian.obj
 0001:00021d70       ??R?$Mat@N@arma@@QEAAAEANII@Z 0000000180022d70 f i Gaussian.obj
 0001:00021e30       ??_D?$basic_stringstream@DU?$char_traits@D@std@@V?$allocator@D@2@@std@@QEAAXXZ 0000000180022e30 f i Gaussian.obj
 0001:00021e90       ??_E?$basic_stringstream@DU?$char_traits@D@std@@V?$allocator@D@2@@std@@$4PPPPPPPM@A@EAAPEAXI@Z 0000000180022e90 f i Gaussian.obj
 0001:00021ea0       ??_G?$Mat@N@arma@@QEAAPEAXI@Z 0000000180022ea0 f i Gaussian.obj
 0001:00021f10       ??_E?$basic_stringbuf@DU?$char_traits@D@std@@V?$allocator@D@2@@std@@UEAAPEAXI@Z 0000000180022f10 f i Gaussian.obj
 0001:00021f10       ??_G?$basic_stringbuf@DU?$char_traits@D@std@@V?$allocator@D@2@@std@@UEAAPEAXI@Z 0000000180022f10 f i Gaussian.obj
 0001:00021f80       ??_G?$basic_stringstream@DU?$char_traits@D@std@@V?$allocator@D@2@@std@@UEAAPEAXI@Z 0000000180022f80 f i Gaussian.obj
 0001:00021f80       ??_E?$basic_stringstream@DU?$char_traits@D@std@@V?$allocator@D@2@@std@@UEAAPEAXI@Z 0000000180022f80 f i Gaussian.obj
 0001:00022010       ??_Gbad_alloc@std@@UEAAPEAXI@Z 0000000180023010 f i Gaussian.obj
 0001:00022010       ??_Ebad_alloc@std@@UEAAPEAXI@Z 0000000180023010 f i Gaussian.obj
 0001:00022080       ??_Eexception@std@@UEAAPEAXI@Z 0000000180023080 f i Gaussian.obj
 0001:00022080       ??_Gexception@std@@UEAAPEAXI@Z 0000000180023080 f i Gaussian.obj
 0001:000220f0       ??_Glogic_error@std@@UEAAPEAXI@Z 00000001800230f0 f i Gaussian.obj
 0001:000220f0       ??_Elogic_error@std@@UEAAPEAXI@Z 00000001800230f0 f i Gaussian.obj
 0001:00022160       ??_Eruntime_error@std@@UEAAPEAXI@Z 0000000180023160 f i Gaussian.obj
 0001:00022160       ??_Gruntime_error@std@@UEAAPEAXI@Z 0000000180023160 f i Gaussian.obj
 0001:000221d0       ?ZZ@Gaussian@@AEAANNNNNV?$Mat@N@arma@@V?$Col@N@3@@Z 00000001800231d0 f   Gaussian.obj
 0001:00022600       ?_Alloc_proxy@?$_String_alloc@U?$_String_base_types@DV?$allocator@D@std@@@std@@@std@@QEAAXXZ 0000000180023600 f i Gaussian.obj
 0001:00022700       ?_Allocate@std@@YAPEAX_K0_N@Z 0000000180023700 f i Gaussian.obj
 0001:00022950       ?_Assign_lv_contents@?$basic_string@DU?$char_traits@D@std@@V?$allocator@D@2@@std@@QEAAXAEBV12@@Z 0000000180023950 f i Gaussian.obj
 0001:000229b0       ?_Assign_rv_contents_with_alloc_always_equal@?$basic_string@DU?$char_traits@D@std@@V?$allocator@D@2@@std@@QEAAX$$QEAV12@U?$integral_constant@_N$00@2@@Z 00000001800239b0 f i Gaussian.obj
 0001:00022a80       ?_Check_offset@?$basic_string@DU?$char_traits@D@std@@V?$allocator@D@2@@std@@QEBAX_K@Z 0000000180023a80 f i Gaussian.obj
 0001:00022ae0       ?_Clamp_suffix_size@?$basic_string@DU?$char_traits@D@std@@V?$allocator@D@2@@std@@QEBA_K_K0@Z 0000000180023ae0 f i Gaussian.obj
 0001:00022b60       ?_Copy@?$basic_string@DU?$char_traits@D@std@@V?$allocator@D@2@@std@@QEAAX_K@Z 0000000180023b60 f i Gaussian.obj
 0001:00022df0       ?_Deallocate@std@@YAXPEAX_K1@Z 0000000180023df0 f i Gaussian.obj
 0001:00023230       ?_Eos@?$basic_string@DU?$char_traits@D@std@@V?$allocator@D@2@@std@@QEAAX_K@Z 0000000180024230 f i Gaussian.obj
 0001:000232b0       ?_Free_proxy@?$_String_alloc@U?$_String_base_types@DV?$allocator@D@std@@@std@@@std@@QEAAXXZ 00000001800242b0 f i Gaussian.obj
 0001:00023370       ?_Get_data@?$_String_alloc@U?$_String_base_types@DV?$allocator@D@std@@@std@@@std@@QEAAAEAV?$_String_val@U?$_Simple_types@D@std@@@2@XZ 0000000180024370 f i Gaussian.obj
 0001:000233c0       ?_Get_data@?$_String_alloc@U?$_String_base_types@DV?$allocator@D@std@@@std@@@std@@QEBAAEBV?$_String_val@U?$_Simple_types@D@std@@@2@XZ 00000001800243c0 f i Gaussian.obj
 0001:00023410       ?_Get_first@?$_Compressed_pair@U?$_Wrap_alloc@V?$allocator@D@std@@@std@@V?$_String_val@U?$_Simple_types@D@std@@@2@$00@std@@QEAAAEAU?$_Wrap_alloc@V?$allocator@D@std@@@2@XZ 0000000180024410 f i Gaussian.obj
 0001:00023450       ?_Get_first@?$_Compressed_pair@U?$_Wrap_alloc@V?$allocator@D@std@@@std@@V?$_String_val@U?$_Simple_types@D@std@@@2@$00@std@@QEBAAEBU?$_Wrap_alloc@V?$allocator@D@std@@@2@XZ 0000000180024450 f i Gaussian.obj
 0001:00023490       ?_Get_second@?$_Compressed_pair@U?$_Wrap_alloc@V?$allocator@D@std@@@std@@V?$_String_val@U?$_Simple_types@D@std@@@2@$00@std@@QEAAAEAV?$_String_val@U?$_Simple_types@D@std@@@2@XZ 0000000180024490 f i Gaussian.obj
 0001:000234d0       ?_Get_second@?$_Compressed_pair@U?$_Wrap_alloc@V?$allocator@D@std@@@std@@V?$_String_val@U?$_Simple_types@D@std@@@2@$00@std@@QEBAAEBV?$_String_val@U?$_Simple_types@D@std@@@2@XZ 00000001800244d0 f i Gaussian.obj
 0001:00023510       ?_Getal@?$_String_alloc@U?$_String_base_types@DV?$allocator@D@std@@@std@@@std@@QEAAAEAU?$_Wrap_alloc@V?$allocator@D@std@@@2@XZ 0000000180024510 f i Gaussian.obj
 0001:00023560       ?_Getal@?$_String_alloc@U?$_String_base_types@DV?$allocator@D@std@@@std@@@std@@QEBAAEBU?$_Wrap_alloc@V?$allocator@D@std@@@2@XZ 0000000180024560 f i Gaussian.obj
 0001:000235b0       ?_Getstate@?$basic_stringbuf@DU?$char_traits@D@std@@V?$allocator@D@2@@std@@AEAAHH@Z 00000001800245b0 f i Gaussian.obj
 0001:00023650       ?_Grow@?$basic_string@DU?$char_traits@D@std@@V?$allocator@D@2@@std@@QEAA_N_K@Z 0000000180024650 f i Gaussian.obj
 0001:000236e0       ?_Init@?$basic_stringbuf@DU?$char_traits@D@std@@V?$allocator@D@2@@std@@IEAAXPEBD_KH@Z 00000001800246e0 f i Gaussian.obj
 0001:000238c0       ?_Inside@?$basic_string@DU?$char_traits@D@std@@V?$allocator@D@2@@std@@QEBA_NQEBD@Z 00000001800248c0 f i Gaussian.obj
 0001:00023960       ?_Large_string_engaged@?$_String_val@U?$_Simple_types@D@std@@@std@@QEBA_NXZ 0000000180024960 f i Gaussian.obj
 0001:000239c0       ?_Myproxy@?$_String_alloc@U?$_String_base_types@DV?$allocator@D@std@@@std@@@std@@QEAAAEAPEAU_Container_proxy@2@XZ 00000001800249c0 f i Gaussian.obj
 0001:00023a00       ?_Myptr@?$_String_alloc@U?$_String_base_types@DV?$allocator@D@std@@@std@@@std@@QEAAPEADXZ 0000000180024a00 f i Gaussian.obj
 0001:00023a50       ?_Myptr@?$_String_alloc@U?$_String_base_types@DV?$allocator@D@std@@@std@@@std@@QEBAPEBDXZ 0000000180024a50 f i Gaussian.obj
 0001:00023aa0       ?_Myptr@?$_String_val@U?$_Simple_types@D@std@@@std@@QEAAPEADXZ 0000000180024aa0 f i Gaussian.obj
 0001:00023b20       ?_Myptr@?$_String_val@U?$_Simple_types@D@std@@@std@@QEBAPEBDXZ 0000000180024b20 f i Gaussian.obj
 0001:00023ba0       ?_Myres@?$_String_alloc@U?$_String_base_types@DV?$allocator@D@std@@@std@@@std@@QEAAAEA_KXZ 0000000180024ba0 f i Gaussian.obj
 0001:00023bf0       ?_Mysize@?$_String_alloc@U?$_String_base_types@DV?$allocator@D@std@@@std@@@std@@QEAAAEA_KXZ 0000000180024bf0 f i Gaussian.obj
 0001:00023c40       ?_Mysize@?$_String_alloc@U?$_String_base_types@DV?$allocator@D@std@@@std@@@std@@QEBAAEB_KXZ 0000000180024c40 f i Gaussian.obj
 0001:00023c90       ?_Orphan_all@?$_String_alloc@U?$_String_base_types@DV?$allocator@D@std@@@std@@@std@@QEAAXXZ 0000000180024c90 f i Gaussian.obj
 0001:00023ce0       ?_Orphan_all@_Container_base12@std@@QEAAXXZ 0000000180024ce0 f i Gaussian.obj
 0001:00023da0       ?_Swap_all@?$_String_alloc@U?$_String_base_types@DV?$allocator@D@std@@@std@@@std@@QEAAXAEAV12@@Z 0000000180024da0 f i Gaussian.obj
 0001:00023e10       ?_Swap_all@_Container_base12@std@@QEAAXAEAU12@@Z 0000000180024e10 f i Gaussian.obj
 0001:00023ef0       ?_Tidy@?$basic_stringbuf@DU?$char_traits@D@std@@V?$allocator@D@2@@std@@IEAAXXZ 0000000180024ef0 f i Gaussian.obj
 0001:00024020       ?_Tidy_deallocate@?$basic_string@DU?$char_traits@D@std@@V?$allocator@D@2@@std@@QEAAXXZ 0000000180025020 f i Gaussian.obj
 0001:00024120       ?_Tidy_init@?$basic_string@DU?$char_traits@D@std@@V?$allocator@D@2@@std@@QEAAXXZ 0000000180025120 f i Gaussian.obj
 0001:000241b0       ?_Xlen@?$basic_string@DU?$char_traits@D@std@@V?$allocator@D@2@@std@@SAXXZ 00000001800251b0 f i Gaussian.obj
 0001:000241f0       ?_Xran@?$basic_string@DU?$char_traits@D@std@@V?$allocator@D@2@@std@@SAXXZ 00000001800251f0 f i Gaussian.obj
 0001:00024230       ?abs@@YANN@Z               0000000180025230 f i Gaussian.obj
 0001:00024270       ?additem@Gaussian@@QEAAXV?$Col@N@arma@@@Z 0000000180025270 f   Gaussian.obj
 0001:000244a0       ?address@?$_Wrap_alloc@V?$allocator@U_Container_proxy@std@@@std@@@std@@QEBAPEAU_Container_proxy@2@AEAU32@@Z 00000001800254a0 f i Gaussian.obj
 0001:000244f0       ?allocate@?$_Wrap_alloc@V?$allocator@D@std@@@std@@QEAAPEAD_K@Z 00000001800254f0 f i Gaussian.obj
 0001:00024540       ?allocate@?$_Wrap_alloc@V?$allocator@U_Container_proxy@std@@@std@@@std@@QEAAPEAU_Container_proxy@2@_K@Z 0000000180025540 f i Gaussian.obj
 0001:00024590       ?allocate@?$allocator@D@std@@QEAAPEAD_K@Z 0000000180025590 f i Gaussian.obj
 0001:000245e0       ?allocate@?$allocator@U_Container_proxy@std@@@std@@QEAAPEAU_Container_proxy@2@_K@Z 00000001800255e0 f i Gaussian.obj
 0001:00024630       ?apply@?$arma_type_check_cxx1998@$0A@@arma@@SAXXZ 0000000180025630 f i Gaussian.obj
 0001:00024660       ?arma_assert_same_size@arma@@YAXIIIIPEBD@Z 0000000180025660 f i Gaussian.obj
 0001:00024750       ?arma_bktprint@arma@@YAXXZ 0000000180025750 f i Gaussian.obj
 0001:000248f0       ?arma_set_error@arma@@YAXAEA_NAEAPEAD_NPEBD@Z 00000001800258f0 f i Gaussian.obj
 0001:00024960       ?arma_snprintf@arma_str@arma@@YAHPEAD_KPEBDZZ 0000000180025960 f i Gaussian.obj
 0001:00024a30       ?arma_thisprint@arma@@YAXPEBX@Z 0000000180025a30 f i Gaussian.obj
 0001:00024ab0       ?assign@?$basic_string@DU?$char_traits@D@std@@V?$allocator@D@2@@std@@QEAAAEAV12@AEBV12@_K_K@Z 0000000180025ab0 f i Gaussian.obj
 0001:00024bf0       ?assign@?$basic_string@DU?$char_traits@D@std@@V?$allocator@D@2@@std@@QEAAAEAV12@QEBD@Z 0000000180025bf0 f i Gaussian.obj
 0001:00024c50       ?assign@?$basic_string@DU?$char_traits@D@std@@V?$allocator@D@2@@std@@QEAAAEAV12@QEBD_K@Z 0000000180025c50 f i Gaussian.obj
 0001:00024d40       ?assign@?$char_traits@D@std@@SAXAEADAEBD@Z 0000000180025d40 f i Gaussian.obj
 0001:00024d90       ?at@?$Col@N@arma@@QEBAAEBNII@Z 0000000180025d90 f i Gaussian.obj
 0001:00024de0       ?at@?$Mat@N@arma@@QEAAAEANII@Z 0000000180025de0 f i Gaussian.obj
 0001:00024e60       ?at@?$Mat@N@arma@@QEBAAEBNII@Z 0000000180025e60 f i Gaussian.obj
 0001:00024ed0       ?at@?$Proxy@V?$Col@N@arma@@@arma@@QEBANII@Z 0000000180025ed0 f i Gaussian.obj
 0001:00024f30       ?at@?$Proxy@V?$Glue@V?$eOp@V?$Col@N@arma@@Veop_scalar_times@2@@arma@@V?$Op@V?$Col@N@arma@@Vop_htrans@2@@2@Vglue_times@2@@arma@@@arma@@QEBANII@Z 0000000180025f30 f i Gaussian.obj
 0001:00024f90       ?at@?$Proxy@V?$Mat@N@arma@@@arma@@QEBANII@Z 0000000180025f90 f i Gaussian.obj
 0001:00024ff0       ?at@?$Proxy@V?$eOp@V?$Col@N@arma@@Veop_scalar_minus_pre@2@@arma@@@arma@@QEBANII@Z 0000000180025ff0 f i Gaussian.obj
 0001:00025050       ?at@?$Proxy@V?$eOp@V?$Mat@N@arma@@Veop_scalar_times@2@@arma@@@arma@@QEBANII@Z 0000000180026050 f i Gaussian.obj
 0001:000250b0       ?at@?$Proxy@V?$eOp@V?$Op@V?$Mat@N@arma@@Vop_diagvec@2@@arma@@Veop_log@2@@arma@@@arma@@QEBANII@Z 00000001800260b0 f i Gaussian.obj
 0001:00025110       ?at@?$Proxy_diagvec_mat@V?$Op@V?$Mat@N@arma@@Vop_diagvec@2@@arma@@@arma@@QEBANII@Z 0000000180026110 f i Gaussian.obj
 0001:00025170       ?at@?$diagview@N@arma@@QEBANII@Z 0000000180026170 f i Gaussian.obj
 0001:000251f0       ?at@?$eOp@V?$Col@N@arma@@Veop_scalar_minus_pre@2@@arma@@QEBANII@Z 00000001800261f0 f i Gaussian.obj
 0001:000252d0       ?at@?$eOp@V?$Mat@N@arma@@Veop_scalar_times@2@@arma@@QEBANII@Z 00000001800262d0 f i Gaussian.obj
 0001:000253b0       ?at@?$eOp@V?$Op@V?$Mat@N@arma@@Vop_diagvec@2@@arma@@Veop_log@2@@arma@@QEBANII@Z 00000001800263b0 f i Gaussian.obj
 0001:00025490       ?at_alt@?$Mat@N@arma@@QEBAAEBNI@Z 0000000180026490 f i Gaussian.obj
 0001:00025510       ?at_alt@?$Proxy@V?$Col@N@arma@@@arma@@QEBANI@Z 0000000180026510 f i Gaussian.obj
 0001:00025570       ?at_alt@?$Proxy@V?$Mat@N@arma@@@arma@@QEBANI@Z 0000000180026570 f i Gaussian.obj
 0001:000255d0       ?at_alt@?$diagview@N@arma@@QEBANI@Z 00000001800265d0 f i Gaussian.obj
 0001:00025650       ?at_alt@?$eOp@V?$Col@N@arma@@Veop_scalar_minus_pre@2@@arma@@QEBANI@Z 0000000180026650 f i Gaussian.obj
 0001:000256c0       ?at_alt@?$eOp@V?$Mat@N@arma@@Veop_scalar_times@2@@arma@@QEBANI@Z 00000001800266c0 f i Gaussian.obj
 0001:00025730       ?begin@?$Mat@N@arma@@QEAAPEANXZ 0000000180026730 f i Gaussian.obj
 0001:00025780       ?c_str@?$basic_string@DU?$char_traits@D@std@@V?$allocator@D@2@@std@@QEBAPEBDXZ 0000000180026780 f i Gaussian.obj
 0001:000257d0       ?check_size@?$subview_each_common@V?$Mat@N@arma@@$0A@@arma@@QEBAXAEBV?$Mat@N@2@@Z 00000001800267d0 f i Gaussian.obj
 0001:00025930       ?choldowndate@Gaussian@@AEAA?AV?$Mat@N@arma@@V23@V?$Col@N@3@@Z 0000000180026930 f   Gaussian.obj
 0001:00025c00       ?cholupdate@Gaussian@@AEAA?AV?$Mat@N@arma@@V23@V?$Col@N@3@@Z 0000000180026c00 f   Gaussian.obj
 0001:00025ed0       ?colptr@?$Mat@N@arma@@QEAAPEANI@Z 0000000180026ed0 f i Gaussian.obj
 0001:00025f40       ?colptr@?$Mat@N@arma@@QEBAPEBNI@Z 0000000180026f40 f i Gaussian.obj
 0001:00025fa0       ?copy@?$char_traits@D@std@@SAPEADQEADQEBD_K@Z 0000000180026fa0 f i Gaussian.obj
 0001:00026000       ?copy_row@?$podarray@N@arma@@QEAAXAEBV?$Mat@N@2@I@Z 0000000180027000 f i Gaussian.obj
 0001:000262f0       ?data@?$basic_string@DU?$char_traits@D@std@@V?$allocator@D@2@@std@@QEBAPEBDXZ 00000001800272f0 f i Gaussian.obj
 0001:00026340       ?deallocate@?$_Wrap_alloc@V?$allocator@D@std@@@std@@QEAAXPEAD_K@Z 0000000180027340 f i Gaussian.obj
 0001:000263a0       ?deallocate@?$_Wrap_alloc@V?$allocator@U_Container_proxy@std@@@std@@@std@@QEAAXPEAU_Container_proxy@2@_K@Z 00000001800273a0 f i Gaussian.obj
 0001:00026400       ?deallocate@?$allocator@D@std@@QEAAXPEAD_K@Z 0000000180027400 f i Gaussian.obj
 0001:00026460       ?deallocate@?$allocator@U_Container_proxy@std@@@std@@QEAAXPEAU_Container_proxy@2@_K@Z 0000000180027460 f i Gaussian.obj
 0001:000264c0       ?diag@?$Mat@N@arma@@QEBA?BV?$diagview@N@2@H@Z 00000001800274c0 f i Gaussian.obj
 0001:00026640       ?each_col@?$Mat@N@arma@@QEAA?AV?$subview_each1@V?$Mat@N@arma@@$0A@@2@XZ 0000000180027640 f i Gaussian.obj
 0001:000266c0       ?end@?$Mat@N@arma@@QEAAPEANXZ 00000001800276c0 f i Gaussian.obj
 0001:00026720       ?eof@?$char_traits@D@std@@SAHXZ 0000000180027720 f i Gaussian.obj
 0001:00026750       ?epsilon@?$numeric_limits@N@std@@SANXZ 0000000180027750 f i Gaussian.obj
 0001:00026780       ?eq@?$char_traits@D@std@@SA_NAEBD0@Z 0000000180027780 f i Gaussian.obj
 0001:000267f0       ?eq_int_type@?$char_traits@D@std@@SA_NAEBH0@Z 00000001800277f0 f i Gaussian.obj
 0001:00026860       ?erase@?$basic_string@DU?$char_traits@D@std@@V?$allocator@D@2@@std@@QEAAAEAV12@_K0@Z 0000000180027860 f i Gaussian.obj
 0001:00026970       ?erase@?$basic_string@DU?$char_traits@D@std@@V?$allocator@D@2@@std@@QEAAAEAV12@_K@Z 0000000180027970 f i Gaussian.obj
 0001:000269e0       ?get_aligned_ea@?$Proxy@V?$Col@N@arma@@@arma@@QEBAAEBV?$Col@N@2@XZ 00000001800279e0 f i Gaussian.obj
 0001:00026a20       ?get_aligned_ea@?$Proxy@V?$Glue@V?$eOp@V?$Col@N@arma@@Veop_scalar_times@2@@arma@@V?$Op@V?$Col@N@arma@@Vop_htrans@2@@2@Vglue_times@2@@arma@@@arma@@QEBAAEBV?$Mat@N@2@XZ 0000000180027a20 f i Gaussian.obj
 0001:00026a60       ?get_aligned_ea@?$Proxy@V?$eOp@V?$Col@N@arma@@Veop_scalar_minus_pre@2@@arma@@@arma@@QEBAAEBV?$eOp@V?$Col@N@arma@@Veop_scalar_minus_pre@2@@2@XZ 0000000180027a60 f i Gaussian.obj
 0001:00026aa0       ?get_aligned_ea@?$Proxy@V?$eOp@V?$Mat@N@arma@@Veop_scalar_times@2@@arma@@@arma@@QEBAAEBV?$eOp@V?$Mat@N@arma@@Veop_scalar_times@2@@2@XZ 0000000180027aa0 f i Gaussian.obj
 0001:00026ae0       ?get_aligned_ea@?$Proxy_diagvec_mat@V?$Op@V?$Mat@N@arma@@Vop_diagvec@2@@arma@@@arma@@QEBAAEBV?$diagview@N@2@XZ 0000000180027ae0 f i Gaussian.obj
 0001:00026b20       ?get_ea@?$Proxy@V?$Col@N@arma@@@arma@@QEBAPEBNXZ 0000000180027b20 f i Gaussian.obj
 0001:00026b70       ?get_ea@?$Proxy@V?$Glue@V?$eOp@V?$Col@N@arma@@Veop_scalar_times@2@@arma@@V?$Op@V?$Col@N@arma@@Vop_htrans@2@@2@Vglue_times@2@@arma@@@arma@@QEBAPEBNXZ 0000000180027b70 f i Gaussian.obj
[...]
 0004:0000324c       $pdata$?dtor$0@?0???0?$basic_string@DU?$char_traits@D@std@@V?$allocator@D@2@@std@@QEAA@AEBV01@@Z@4HA 000000018005324c     Gaussian.obj
 0004:00003258       $pdata$?dtor$0@?0???0?$basic_string@DU?$char_traits@D@std@@V?$allocator@D@2@@std@@QEAA@QEBD@Z@4HA 0000000180053258     Gaussian.obj
 0004:00003264       $pdata$?dtor$0@?0???0?$basic_string@DU?$char_traits@D@std@@V?$allocator@D@2@@std@@QEAA@QEBD_K@Z@4HA 0000000180053264     Gaussian.obj
 0004:00003270       $pdata$?dtor$0@?0???0?$basic_stringbuf@DU?$char_traits@D@std@@V?$allocator@D@2@@std@@QEAA@H@Z@4HA 0000000180053270     Gaussian.obj
 0004:0000327c       $pdata$?dtor$0@?0???0?$basic_stringstream@DU?$char_traits@D@std@@V?$allocator@D@2@@std@@QEAA@H@Z@4HA 000000018005327c     Gaussian.obj
 0004:00003288       $pdata$?dtor$1@?0???0?$basic_stringstream@DU?$char_traits@D@std@@V?$allocator@D@2@@std@@QEAA@H@Z@4HA 0000000180053288     Gaussian.obj
 0004:00003294       $pdata$?dtor$0@?0???0?$eGlue@V?$eOp@V?$Mat@N@arma@@Veop_scalar_times@2@@arma@@V?$Glue@V?$eOp@V?$Col@N@arma@@Veop_scalar_times@2@@arma@@V?$Op@V?$Col@N@arma@@Vop_htrans@2@@2@Vglue_times@2@@2@Veglue_plus@2@@arma@@QEAA@AEBV?$eOp@V?$Mat@N@arma@@Veop_scalar_times@2@@1@AEBV?$Glue@V?$eOp@V?$Col@N@arma@@Veop_scalar_times@2@@arma@@V?$Op@V?$Col@N@arma@@Vop_htrans@2@@2@Vglue_times@2@@1@@Z@4HA 0000000180053294     Gaussian.obj
 0004:000032a0       $pdata$?dtor$0@?0???0?$eOp@V?$Op@V?$Mat@N@arma@@Vop_diagvec@2@@arma@@Veop_log@2@@arma@@QEAA@AEBV?$Op@V?$Mat@N@arma@@Vop_diagvec@2@@1@@Z@4HA 00000001800532a0     Gaussian.obj
 0004:000032ac       $pdata$?dtor$0@?0???0?$quasi_unwrap_default@V?$eOp@V?$Op@V?$Mat@N@arma@@Vop_diagvec@2@@arma@@Veop_log@2@@arma@@@arma@@QEAA@AEBV?$eOp@V?$Op@V?$Mat@N@arma@@Vop_diagvec@2@@arma@@Veop_log@2@@1@@Z@4HA 00000001800532ac     Gaussian.obj
 0004:000032b8       $pdata$?dtor$0@?0???0?$unwrap_check_default@V?$Op@V?$Col@N@arma@@Vop_htrans@2@@arma@@@arma@@QEAA@AEBV?$Op@V?$Col@N@arma@@Vop_htrans@2@@1@AEBV?$Mat@N@1@@Z@4HA 00000001800532b8     Gaussian.obj
 0004:000032c4       $pdata$?dtor$0@?0???0Gaussian@@QEAA@XZ@4HA 00000001800532c4     Gaussian.obj
 0004:000032d0       $pdata$?dtor$0@?0???0sentry@?$basic_ostream@DU?$char_traits@D@std@@@std@@QEAA@AEAV12@@Z@4HA 00000001800532d0     Gaussian.obj
 0004:000032dc       $pdata$?dtor$0@?0???4?$Mat@N@arma@@QEAAAEBV01@AEBV01@@Z@4HA 00000001800532dc     Gaussian.obj
 0004:000032e8       $pdata$?dtor$0@?0??ZZ@Gaussian@@AEAANNNNNV?$Mat@N@arma@@V?$Col@N@3@@Z@4HA 00000001800532e8     Gaussian.obj
 0004:000032f4       $pdata$?dtor$1@?0??ZZ@Gaussian@@AEAANNNNNV?$Mat@N@arma@@V?$Col@N@3@@Z@4HA 00000001800532f4     Gaussian.obj
 0004:00003300       $pdata$?dtor$2@?0??ZZ@Gaussian@@AEAANNNNNV?$Mat@N@arma@@V?$Col@N@3@@Z@4HA 0000000180053300     Gaussian.obj
 0004:0000330c       $pdata$?dtor$3@?0??ZZ@Gaussian@@AEAANNNNNV?$Mat@N@arma@@V?$Col@N@3@@Z@4HA 000000018005330c     Gaussian.obj
 0004:00003318       $pdata$?dtor$4@?0??ZZ@Gaussian@@AEAANNNNNV?$Mat@N@arma@@V?$Col@N@3@@Z@4HA 0000000180053318     Gaussian.obj
 0004:00003324       $pdata$?dtor$5@?0??ZZ@Gaussian@@AEAANNNNNV?$Mat@N@arma@@V?$Col@N@3@@Z@4HA 0000000180053324     Gaussian.obj
 0004:00003330       $pdata$?dtor$6@?0??ZZ@Gaussian@@AEAANNNNNV?$Mat@N@arma@@V?$Col@N@3@@Z@4HA 0000000180053330     Gaussian.obj
 0004:0000333c       $pdata$?dtor$7@?0??ZZ@Gaussian@@AEAANNNNNV?$Mat@N@arma@@V?$Col@N@3@@Z@4HA 000000018005333c     Gaussian.obj
 0004:00003348       $pdata$?dtor$9@?0??ZZ@Gaussian@@AEAANNNNNV?$Mat@N@arma@@V?$Col@N@3@@Z@4HA 0000000180053348     Gaussian.obj
 0004:00003354       $pdata$?dtor$10@?0??ZZ@Gaussian@@AEAANNNNNV?$Mat@N@arma@@V?$Col@N@3@@Z@4HA 0000000180053354     Gaussian.obj
 0004:00003360       $pdata$?dtor$11@?0??ZZ@Gaussian@@AEAANNNNNV?$Mat@N@arma@@V?$Col@N@3@@Z@4HA 0000000180053360     Gaussian.obj
 0004:0000336c       $pdata$?catch$0@?0??_Copy@?$basic_string@DU?$char_traits@D@std@@V?$allocator@D@2@@std@@QEAAX_K@Z@4HA 000000018005336c     Gaussian.obj
 0004:00003378       $pdata$?dtor$0@?0??additem@Gaussian@@QEAAXV?$Col@N@arma@@@Z@4HA 0000000180053378     Gaussian.obj
 0004:00003384       $pdata$?dtor$1@?0??additem@Gaussian@@QEAAXV?$Col@N@arma@@@Z@4HA 0000000180053384     Gaussian.obj
 0004:00003390       $pdata$?dtor$3@?0??additem@Gaussian@@QEAAXV?$Col@N@arma@@@Z@4HA 0000000180053390     Gaussian.obj
 0004:0000339c       $pdata$?dtor$4@?0??additem@Gaussian@@QEAAXV?$Col@N@arma@@@Z@4HA 000000018005339c     Gaussian.obj
 0004:000033a8       $pdata$?dtor$5@?0??additem@Gaussian@@QEAAXV?$Col@N@arma@@@Z@4HA 00000001800533a8     Gaussian.obj
 0004:000033b4       $pdata$?dtor$0@?0??arma_assert_same_size@arma@@YAXIIIIPEBD@Z@4HA 00000001800533b4     Gaussian.obj
 0004:000033c0       $pdata$?dtor$0@?0??arma_incompat_size_string@arma@@YA?AV?$basic_string@DU?$char_traits@D@std@@V?$allocator@D@2@@std@@IIIIPEBD@Z@4HA 00000001800533c0     Gaussian.obj
 0004:000033cc       $pdata$?dtor$0@?0??check_size@?$subview_each_common@V?$Mat@N@arma@@$0A@@arma@@QEBAXAEBV?$Mat@N@2@@Z@4HA 00000001800533cc     Gaussian.obj
 0004:000033d8       $pdata$?dtor$1@?0??check_size@?$subview_each_common@V?$Mat@N@arma@@$0A@@arma@@QEBAXAEBV?$Mat@N@2@@Z@4HA 00000001800533d8     Gaussian.obj
 0004:000033e4       $pdata$?dtor$0@?0??choldowndate@Gaussian@@AEAA?AV?$Mat@N@arma@@V23@V?$Col@N@3@@Z@4HA 00000001800533e4     Gaussian.obj
 0004:000033f0       $pdata$?dtor$1@?0??choldowndate@Gaussian@@AEAA?AV?$Mat@N@arma@@V23@V?$Col@N@3@@Z@4HA 00000001800533f0     Gaussian.obj
 0004:000033fc       $pdata$?dtor$0@?0??cholupdate@Gaussian@@AEAA?AV?$Mat@N@arma@@V23@V?$Col@N@3@@Z@4HA 00000001800533fc     Gaussian.obj
 0004:00003408       $pdata$?dtor$1@?0??cholupdate@Gaussian@@AEAA?AV?$Mat@N@arma@@V23@V?$Col@N@3@@Z@4HA 0000000180053408     Gaussian.obj
 0004:00003414       $pdata$?dtor$0@?0??incompat_size_string@?$subview_each_common@V?$Mat@N@arma@@$0A@@arma@@IEBA?BV?$basic_string@DU?$char_traits@D@std@@V?$allocator@D@2@@std@@AEBV?$Mat@N@2@@Z@4HA 0000000180053414     Gaussian.obj
 0004:00003420       $pdata$?dtor$0@?0??init@Gaussian@@QEAAXNNV?$Mat@N@arma@@NV?$Col@N@3@@Z@4HA 0000000180053420     Gaussian.obj
 0004:0000342c       $pdata$?dtor$1@?0??init@Gaussian@@QEAAXNNV?$Mat@N@arma@@NV?$Col@N@3@@Z@4HA 000000018005342c     Gaussian.obj
 0004:00003438       $pdata$?dtor$2@?0??init@Gaussian@@QEAAXNNV?$Mat@N@arma@@NV?$Col@N@3@@Z@4HA 0000000180053438     Gaussian.obj
 0004:00003444       $pdata$?dtor$3@?0??init@Gaussian@@QEAAXNNV?$Mat@N@arma@@NV?$Col@N@3@@Z@4HA 0000000180053444     Gaussian.obj
 0004:00003450       $pdata$?dtor$4@?0??init@Gaussian@@QEAAXNNV?$Mat@N@arma@@NV?$Col@N@3@@Z@4HA 0000000180053450     Gaussian.obj
 0004:0000345c       $pdata$?dtor$5@?0??init@Gaussian@@QEAAXNNV?$Mat@N@arma@@NV?$Col@N@3@@Z@4HA 000000018005345c     Gaussian.obj
 0004:00003468       $pdata$?dtor$6@?0??init@Gaussian@@QEAAXNNV?$Mat@N@arma@@NV?$Col@N@3@@Z@4HA 0000000180053468     Gaussian.obj
 0004:00003474       $pdata$?dtor$7@?0??init@Gaussian@@QEAAXNNV?$Mat@N@arma@@NV?$Col@N@3@@Z@4HA 0000000180053474     Gaussian.obj
 0004:00003480       $pdata$?dtor$8@?0??init@Gaussian@@QEAAXNNV?$Mat@N@arma@@NV?$Col@N@3@@Z@4HA 0000000180053480     Gaussian.obj
 0004:0000348c       $pdata$?dtor$9@?0??init@Gaussian@@QEAAXNNV?$Mat@N@arma@@NV?$Col@N@3@@Z@4HA 000000018005348c     Gaussian.obj
 0004:00003498       $pdata$?dtor$0@?0??init_cold@?$Mat@N@arma@@IEAAXXZ@4HA 0000000180053498     Gaussian.obj
 0004:000034a4       $pdata$?dtor$0@?0??init_warm@?$Mat@N@arma@@IEAAXII@Z@4HA 00000001800534a4     Gaussian.obj
 0004:000034b0       $pdata$?dtor$0@?0???$?0V?$subview@N@arma@@@?$Col@N@arma@@QEAA@AEBU?$Base@NV?$subview@N@arma@@@1@@Z@4HA 00000001800534b0     GibbsSampler.obj
 0004:000034bc       $pdata$?dtor$0@?0???$?6V?$basic_format@V?$basic_format@V?$basic_format@Vformat@arma_str@arma@@I@arma_str@arma@@I@arma_str@arma@@I@arma_str@arma@@I@arma_str@arma@@YAAEAV?$basic_ostream@DU?$char_traits@D@std@@@std@@AEAV23@AEBV?$basic_format@V?$basic_format@V?$basic_format@V?$basic_format@Vformat@arma_str@arma@@I@arma_str@arma@@I@arma_str@arma@@I@arma_str@arma@@I@01@@Z@4HA 00000001800534bc     GibbsSampler.obj
 0004:000034c8       $pdata$?dtor$0@?0???$?6V?$basic_format@V?$basic_format@Vformat@arma_str@arma@@I@arma_str@arma@@I@arma_str@arma@@I@arma_str@arma@@YAAEAV?$basic_ostream@DU?$char_traits@D@std@@@std@@AEAV23@AEBV?$basic_format@V?$basic_format@V?$basic_format@Vformat@arma_str@arma@@I@arma_str@arma@@I@arma_str@arma@@I@01@@Z@4HA 00000001800534c8     GibbsSampler.obj
 0004:000034d4       $pdata$?dtor$0@?0???$?6Vformat@arma_str@arma@@I@arma_str@arma@@YAAEAV?$basic_ostream@DU?$char_traits@D@std@@@std@@AEAV23@AEBV?$basic_format@Vformat@arma_str@arma@@I@01@@Z@4HA 00000001800534d4     GibbsSampler.obj
 0004:000034e0       $pdata$?dtor$0@?0???$arma_stop_logic_error@PEBD@arma@@YAXAEBQEBD@Z@4HA 00000001800534e0     GibbsSampler.obj
 0004:000034ec       $pdata$?dtor$0@?0???$randi@V?$Row@N@arma@@@arma@@YA?AV?$Row@N@0@IIAEBVdistr_param@0@PEBV10@@Z@4HA 00000001800534ec     GibbsSampler.obj
 0004:000034f8       $pdata$?dtor$0@?0???$str@I@arma_str@arma@@YA?AV?$basic_string@DU?$char_traits@D@std@@V?$allocator@D@2@@std@@AEBV?$basic_format@Vformat@arma_str@arma@@I@01@@Z@4HA 00000001800534f8     GibbsSampler.obj
 0004:00003504       $pdata$?dtor$0@?0???$str@III@arma_str@arma@@YA?AV?$basic_string@DU?$char_traits@D@std@@V?$allocator@D@2@@std@@AEBV?$basic_format@V?$basic_format@V?$basic_format@Vformat@arma_str@arma@@I@arma_str@arma@@I@arma_str@arma@@I@01@@Z@4HA 0000000180053504     GibbsSampler.obj
 0004:00003510       $pdata$?dtor$0@?0???$str@IIII@arma_str@arma@@YA?AV?$basic_string@DU?$char_traits@D@std@@V?$allocator@D@2@@std@@AEBV?$basic_format@V?$basic_format@V?$basic_format@V?$basic_format@Vformat@arma_str@arma@@I@arma_str@arma@@I@arma_str@arma@@I@arma_str@arma@@I@01@@Z@4HA 0000000180053510     GibbsSampler.obj
 0004:0000351c       $pdata$?dtor$0@?0???0?$Col@N@arma@@QEAA@I@Z@4HA 000000018005351c     GibbsSampler.obj
 0004:00003528       $pdata$?dtor$0@?0???0?$Row@N@arma@@QEAA@AEBV01@@Z@4HA 0000000180053528     GibbsSampler.obj
 0004:00003534       $pdata$?dtor$0@?0???0?$Row@N@arma@@QEAA@I@Z@4HA 0000000180053534     GibbsSampler.obj
 0004:00003540       $pdata$?dtor$0@?0???0?$Row@N@arma@@QEAA@II@Z@4HA 0000000180053540     GibbsSampler.obj
 0004:0000354c       $pdata$?dtor$0@?0???0?$Row@N@arma@@QEAA@XZ@4HA 000000018005354c     GibbsSampler.obj
 0004:00003558       $pdata$?dtor$0@?0???0?$mat_injector@V?$Col@N@arma@@@arma@@AEAA@AEAV?$Col@N@1@N@Z@4HA 0000000180053558     GibbsSampler.obj
 0004:00003564       $pdata$?dtor$1@?0???0?$mat_injector@V?$Col@N@arma@@@arma@@AEAA@AEAV?$Col@N@1@N@Z@4HA 0000000180053564     GibbsSampler.obj
 0004:00003570       $pdata$?dtor$2@?0???0?$mat_injector@V?$Col@N@arma@@@arma@@AEAA@AEAV?$Col@N@1@N@Z@4HA 0000000180053570     GibbsSampler.obj
 0004:0000357c       $pdata$?dtor$0@?0???0?$mat_injector@V?$Row@N@arma@@@arma@@AEAA@AEAV?$Row@N@1@N@Z@4HA 000000018005357c     GibbsSampler.obj
 0004:00003588       $pdata$?dtor$1@?0???0?$mat_injector@V?$Row@N@arma@@@arma@@AEAA@AEAV?$Row@N@1@N@Z@4HA 0000000180053588     GibbsSampler.obj
 0004:00003594       $pdata$?dtor$2@?0???0?$mat_injector@V?$Row@N@arma@@@arma@@AEAA@AEAV?$Row@N@1@N@Z@4HA 0000000180053594     GibbsSampler.obj
 0004:000035a0       $pdata$?dtor$0@?0???0?$mat_injector_row@N@arma@@QEAA@XZ@4HA 00000001800535a0     GibbsSampler.obj
 0004:000035ac       $pdata$?dtor$1@?0???0?$mat_injector_row@N@arma@@QEAA@XZ@4HA 00000001800535ac     GibbsSampler.obj
 0004:000035b8       $pdata$?dtor$0@?0???0?$subview_col@N@arma@@IEAA@AEBV?$Mat@N@1@I@Z@4HA 00000001800535b8     GibbsSampler.obj
 0004:000035c4       $pdata$?dtor$0@?0???0GibbsSampler@@QEAA@XZ@4HA 00000001800535c4     GibbsSampler.obj
 0004:000035d0       $pdata$?dtor$1@?0???0GibbsSampler@@QEAA@XZ@4HA 00000001800535d0     GibbsSampler.obj
 0004:000035dc       $pdata$?dtor$2@?0???0GibbsSampler@@QEAA@XZ@4HA 00000001800535dc     GibbsSampler.obj
 0004:000035e8       $pdata$?dtor$3@?0???0GibbsSampler@@QEAA@XZ@4HA 00000001800535e8     GibbsSampler.obj
 0004:000035f4       $pdata$?dtor$4@?0???0GibbsSampler@@QEAA@XZ@4HA 00000001800535f4     GibbsSampler.obj
 0004:00003600       $pdata$?dtor$5@?0???0GibbsSampler@@QEAA@XZ@4HA 0000000180053600     GibbsSampler.obj
 0004:0000360c       $pdata$?dtor$6@?0???0GibbsSampler@@QEAA@XZ@4HA 000000018005360c     GibbsSampler.obj
 0004:00003618       $pdata$?dtor$0@?0???4?$Mat@N@arma@@QEAAAEBV01@AEBV?$subview@N@1@@Z@4HA 0000000180053618     GibbsSampler.obj
 0004:00003624       $pdata$?dtor$0@?0??create_objects@?$field@V?$Mat@N@arma@@@arma@@AEAAXXZ@4HA 0000000180053624     GibbsSampler.obj
 0004:00003630       $pdata$?dtor$1@?0??create_objects@?$field@V?$Mat@N@arma@@@arma@@AEAAXXZ@4HA 0000000180053630     GibbsSampler.obj
 0004:0000363c       $pdata$?dtor$0@?0??create_objects@?$field@V?$Row@N@arma@@@arma@@AEAAXXZ@4HA 000000018005363c     GibbsSampler.obj
 0004:00003648       $pdata$?dtor$1@?0??create_objects@?$field@V?$Row@N@arma@@@arma@@AEAAXXZ@4HA 0000000180053648     GibbsSampler.obj
 0004:00003654       $pdata$?dtor$0@?0??create_objects@?$field@V?$field@VGaussian@@@arma@@@arma@@AEAAXXZ@4HA 0000000180053654     GibbsSampler.obj
 0004:00003660       $pdata$?dtor$1@?0??create_objects@?$field@V?$field@VGaussian@@@arma@@@arma@@AEAAXXZ@4HA 0000000180053660     GibbsSampler.obj
 0004:0000366c       $pdata$?dtor$0@?0??create_objects@?$field@VGaussian@@@arma@@AEAAXXZ@4HA 000000018005366c     GibbsSampler.obj
 0004:00003678       $pdata$?dtor$1@?0??create_objects@?$field@VGaussian@@@arma@@AEAAXXZ@4HA 0000000180053678     GibbsSampler.obj
 0004:00003684       $pdata$?dtor$0@?0??delete_objects@?$field@V?$Mat@N@arma@@@arma@@AEAAXXZ@4HA 0000000180053684     GibbsSampler.obj
 0004:00003690       $pdata$?dtor$0@?0??delete_objects@?$field@V?$Row@N@arma@@@arma@@AEAAXXZ@4HA 0000000180053690     GibbsSampler.obj
 0004:0000369c       $pdata$?dtor$0@?0??delete_objects@?$field@V?$field@VGaussian@@@arma@@@arma@@AEAAXXZ@4HA 000000018005369c     GibbsSampler.obj
 0004:000036a8       $pdata$?dtor$0@?0??delete_objects@?$field@VGaussian@@@arma@@AEAAXXZ@4HA 00000001800536a8     GibbsSampler.obj
 0004:000036b4       $pdata$?dtor$0@?0??extract@?$subview@N@arma@@SAXAEAV?$Mat@N@2@AEBV12@@Z@4HA 00000001800536b4     GibbsSampler.obj
 0004:000036c0       $pdata$?dtor$0@?0??init@?$field@V?$Mat@N@arma@@@arma@@AEAAXIII@Z@4HA 00000001800536c0     GibbsSampler.obj
 0004:000036cc       $pdata$?dtor$0@?0??init@?$field@V?$Row@N@arma@@@arma@@AEAAXIII@Z@4HA 00000001800536cc     GibbsSampler.obj
 0004:000036d8       $pdata$?dtor$0@?0??init@?$field@V?$field@VGaussian@@@arma@@@arma@@AEAAXIII@Z@4HA 00000001800536d8     GibbsSampler.obj
 0004:000036e4       $pdata$?dtor$0@?0??init@?$field@VGaussian@@@arma@@AEAAXIII@Z@4HA 00000001800536e4     GibbsSampler.obj
 0004:000036f0       $pdata$?dtor$0@?0??init@GibbsSampler@@QEAAXNNV?$Row@N@arma@@N0V?$field@V?$Mat@N@arma@@@3@@Z@4HA 00000001800536f0     GibbsSampler.obj
 0004:000036fc       $pdata$?dtor$1@?0??init@GibbsSampler@@QEAAXNNV?$Row@N@arma@@N0V?$field@V?$Mat@N@arma@@@3@@Z@4HA 00000001800536fc     GibbsSampler.obj
 0004:00003708       $pdata$?dtor$2@?0??init@GibbsSampler@@QEAAXNNV?$Row@N@arma@@N0V?$field@V?$Mat@N@arma@@@3@@Z@4HA 0000000180053708     GibbsSampler.obj
 0004:00003714       $pdata$?dtor$3@?0??init@GibbsSampler@@QEAAXNNV?$Row@N@arma@@N0V?$field@V?$Mat@N@arma@@@3@@Z@4HA 0000000180053714     GibbsSampler.obj
 0004:00003720       $pdata$?dtor$4@?0??init@GibbsSampler@@QEAAXNNV?$Row@N@arma@@N0V?$field@V?$Mat@N@arma@@@3@@Z@4HA 0000000180053720     GibbsSampler.obj
 0004:0000372c       $pdata$?dtor$5@?0??init@GibbsSampler@@QEAAXNNV?$Row@N@arma@@N0V?$field@V?$Mat@N@arma@@@3@@Z@4HA 000000018005372c     GibbsSampler.obj
 0004:00003738       $pdata$?dtor$6@?0??init@GibbsSampler@@QEAAXNNV?$Row@N@arma@@N0V?$field@V?$Mat@N@arma@@@3@@Z@4HA 0000000180053738     GibbsSampler.obj
 0004:00003744       $pdata$?dtor$7@?0??init@GibbsSampler@@QEAAXNNV?$Row@N@arma@@N0V?$field@V?$Mat@N@arma@@@3@@Z@4HA 0000000180053744     GibbsSampler.obj
 0004:00003750       $pdata$?dtor$8@?0??init@GibbsSampler@@QEAAXNNV?$Row@N@arma@@N0V?$field@V?$Mat@N@arma@@@3@@Z@4HA 0000000180053750     GibbsSampler.obj
 0004:0000375c       $pdata$?dtor$9@?0??init@GibbsSampler@@QEAAXNNV?$Row@N@arma@@N0V?$field@V?$Mat@N@arma@@@3@@Z@4HA 000000018005375c     GibbsSampler.obj
 0004:00003768       $pdata$?dtor$10@?0??init@GibbsSampler@@QEAAXNNV?$Row@N@arma@@N0V?$field@V?$Mat@N@arma@@@3@@Z@4HA 0000000180053768     GibbsSampler.obj
 0004:00003774       $pdata$?dtor$11@?0??init@GibbsSampler@@QEAAXNNV?$Row@N@arma@@N0V?$field@V?$Mat@N@arma@@@3@@Z@4HA 0000000180053774     GibbsSampler.obj
 0004:00003780       $pdata$?dtor$12@?0??init@GibbsSampler@@QEAAXNNV?$Row@N@arma@@N0V?$field@V?$Mat@N@arma@@@3@@Z@4HA 0000000180053780     GibbsSampler.obj
 0004:0000378c       $pdata$?dtor$13@?0??init@GibbsSampler@@QEAAXNNV?$Row@N@arma@@N0V?$field@V?$Mat@N@arma@@@3@@Z@4HA 000000018005378c     GibbsSampler.obj
 0004:00003798       $pdata$?dtor$14@?0??init@GibbsSampler@@QEAAXNNV?$Row@N@arma@@N0V?$field@V?$Mat@N@arma@@@3@@Z@4HA 0000000180053798     GibbsSampler.obj
 0004:000037a4       $pdata$?dtor$15@?0??init@GibbsSampler@@QEAAXNNV?$Row@N@arma@@N0V?$field@V?$Mat@N@arma@@@3@@Z@4HA 00000001800537a4     GibbsSampler.obj
 0004:000037b0       $pdata$?dtor$16@?0??init@GibbsSampler@@QEAAXNNV?$Row@N@arma@@N0V?$field@V?$Mat@N@arma@@@3@@Z@4HA 00000001800537b0     GibbsSampler.obj
 0004:000037bc       $pdata$?dtor$17@?0??init@GibbsSampler@@QEAAXNNV?$Row@N@arma@@N0V?$field@V?$Mat@N@arma@@@3@@Z@4HA 00000001800537bc     GibbsSampler.obj
 0004:000037c8       $pdata$?dtor$18@?0??init@GibbsSampler@@QEAAXNNV?$Row@N@arma@@N0V?$field@V?$Mat@N@arma@@@3@@Z@4HA 00000001800537c8     GibbsSampler.obj
 0004:000037d4       $pdata$?dtor$19@?0??init@GibbsSampler@@QEAAXNNV?$Row@N@arma@@N0V?$field@V?$Mat@N@arma@@@3@@Z@4HA 00000001800537d4     GibbsSampler.obj
 0004:000037e0       $pdata$?dtor$20@?0??init@GibbsSampler@@QEAAXNNV?$Row@N@arma@@N0V?$field@V?$Mat@N@arma@@@3@@Z@4HA 00000001800537e0     GibbsSampler.obj
 0004:000037ec       $pdata$?dtor$21@?0??init@GibbsSampler@@QEAAXNNV?$Row@N@arma@@N0V?$field@V?$Mat@N@arma@@@3@@Z@4HA 00000001800537ec     GibbsSampler.obj
 0004:000037f8       $pdata$?dtor$0@?0???$?6V?$basic_format@Vformat@arma_str@arma@@PEAV?$field@V?$Mat@N@arma@@@3@@arma_str@arma@@PEBV?$field@V?$Mat@N@arma@@@2@@arma_str@arma@@YAAEAV?$basic_ostream@DU?$char_traits@D@std@@@std@@AEAV23@AEBV?$basic_format@V?$basic_format@Vformat@arma_str@arma@@PEAV?$field@V?$Mat@N@arma@@@3@@arma_str@arma@@PEBV?$field@V?$Mat@N@arma@@@3@@01@@Z@4HA 00000001800537f8     nCRP-Gibbs-Sampler.obj
 0004:00003804       $pdata$?dtor$0@?0???$str@PEAV?$field@V?$Mat@N@arma@@@arma@@PEBV12@@arma_str@arma@@YA?AV?$basic_string@DU?$char_traits@D@std@@V?$allocator@D@2@@std@@AEBV?$basic_format@V?$basic_format@Vformat@arma_str@arma@@PEAV?$field@V?$Mat@N@arma@@@3@@arma_str@arma@@PEBV?$field@V?$Mat@N@arma@@@3@@01@@Z@4HA 0000000180053804     nCRP-Gibbs-Sampler.obj
 0004:00003810       $pdata$?dtor$0@?0???0?$field@V?$Mat@N@arma@@@arma@@QEAA@AEBV01@@Z@4HA 0000000180053810     nCRP-Gibbs-Sampler.obj
 0004:0000381c       $pdata$?filt$0@?0??DebuggerProbe@@YAHK@Z@4HA 000000018005381c     MSVCRTD:_error_.obj
 0004:00003828       $pdata$?filt$0@?0??DebuggerRuntime@@YAHKHPEAXPEB_W@Z@4HA 0000000180053828     MSVCRTD:_error_.obj
 0004:00003834       $pdata$?fin$0@?0??dllmain_crt_process_attach@@YAHQEAUHINSTANCE__@@QEAX@Z@4HA 0000000180053834     MSVCRTD:dll_dllmain.obj
 0004:00003840       $pdata$?fin$0@?0??dllmain_crt_process_detach@@YAH_N@Z@4HA 0000000180053840     MSVCRTD:dll_dllmain.obj
 0004:0000384c       $pdata$?filt$0@?0??dllmain_dispatch@@YAHQEAUHINSTANCE__@@KQEAX@Z@4HA 000000018005384c     MSVCRTD:dll_dllmain.obj
 0004:00003858       $pdata$__scrt_is_nonwritable_in_current_image$filt$0 0000000180053858     MSVCRTD:utility.obj
 0004:00003864       $pdata$?catch$0@?0???2@YAPEAX_KAEBUnothrow_t@std@@@Z@4HA 0000000180053864     MSVCRTD:new_scalar_nothrow.obj
